Archive member included to satisfy reference by file (symbol)

C:/ST/STM32CubeIDE_2.0.0/STM32CubeIDE/plugins/com.st.stm32cube.ide.mcu.externaltools.gnu-tools-for-stm32.13.3.rel1.win32_1.0.100.202509120712/tools/bin/../lib/gcc/arm-none-eabi/13.3.1/../../../../arm-none-eabi/lib/thumb/v7e-m+dp/hard\libc_nano.a(libc_a-exit.o)
                              C:/ST/STM32CubeIDE_2.0.0/STM32CubeIDE/plugins/com.st.stm32cube.ide.mcu.externaltools.gnu-tools-for-stm32.13.3.rel1.win32_1.0.100.202509120712/tools/bin/../lib/gcc/arm-none-eabi/13.3.1/../../../../arm-none-eabi/lib/thumb/v7e-m+dp/hard/crt0.o (exit)
C:/ST/STM32CubeIDE_2.0.0/STM32CubeIDE/plugins/com.st.stm32cube.ide.mcu.externaltools.gnu-tools-for-stm32.13.3.rel1.win32_1.0.100.202509120712/tools/bin/../lib/gcc/arm-none-eabi/13.3.1/../../../../arm-none-eabi/lib/thumb/v7e-m+dp/hard\libc_nano.a(libc_a-findfp.o)
                              C:/ST/STM32CubeIDE_2.0.0/STM32CubeIDE/plugins/com.st.stm32cube.ide.mcu.externaltools.gnu-tools-for-stm32.13.3.rel1.win32_1.0.100.202509120712/tools/bin/../lib/gcc/arm-none-eabi/13.3.1/../../../../arm-none-eabi/lib/thumb/v7e-m+dp/hard\libc_nano.a(libc_a-exit.o) (__stdio_exit_handler)
C:/ST/STM32CubeIDE_2.0.0/STM32CubeIDE/plugins/com.st.stm32cube.ide.mcu.externaltools.gnu-tools-for-stm32.13.3.rel1.win32_1.0.100.202509120712/tools/bin/../lib/gcc/arm-none-eabi/13.3.1/../../../../arm-none-eabi/lib/thumb/v7e-m+dp/hard\libc_nano.a(libc_a-fwalk.o)
                              C:/ST/STM32CubeIDE_2.0.0/STM32CubeIDE/plugins/com.st.stm32cube.ide.mcu.externaltools.gnu-tools-for-stm32.13.3.rel1.win32_1.0.100.202509120712/tools/bin/../lib/gcc/arm-none-eabi/13.3.1/../../../../arm-none-eabi/lib/thumb/v7e-m+dp/hard\libc_nano.a(libc_a-findfp.o) (_fwalk_sglue)
C:/ST/STM32CubeIDE_2.0.0/STM32CubeIDE/plugins/com.st.stm32cube.ide.mcu.externaltools.gnu-tools-for-stm32.13.3.rel1.win32_1.0.100.202509120712/tools/bin/../lib/gcc/arm-none-eabi/13.3.1/../../../../arm-none-eabi/lib/thumb/v7e-m+dp/hard\libc_nano.a(libc_a-snprintf.o)
                              ./MQTT/MQTTPacket/MQTTFormat.o (snprintf)
C:/ST/STM32CubeIDE_2.0.0/STM32CubeIDE/plugins/com.st.stm32cube.ide.mcu.externaltools.gnu-tools-for-stm32.13.3.rel1.win32_1.0.100.202509120712/tools/bin/../lib/gcc/arm-none-eabi/13.3.1/../../../../arm-none-eabi/lib/thumb/v7e-m+dp/hard\libc_nano.a(libc_a-sprintf.o)
                              ./Core/Src/main.o (sprintf)
C:/ST/STM32CubeIDE_2.0.0/STM32CubeIDE/plugins/com.st.stm32cube.ide.mcu.externaltools.gnu-tools-for-stm32.13.3.rel1.win32_1.0.100.202509120712/tools/bin/../lib/gcc/arm-none-eabi/13.3.1/../../../../arm-none-eabi/lib/thumb/v7e-m+dp/hard\libc_nano.a(libc_a-stdio.o)
                              C:/ST/STM32CubeIDE_2.0.0/STM32CubeIDE/plugins/com.st.stm32cube.ide.mcu.externaltools.gnu-tools-for-stm32.13.3.rel1.win32_1.0.100.202509120712/tools/bin/../lib/gcc/arm-none-eabi/13.3.1/../../../../arm-none-eabi/lib/thumb/v7e-m+dp/hard\libc_nano.a(libc_a-findfp.o) (__sread)
C:/ST/STM32CubeIDE_2.0.0/STM32CubeIDE/plugins/com.st.stm32cube.ide.mcu.externaltools.gnu-tools-for-stm32.13.3.rel1.win32_1.0.100.202509120712/tools/bin/../lib/gcc/arm-none-eabi/13.3.1/../../../../arm-none-eabi/lib/thumb/v7e-m+dp/hard\libc_nano.a(libc_a-memcmp.o)
                              ./MQTT/MQTTPacket/MQTTConnectServer.o (memcmp)
C:/ST/STM32CubeIDE_2.0.0/STM32CubeIDE/plugins/com.st.stm32cube.ide.mcu.externaltools.gnu-tools-for-stm32.13.3.rel1.win32_1.0.100.202509120712/tools/bin/../lib/gcc/arm-none-eabi/13.3.1/../../../../arm-none-eabi/lib/thumb/v7e-m+dp/hard\libc_nano.a(libc_a-memset.o)
                              C:/ST/STM32CubeIDE_2.0.0/STM32CubeIDE/plugins/com.st.stm32cube.ide.mcu.externaltools.gnu-tools-for-stm32.13.3.rel1.win32_1.0.100.202509120712/tools/bin/../lib/gcc/arm-none-eabi/13.3.1/../../../../arm-none-eabi/lib/thumb/v7e-m+dp/hard/crt0.o (memset)
C:/ST/STM32CubeIDE_2.0.0/STM32CubeIDE/plugins/com.st.stm32cube.ide.mcu.externaltools.gnu-tools-for-stm32.13.3.rel1.win32_1.0.100.202509120712/tools/bin/../lib/gcc/arm-none-eabi/13.3.1/../../../../arm-none-eabi/lib/thumb/v7e-m+dp/hard\libc_nano.a(libc_a-strchr.o)
                              ./Core/Src/Ethernet/dns.o (strchr)
C:/ST/STM32CubeIDE_2.0.0/STM32CubeIDE/plugins/com.st.stm32cube.ide.mcu.externaltools.gnu-tools-for-stm32.13.3.rel1.win32_1.0.100.202509120712/tools/bin/../lib/gcc/arm-none-eabi/13.3.1/../../../../arm-none-eabi/lib/thumb/v7e-m+dp/hard\libc_nano.a(libc_a-strncmp.o)
                              ./MQTT/MQTTPacket/MQTTPacket.o (strncmp)
C:/ST/STM32CubeIDE_2.0.0/STM32CubeIDE/plugins/com.st.stm32cube.ide.mcu.externaltools.gnu-tools-for-stm32.13.3.rel1.win32_1.0.100.202509120712/tools/bin/../lib/gcc/arm-none-eabi/13.3.1/../../../../arm-none-eabi/lib/thumb/v7e-m+dp/hard\libc_nano.a(libc_a-strncpy.o)
                              ./Core/Src/Ethernet/dns.o (strncpy)
[...]
Memory Configuration

Name             Origin             Length             Attributes
ITCMRAM          0x00000000         0x00010000         xrw
DTCMRAM          0x20000000         0x00020000         xrw
FLASH            0x08000000         0x00100000         xr
RAM_D1           0x24000000         0x00050000         xrw
RAM_D2           0x30000000         0x00008000         xrw
RAM_D3           0x38000000         0x00004000         xrw
*default*        0x00000000         0xffffffff

Linker script and memory map

LOAD C:/ST/STM32CubeIDE_2.0.0/STM32CubeIDE/plugins/com.st.stm32cube.ide.mcu.externaltools.gnu-tools-for-stm32.13.3.rel1.win32_1.0.100.202509120712/tools/bin/../lib/gcc/arm-none-eabi/13.3.1/thumb/v7e-m+dp/hard/crti.o
LOAD C:/ST/STM32CubeIDE_2.0.0/STM32CubeIDE/plugins/com.st.stm32cube.ide.mcu.externaltools.gnu-tools-for-stm32.13.3.rel1.win32_1.0.100.202509120712/tools/bin/../lib/gcc/arm-none-eabi/13.3.1/thumb/v7e-m+dp/hard/crtbegin.o
LOAD C:/ST/STM32CubeIDE_2.0.0/STM32CubeIDE/plugins/com.st.stm32cube.ide.mcu.externaltools.gnu-tools-for-stm32.13.3.rel1.win32_1.0.100.202509120712/tools/bin/../lib/gcc/arm-none-eabi/13.3.1/../../../../arm-none-eabi/lib/thumb/v7e-m+dp/hard/crt0.o
LOAD ./Core/Src/Ethernet/dhcp.o
LOAD ./Core/Src/Ethernet/dns.o
LOAD ./Core/Src/Ethernet/socket.o
LOAD ./Core/Src/Ethernet/w5500.o
LOAD ./Core/Src/Ethernet/wizchip_conf.o
LOAD ./Core/Src/W5500_MQTT.o
LOAD ./Core/Src/main.o
LOAD ./Core/Src/stm32h7xx_hal_msp.o
LOAD ./Core/Src/stm32h7xx_it.o
LOAD ./Core/Src/syscalls.o
LOAD ./Core/Src/sysmem.o
LOAD ./Core/Src/system_stm32h7xx.o
LOAD ./Core/Startup/startup_stm32h723zgtx.o
LOAD ./Drivers/STM32H7xx_HAL_Driver/Src/stm32h7xx_hal.o
LOAD ./Drivers/STM32H7xx_HAL_Driver/Src/stm32h7xx_hal_cortex.o
LOAD ./Drivers/STM32H7xx_HAL_Driver/Src/stm32h7xx_hal_dma.o
LOAD ./Drivers/STM32H7xx_HAL_Driver/Src/stm32h7xx_hal_dma_ex.o
LOAD ./Drivers/STM32H7xx_HAL_Driver/Src/stm32h7xx_hal_exti.o
LOAD ./Drivers/STM32H7xx_HAL_Driver/Src/stm32h7xx_hal_flash.o
LOAD ./Drivers/STM32H7xx_HAL_Driver/Src/stm32h7xx_hal_flash_ex.o
LOAD ./Drivers/STM32H7xx_HAL_Driver/Src/stm32h7xx_hal_gpio.o
LOAD ./Drivers/STM32H7xx_HAL_Driver/Src/stm32h7xx_hal_hsem.o
LOAD ./Drivers/STM32H7xx_HAL_Driver/Src/stm32h7xx_hal_i2c.o
LOAD ./Drivers/STM32H7xx_HAL_Driver/Src/stm32h7xx_hal_i2c_ex.o
LOAD ./Drivers/STM32H7xx_HAL_Driver/Src/stm32h7xx_hal_mdma.o
LOAD ./Drivers/STM32H7xx_HAL_Driver/Src/stm32h7xx_hal_pwr.o
LOAD ./Drivers/STM32H7xx_HAL_Driver/Src/stm32h7xx_hal_pwr_ex.o
LOAD ./Drivers/STM32H7xx_HAL_Driver/Src/stm32h7xx_hal_rcc.o
LOAD ./Drivers/STM32H7xx_HAL_Driver/Src/stm32h7xx_hal_rcc_ex.o
LOAD ./Drivers/STM32H7xx_HAL_Driver/Src/stm32h7xx_hal_spi.o
LOAD ./Drivers/STM32H7xx_HAL_Driver/Src/stm32h7xx_hal_spi_ex.o
LOAD ./Drivers/STM32H7xx_HAL_Driver/Src/stm32h7xx_hal_tim.o
LOAD ./Drivers/STM32H7xx_HAL_Driver/Src/stm32h7xx_hal_tim_ex.o
LOAD ./Drivers/STM32H7xx_HAL_Driver/Src/stm32h7xx_hal_uart.o
LOAD ./Drivers/STM32H7xx_HAL_Driver/Src/stm32h7xx_hal_uart_ex.o
LOAD ./MQTT/MQTTClient-C/MQTTClient.o
LOAD ./MQTT/MQTTPacket/MQTTConnectClient.o
LOAD ./MQTT/MQTTPacket/MQTTConnectServer.o
LOAD ./MQTT/MQTTPacket/MQTTDeserializePublish.o
LOAD ./MQTT/MQTTPacket/MQTTFormat.o
LOAD ./MQTT/MQTTPacket/MQTTPacket.o
LOAD ./MQTT/MQTTPacket/MQTTSerializePublish.o
LOAD ./MQTT/MQTTPacket/MQTTSubscribeClient.o
LOAD ./MQTT/MQTTPacket/MQTTSubscribeServer.o
LOAD ./MQTT/MQTTPacket/MQTTUnsubscribeClient.o
LOAD ./MQTT/MQTTPacket/MQTTUnsubscribeServer.o
START GROUP
LOAD C:/ST/STM32CubeIDE_2.0.0/STM32CubeIDE/plugins/com.st.stm32cube.ide.mcu.externaltools.gnu-tools-for-stm32.13.3.rel1.win32_1.0.100.202509120712/tools/bin/../lib/gcc/arm-none-eabi/13.3.1/../../../../arm-none-eabi/lib/thumb/v7e-m+dp/hard\libc_nano.a
LOAD C:/ST/STM32CubeIDE_2.0.0/STM32CubeIDE/plugins/com.st.stm32cube.ide.mcu.externaltools.gnu-tools-for-stm32.13.3.rel1.win32_1.0.100.202509120712/tools/bin/../lib/gcc/arm-none-eabi/13.3.1/../../../../arm-none-eabi/lib/thumb/v7e-m+dp/hard\libm.a
END GROUP
START GROUP
LOAD C:/ST/STM32CubeIDE_2.0.0/STM32CubeIDE/plugins/com.st.stm32cube.ide.mcu.externaltools.gnu-tools-for-stm32.13.3.rel1.win32_1.0.100.202509120712/tools/bin/../lib/gcc/arm-none-eabi/13.3.1/thumb/v7e-m+dp/hard\libgcc.a
LOAD C:/ST/STM32CubeIDE_2.0.0/STM32CubeIDE/plugins/com.st.stm32cube.ide.mcu.externaltools.gnu-tools-for-stm32.13.3.rel1.win32_1.0.100.202509120712/tools/bin/../lib/gcc/arm-none-eabi/13.3.1/../../../../arm-none-eabi/lib/thumb/v7e-m+dp/hard\libc_nano.a
END GROUP
START GROUP
LOAD C:/ST/STM32CubeIDE_2.0.0/STM32CubeIDE/plugins/com.st.stm32cube.ide.mcu.externaltools.gnu-tools-for-stm32.13.3.rel1.win32_1.0.100.202509120712/tools/bin/../lib/gcc/arm-none-eabi/13.3.1/thumb/v7e-m+dp/hard\libgcc.a
LOAD C:/ST/STM32CubeIDE_2.0.0/STM32CubeIDE/plugins/com.st.stm32cube.ide.mcu.externaltools.gnu-tools-for-stm32.13.3.rel1.win32_1.0.100.202509120712/tools/bin/../lib/gcc/arm-none-eabi/13.3.1/../../../../arm-none-eabi/lib/thumb/v7e-m+dp/hard\libc_nano.a
LOAD C:/ST/STM32CubeIDE_2.0.0/STM32CubeIDE/plugins/com.st.stm32cube.ide.mcu.externaltools.gnu-tools-for-stm32.13.3.rel1.win32_1.0.100.202509120712/tools/bin/../lib/gcc/arm-none-eabi/13.3.1/../../../../arm-none-eabi/lib/thumb/v7e-m+dp/hard\libnosys.a
END GROUP
START GROUP
LOAD C:/ST/STM32CubeIDE_2.0.0/STM32CubeIDE/plugins/com.st.stm32cube.ide.mcu.externaltools.gnu-tools-for-stm32.13.3.rel1.win32_1.0.100.202509120712/tools/bin/../lib/gcc/arm-none-eabi/13.3.1/thumb/v7e-m+dp/hard\libgcc.a
LOAD C:/ST/STM32CubeIDE_2.0.0/STM32CubeIDE/plugins/com.st.stm32cube.ide.mcu.externaltools.gnu-tools-for-stm32.13.3.rel1.win32_1.0.100.202509120712/tools/bin/../lib/gcc/arm-none-eabi/13.3.1/../../../../arm-none-eabi/lib/thumb/v7e-m+dp/hard\libc_nano.a
LOAD C:/ST/STM32CubeIDE_2.0.0/STM32CubeIDE/plugins/com.st.stm32cube.ide.mcu.externaltools.gnu-tools-for-stm32.13.3.rel1.win32_1.0.100.202509120712/tools/bin/../lib/gcc/arm-none-eabi/13.3.1/../../../../arm-none-eabi/lib/thumb/v7e-m+dp/hard\libnosys.a
END GROUP
LOAD C:/ST/STM32CubeIDE_2.0.0/STM32CubeIDE/plugins/com.st.stm32cube.ide.mcu.externaltools.gnu-tools-for-stm32.13.3.rel1.win32_1.0.100.202509120712/tools/bin/../lib/gcc/arm-none-eabi/13.3.1/thumb/v7e-m+dp/hard/crtend.o
LOAD C:/ST/STM32CubeIDE_2.0.0/STM32CubeIDE/plugins/com.st.stm32cube.ide.mcu.externaltools.gnu-tools-for-stm32.13.3.rel1.win32_1.0.100.202509120712/tools/bin/../lib/gcc/arm-none-eabi/13.3.1/thumb/v7e-m+dp/hard/crtn.o
                0x24050000                        _estack = (ORIGIN (RAM_D1) + LENGTH (RAM_D1))
                0x00000200                        _Min_Heap_Size = 0x200
                0x00000400                        _Min_Stack_Size = 0x400

.isr_vector     0x08000000      0x2cc
                0x08000000                        . = ALIGN (0x4)
 *(.isr_vector)
 .isr_vector    0x08000000      0x2cc ./Core/Startup/startup_stm32h723zgtx.o
                0x08000000                g_pfnVectors
                0x080002cc                        . = ALIGN (0x4)

.text           0x080002d0     0xcf3c
                0x080002d0                        . = ALIGN (0x4)
 *(.text)
 .text          0x080002d0       0x40 C:/ST/STM32CubeIDE_2.0.0/STM32CubeIDE/plugins/com.st.stm32cube.ide.mcu.externaltools.gnu-tools-for-stm32.13.3.rel1.win32_1.0.100.202509120712/tools/bin/../lib/gcc/arm-none-eabi/13.3.1/thumb/v7e-m+dp/hard/crtbegin.o
 .text          0x08000310       0x10 C:/ST/STM32CubeIDE_2.0.0/STM32CubeIDE/plugins/com.st.stm32cube.ide.mcu.externaltools.gnu-tools-for-stm32.13.3.rel1.win32_1.0.100.202509120712/tools/bin/../lib/gcc/arm-none-eabi/13.3.1/../../../../arm-none-eabi/lib/thumb/v7e-m+dp/hard\libc_nano.a(libc_a-strlen.o)
                0x08000310                strlen
 .text          0x08000320       0xa0 C:/ST/STM32CubeIDE_2.0.0/STM32CubeIDE/plugins/com.st.stm32cube.ide.mcu.externaltools.gnu-tools-for-stm32.13.3.rel1.win32_1.0.100.202509120712/tools/bin/../lib/gcc/arm-none-eabi/13.3.1/../../../../arm-none-eabi/lib/thumb/v7e-m+dp/hard\libc_nano.a(libc_a-memchr.o)
                0x08000320                memchr
 .text          0x080003c0       0x30 C:/ST/STM32CubeIDE_2.0.0/STM32CubeIDE/plugins/com.st.stm32cube.ide.mcu.externaltools.gnu-tools-for-stm32.13.3.rel1.win32_1.0.100.202509120712/tools/bin/../lib/gcc/arm-none-eabi/13.3.1/thumb/v7e-m+dp/hard\libgcc.a(_aeabi_uldivmod.o)
                0x080003c0                __aeabi_uldivmod
 .text          0x080003f0      0x2f8 C:/ST/STM32CubeIDE_2.0.0/STM32CubeIDE/plugins/com.st.stm32cube.ide.mcu.externaltools.gnu-tools-for-stm32.13.3.rel1.win32_1.0.100.202509120712/tools/bin/../lib/gcc/arm-none-eabi/13.3.1/thumb/v7e-m+dp/hard\libgcc.a(_udivmoddi4.o)
                0x080003f0                __udivmoddi4
 .text          0x080006e8        0x4 C:/ST/STM32CubeIDE_2.0.0/STM32CubeIDE/plugins/com.st.stm32cube.ide.mcu.externaltools.gnu-tools-for-stm32.13.3.rel1.win32_1.0.100.202509120712/tools/bin/../lib/gcc/arm-none-eabi/13.3.1/thumb/v7e-m+dp/hard\libgcc.a(_dvmd_tls.o)
                0x080006e8                __aeabi_idiv0
                0x080006e8                __aeabi_ldiv0
 *(.text*)
 .text.default_ip_assign
                0x080006ec       0x38 ./Core/Src/Ethernet/dhcp.o
                0x080006ec                default_ip_assign
 .text.default_ip_update
                0x08000724       0x2c ./Core/Src/Ethernet/dhcp.o
                0x08000724                default_ip_update
 .text.default_ip_conflict
                0x08000750       0x28 ./Core/Src/Ethernet/dhcp.o
                0x08000750                default_ip_conflict
 .text.reg_dhcp_cbfunc
                0x08000778       0x68 ./Core/Src/Ethernet/dhcp.o
                0x08000778                reg_dhcp_cbfunc
 .text.makeDHCPMSG
                0x080007e0      0x1ec ./Core/Src/Ethernet/dhcp.o
                0x080007e0                makeDHCPMSG
 .text.send_DHCP_DISCOVER
                0x080009cc      0x38c ./Core/Src/Ethernet/dhcp.o
                0x080009cc                send_DHCP_DISCOVER
 .text.send_DHCP_REQUEST
                0x08000d58      0x514 ./Core/Src/Ethernet/dhcp.o
                0x08000d58                send_DHCP_REQUEST
 .text.send_DHCP_DECLINE
                0x0800126c      0x2a4 ./Core/Src/Ethernet/dhcp.o
                0x0800126c                send_DHCP_DECLINE
 .text.parseDHCPMSG
                0x08001510      0x43c ./Core/Src/Ethernet/dhcp.o
                0x08001510                parseDHCPMSG
 .text.DHCP_run
                0x0800194c      0x234 ./Core/Src/Ethernet/dhcp.o
                0x0800194c                DHCP_run
 .text.check_DHCP_timeout
                0x08001b80       0xc0 ./Core/Src/Ethernet/dhcp.o
                0x08001b80                check_DHCP_timeout
 .text.check_DHCP_leasedIP
                0x08001c40       0x7c ./Core/Src/Ethernet/dhcp.o
                0x08001c40                check_DHCP_leasedIP
 .text.DHCP_init
                0x08001cbc      0x128 ./Core/Src/Ethernet/dhcp.o
                0x08001cbc                DHCP_init
 .text.reset_DHCP_timeout
                0x08001de4       0x2c ./Core/Src/Ethernet/dhcp.o
                0x08001de4                reset_DHCP_timeout
 .text.DHCP_time_handler
                0x08001e10       0x1c ./Core/Src/Ethernet/dhcp.o
                0x08001e10                DHCP_time_handler
 .text.getIPfromDHCP
                0x08001e2c       0x40 ./Core/Src/Ethernet/dhcp.o
                0x08001e2c                getIPfromDHCP
 .text.getGWfromDHCP
                0x08001e6c       0x40 ./Core/Src/Ethernet/dhcp.o
                0x08001e6c                getGWfromDHCP
 .text.getSNfromDHCP
                0x08001eac       0x40 ./Core/Src/Ethernet/dhcp.o
                0x08001eac                getSNfromDHCP
 .text.getDNSfromDHCP
                0x08001eec       0x40 ./Core/Src/Ethernet/dhcp.o
                0x08001eec                getDNSfromDHCP
 .text.NibbleToHex
                0x08001f2c       0x32 ./Core/Src/Ethernet/dhcp.o
                0x08001f2c                NibbleToHex
 .text.get16    0x08001f5e       0x2e ./Core/Src/Ethernet/dns.o
                0x08001f5e                get16
 .text.put16    0x08001f8c       0x36 ./Core/Src/Ethernet/dns.o
                0x08001f8c                put16
 .text.parse_name
                0x08001fc2      0x10e ./Core/Src/Ethernet/dns.o
                0x08001fc2                parse_name
 .text.dns_question
                0x080020d0       0x4a ./Core/Src/Ethernet/dns.o
                0x080020d0                dns_question
 .text.dns_answer
                0x0800211a      0x228 ./Core/Src/Ethernet/dns.o
                0x0800211a                dns_answer
 .text.parseDNSMSG
                0x08002342      0x18e ./Core/Src/Ethernet/dns.o
                0x08002342                parseDNSMSG
 .text.dns_makequery
                0x080024d0      0x180 ./Core/Src/Ethernet/dns.o
                0x080024d0                dns_makequery
 .text.check_DNS_timeout
                0x08002650       0x4c ./Core/Src/Ethernet/dns.o
                0x08002650                check_DNS_timeout
 .text.DNS_init
                0x0800269c       0x38 ./Core/Src/Ethernet/dns.o
                0x0800269c                DNS_init
 .text.DNS_run  0x080026d4      0x10c ./Core/Src/Ethernet/dns.o
                0x080026d4                DNS_run
 .text.DNS_time_handler
                0x080027e0       0x1c ./Core/Src/Ethernet/dns.o
                0x080027e0                DNS_time_handler
 .text.socket   0x080027fc      0x268 ./Core/Src/Ethernet/socket.o
                0x080027fc                socket
 .text.close    0x08002a64       0xdc ./Core/Src/Ethernet/socket.o
                0x08002a64                close
 .text.connect_W5x00
                0x08002b40       0x26 ./Core/Src/Ethernet/socket.o
                0x08002b40                connect_W5x00
 *fill*         0x08002b66        0x2 
 .text.connect_IO_6
                0x08002b68      0x1e4 ./Core/Src/Ethernet/socket.o
 .text.disconnect
                0x08002d4c      0x104 ./Core/Src/Ethernet/socket.o
                0x08002d4c                disconnect
 .text.send     0x08002e50      0x2a8 ./Core/Src/Ethernet/socket.o
                0x08002e50                send
 .text.recv     0x080030f8      0x164 ./Core/Src/Ethernet/socket.o
                0x080030f8                recv
 .text.sendto_W5x00
                0x0800325c       0x30 ./Core/Src/Ethernet/socket.o
                0x0800325c                sendto_W5x00
 .text.sendto_IO_6
                0x0800328c      0x328 ./Core/Src/Ethernet/socket.o
 .text.recvfrom_W5x00
                0x080035b4       0x3a ./Core/Src/Ethernet/socket.o
                0x080035b4                recvfrom_W5x00
 *fill*         0x080035ee        0x2 
 .text.recvfrom_IO_6
                0x080035f0      0x420 ./Core/Src/Ethernet/socket.o
 .text.WIZCHIP_READ
                0x08003a10       0x98 ./Core/Src/Ethernet/w5500.o
                0x08003a10                WIZCHIP_READ
 .text.WIZCHIP_WRITE
                0x08003aa8       0x9c ./Core/Src/Ethernet/w5500.o
                0x08003aa8                WIZCHIP_WRITE
 .text.WIZCHIP_READ_BUF
                0x08003b44       0xc0 ./Core/Src/Ethernet/w5500.o
                0x08003b44                WIZCHIP_READ_BUF
 .text.WIZCHIP_WRITE_BUF
                0x08003c04       0xc0 ./Core/Src/Ethernet/w5500.o
                0x08003c04                WIZCHIP_WRITE_BUF
 .text.getSn_TX_FSR
                0x08003cc4       0x92 ./Core/Src/Ethernet/w5500.o
                0x08003cc4                getSn_TX_FSR
 .text.getSn_RX_RSR
                0x08003d56       0x92 ./Core/Src/Ethernet/w5500.o
                0x08003d56                getSn_RX_RSR
 .text.wiz_send_data
                0x08003de8       0xb4 ./Core/Src/Ethernet/w5500.o
                0x08003de8                wiz_send_data
 .text.wiz_recv_data
                0x08003e9c       0xb4 ./Core/Src/Ethernet/w5500.o
                0x08003e9c                wiz_recv_data
 .text.wiz_recv_ignore
                0x08003f50       0x8c ./Core/Src/Ethernet/w5500.o
                0x08003f50                wiz_recv_ignore
 .text.wizchip_cris_enter
                0x08003fdc        0xe ./Core/Src/Ethernet/wizchip_conf.o
                0x08003fdc                wizchip_cris_enter
 .text.wizchip_cris_exit
                0x08003fea        0xe ./Core/Src/Ethernet/wizchip_conf.o
                0x08003fea                wizchip_cris_exit
 .text.wizchip_cs_select
                0x08003ff8        0xe ./Core/Src/Ethernet/wizchip_conf.o
                0x08003ff8                wizchip_cs_select
 .text.wizchip_cs_deselect
                0x08004006        0xe ./Core/Src/Ethernet/wizchip_conf.o
                0x08004006                wizchip_cs_deselect
 .text.wizchip_bus_readdata
                0x08004014       0x1a ./Core/Src/Ethernet/wizchip_conf.o
                0x08004014                wizchip_bus_readdata
 .text.wizchip_bus_writedata
                0x0800402e       0x1e ./Core/Src/Ethernet/wizchip_conf.o
                0x0800402e                wizchip_bus_writedata
 .text.wizchip_spi_readbyte
                0x0800404c       0x10 ./Core/Src/Ethernet/wizchip_conf.o
                0x0800404c                wizchip_spi_readbyte
 .text.wizchip_spi_writebyte
                0x0800405c       0x16 ./Core/Src/Ethernet/wizchip_conf.o
                0x0800405c                wizchip_spi_writebyte
 *fill*         0x08004072        0x2 
 .text.wizchip_spi_readburst
                0x08004074       0x40 ./Core/Src/Ethernet/wizchip_conf.o
                0x08004074                wizchip_spi_readburst
 .text.wizchip_spi_writeburst
                0x080040b4       0x40 ./Core/Src/Ethernet/wizchip_conf.o
                0x080040b4                wizchip_spi_writeburst
 .text.reg_wizchip_cs_cbfunc
                0x080040f4       0x4c ./Core/Src/Ethernet/wizchip_conf.o
                0x080040f4                reg_wizchip_cs_cbfunc
 .text.reg_wizchip_spi_cbfunc
                0x08004140       0x58 ./Core/Src/Ethernet/wizchip_conf.o
                0x08004140                reg_wizchip_spi_cbfunc
 .text.reg_wizchip_spiburst_cbfunc
                0x08004198       0x58 ./Core/Src/Ethernet/wizchip_conf.o
                0x08004198                reg_wizchip_spiburst_cbfunc
 .text.wizchip_sw_reset
                0x080041f0       0x98 ./Core/Src/Ethernet/wizchip_conf.o
                0x080041f0                wizchip_sw_reset
 .text.wizchip_init
                0x08004288      0x118 ./Core/Src/Ethernet/wizchip_conf.o
                0x08004288                wizchip_init
 .text.wizchip_setnetinfo
                0x080043a0       0x80 ./Core/Src/Ethernet/wizchip_conf.o
                0x080043a0                wizchip_setnetinfo
 .text.wizchip_getnetinfo
                0x08004420       0x80 ./Core/Src/Ethernet/wizchip_conf.o
                0x08004420                wizchip_getnetinfo
 .text.W5500_Select
                0x080044a0       0x18 ./Core/Src/W5500_MQTT.o
 .text.W5500_Unselect
                0x080044b8       0x18 ./Core/Src/W5500_MQTT.o
 .text.W5500_WriteByte
                0x080044d0       0x28 ./Core/Src/W5500_MQTT.o
 .text.W5500_ReadByte
                0x080044f8       0x28 ./Core/Src/W5500_MQTT.o
 .text.W5500_WriteBurst
                0x08004520       0x24 ./Core/Src/W5500_MQTT.o
 .text.W5500_ReadBurst
                0x08004544       0x24 ./Core/Src/W5500_MQTT.o
 .text.W5500_Hardware_Init
                0x08004568       0x7c ./Core/Src/W5500_MQTT.o
                0x08004568                W5500_Hardware_Init
 .text.TimerInit
                0x080045e4       0x1a ./Core/Src/W5500_MQTT.o
                0x080045e4                TimerInit
 .text.TimerIsExpired
                0x080045fe       0x2a ./Core/Src/W5500_MQTT.o
                0x080045fe                TimerIsExpired
 .text.TimerCountdownMS
                0x08004628       0x20 ./Core/Src/W5500_MQTT.o
                0x08004628                TimerCountdownMS
 .text.TimerCountdown
                0x08004648       0x28 ./Core/Src/W5500_MQTT.o
                0x08004648                TimerCountdown
 .text.TimerLeftMS
                0x08004670       0x24 ./Core/Src/W5500_MQTT.o
                0x08004670                TimerLeftMS
 .text.mqtt_read
                0x08004694       0x9c ./Core/Src/W5500_MQTT.o
 .text.mqtt_write
                0x08004730       0x80 ./Core/Src/W5500_MQTT.o
 .text.NetworkInit
                0x080047b0       0x34 ./Core/Src/W5500_MQTT.o
                0x080047b0                NetworkInit
 .text.NetworkDisconnect
                0x080047e4       0x24 ./Core/Src/W5500_MQTT.o
                0x080047e4                NetworkDisconnect
 .text.cb_ip_assign
                0x08004808       0x74 ./Core/Src/W5500_MQTT.o
 .text.cb_ip_conflict
                0x0800487c       0x18 ./Core/Src/W5500_MQTT.o
 .text.W5500_DHCP_Init
                0x08004894       0x64 ./Core/Src/W5500_MQTT.o
                0x08004894                W5500_DHCP_Init
 .text.W5500_DHCP_Run
                0x080048f8       0x2c ./Core/Src/W5500_MQTT.o
                0x080048f8                W5500_DHCP_Run
 .text.W5500_DNS_Resolve
                0x08004924       0x4c ./Core/Src/W5500_MQTT.o
                0x08004924                W5500_DNS_Resolve
 .text.main     0x08004970      0x644 ./Core/Src/main.o
                0x08004970                main
 .text.SystemClock_Config
                0x08004fb4       0xe0 ./Core/Src/main.o
                0x08004fb4                SystemClock_Config
 .text.MX_SPI1_Init
                0x08005094       0xac ./Core/Src/main.o
 .text.MX_USART1_UART_Init
                0x08005140       0x98 ./Core/Src/main.o
 .text.MX_GPIO_Init
                0x080051d8       0xb0 ./Core/Src/main.o
 .text.MPU_Config
                0x08005288       0x58 ./Core/Src/main.o
 .text.Error_Handler
                0x080052e0        0xc ./Core/Src/main.o
                0x080052e0                Error_Handler
 .text.HAL_MspInit
                0x080052ec       0x34 ./Core/Src/stm32h7xx_hal_msp.o
                0x080052ec                HAL_MspInit
 .text.HAL_SPI_MspInit
                0x08005320       0xd0 ./Core/Src/stm32h7xx_hal_msp.o
                0x08005320                HAL_SPI_MspInit
 .text.HAL_UART_MspInit
                0x080053f0       0xd4 ./Core/Src/stm32h7xx_hal_msp.o
                0x080053f0                HAL_UART_MspInit
 .text.NMI_Handler
                0x080054c4        0x8 ./Core/Src/stm32h7xx_it.o
                0x080054c4                NMI_Handler
 .text.HardFault_Handler
                0x080054cc        0x8 ./Core/Src/stm32h7xx_it.o
                0x080054cc                HardFault_Handler
 .text.MemManage_Handler
                0x080054d4        0x8 ./Core/Src/stm32h7xx_it.o
                0x080054d4                MemManage_Handler
 .text.BusFault_Handler
                0x080054dc        0x8 ./Core/Src/stm32h7xx_it.o
                0x080054dc                BusFault_Handler
 .text.UsageFault_Handler
                0x080054e4        0x8 ./Core/Src/stm32h7xx_it.o
                0x080054e4                UsageFault_Handler
 .text.SVC_Handler
                0x080054ec        0xe ./Core/Src/stm32h7xx_it.o
                0x080054ec                SVC_Handler
 .text.DebugMon_Handler
                0x080054fa        0xe ./Core/Src/stm32h7xx_it.o
                0x080054fa                DebugMon_Handler
 .text.PendSV_Handler
                0x08005508        0xe ./Core/Src/stm32h7xx_it.o
                0x08005508                PendSV_Handler
 *fill*         0x08005516        0x2 
 .text.SysTick_Handler
                0x08005518       0x34 ./Core/Src/stm32h7xx_it.o
                0x08005518                SysTick_Handler
 .text._sbrk    0x0800554c       0x6c ./Core/Src/sysmem.o
                0x0800554c                _sbrk
 .text.SystemInit
                0x080055b8      0x120 ./Core/Src/system_stm32h7xx.o
                0x080055b8                SystemInit
 .text.ExitRun0Mode
                0x080056d8       0x30 ./Core/Src/system_stm32h7xx.o
                0x080056d8                ExitRun0Mode
 .text.Reset_Handler
                0x08005708       0x54 ./Core/Startup/startup_stm32h723zgtx.o
                0x08005708                Reset_Handler
 .text.Default_Handler
                0x0800575c        0x2 ./Core/Startup/startup_stm32h723zgtx.o
                0x0800575c                RTC_Alarm_IRQHandler
                0x0800575c                EXTI2_IRQHandler
                0x0800575c                TIM8_CC_IRQHandler
                0x0800575c                UART8_IRQHandler
                0x0800575c                SPI4_IRQHandler
                0x0800575c                FDCAN3_IT0_IRQHandler
                0x0800575c                TIM1_CC_IRQHandler
                0x0800575c                BDMA_Channel6_IRQHandler
                0x0800575c                DMA2_Stream5_IRQHandler
                0x0800575c                DMA1_Stream5_IRQHandler
                0x0800575c                CORDIC_IRQHandler
                0x0800575c                BDMA_Channel1_IRQHandler
                0x0800575c                TAMP_STAMP_IRQHandler
                0x0800575c                EXTI3_IRQHandler
                0x0800575c                LPTIM4_IRQHandler
                0x0800575c                TIM8_TRG_COM_TIM14_IRQHandler
                0x0800575c                LPTIM2_IRQHandler
                0x0800575c                DFSDM1_FLT1_IRQHandler
                0x0800575c                DMAMUX2_OVR_IRQHandler
                0x0800575c                TIM8_UP_TIM13_IRQHandler
                0x0800575c                I2C3_ER_IRQHandler
                0x0800575c                DFSDM1_FLT2_IRQHandler
                0x0800575c                I2C5_EV_IRQHandler
                0x0800575c                USART10_IRQHandler
                0x0800575c                MDMA_IRQHandler
                0x0800575c                LPTIM3_IRQHandler
                0x0800575c                HSEM1_IRQHandler
                0x0800575c                EXTI0_IRQHandler
                0x0800575c                I2C2_EV_IRQHandler
                0x0800575c                DMA1_Stream2_IRQHandler
                0x0800575c                FPU_IRQHandler
                0x0800575c                OTG_HS_WKUP_IRQHandler
                0x0800575c                FDCAN1_IT1_IRQHandler
                0x0800575c                LTDC_ER_IRQHandler
                0x0800575c                DMA2_Stream2_IRQHandler
                0x0800575c                SPI1_IRQHandler
                0x0800575c                OCTOSPI1_IRQHandler
                0x0800575c                TIM6_DAC_IRQHandler
                0x0800575c                DMA2_Stream3_IRQHandler
                0x0800575c                OCTOSPI2_IRQHandler
                0x0800575c                DFSDM1_FLT3_IRQHandler
                0x0800575c                TIM23_IRQHandler
                0x0800575c                USART6_IRQHandler
                0x0800575c                TIM17_IRQHandler
                0x0800575c                USART3_IRQHandler
                0x0800575c                BDMA_Channel7_IRQHandler
                0x0800575c                LPTIM5_IRQHandler
                0x0800575c                UART5_IRQHandler
                0x0800575c                ADC3_IRQHandler
                0x0800575c                DMA2_Stream0_IRQHandler
                0x0800575c                TIM4_IRQHandler
                0x0800575c                BDMA_Channel2_IRQHandler
                0x0800575c                I2C1_EV_IRQHandler
                0x0800575c                DMA1_Stream6_IRQHandler
                0x0800575c                DMAMUX1_OVR_IRQHandler
                0x0800575c                DMA1_Stream1_IRQHandler
                0x0800575c                TIM16_IRQHandler
                0x0800575c                UART4_IRQHandler
                0x0800575c                BDMA_Channel5_IRQHandler
                0x0800575c                TIM3_IRQHandler
                0x0800575c                RCC_IRQHandler
                0x0800575c                UART9_IRQHandler
                0x0800575c                TIM8_BRK_TIM12_IRQHandler
                0x0800575c                TIM1_TRG_COM_IRQHandler
                0x0800575c                Default_Handler
                0x0800575c                ECC_IRQHandler
                0x0800575c                FMAC_IRQHandler
                0x0800575c                CEC_IRQHandler
                0x0800575c                EXTI15_10_IRQHandler
                0x0800575c                BDMA_Channel0_IRQHandler
                0x0800575c                ADC_IRQHandler
                0x0800575c                I2C5_ER_IRQHandler
                0x0800575c                DMA1_Stream7_IRQHandler
                0x0800575c                SPI5_IRQHandler
                0x0800575c                TIM7_IRQHandler
                0x0800575c                FDCAN3_IT1_IRQHandler
                0x0800575c                SDMMC1_IRQHandler
                0x0800575c                TIM5_IRQHandler
                0x0800575c                DMA2_Stream7_IRQHandler
                0x0800575c                TIM15_IRQHandler
                0x0800575c                PVD_AVD_IRQHandler
                0x0800575c                I2C3_EV_IRQHandler
                0x0800575c                EXTI9_5_IRQHandler
                0x0800575c                RTC_WKUP_IRQHandler
                0x0800575c                LTDC_IRQHandler
                0x0800575c                ETH_WKUP_IRQHandler
                0x0800575c                SPDIF_RX_IRQHandler
                0x0800575c                SPI2_IRQHandler
                0x0800575c                OTG_HS_EP1_IN_IRQHandler
                0x0800575c                DMA1_Stream0_IRQHandler
                0x0800575c                TIM24_IRQHandler
                0x0800575c                CRS_IRQHandler
                0x0800575c                EXTI4_IRQHandler
                0x0800575c                RNG_IRQHandler
                0x0800575c                FDCAN2_IT1_IRQHandler
                0x0800575c                ETH_IRQHandler
                0x0800575c                TIM1_UP_IRQHandler
                0x0800575c                BDMA_Channel4_IRQHandler
                0x0800575c                OTG_HS_EP1_OUT_IRQHandler
                0x0800575c                WWDG_IRQHandler
                0x0800575c                SPI6_IRQHandler
                0x0800575c                MDIOS_IRQHandler
                0x0800575c                I2C4_EV_IRQHandler
                0x0800575c                FDCAN2_IT0_IRQHandler
                0x0800575c                LPUART1_IRQHandler
                0x0800575c                FDCAN1_IT0_IRQHandler
                0x0800575c                TIM2_IRQHandler
                0x0800575c                OTG_HS_IRQHandler
                0x0800575c                DMA2D_IRQHandler
                0x0800575c                TIM1_BRK_IRQHandler
                0x0800575c                EXTI1_IRQHandler
                0x0800575c                SDMMC2_IRQHandler
                0x0800575c                BDMA_Channel3_IRQHandler
                0x0800575c                DTS_IRQHandler
                0x0800575c                UART7_IRQHandler
                0x0800575c                MDIOS_WKUP_IRQHandler
                0x0800575c                USART2_IRQHandler
                0x0800575c                DFSDM1_FLT0_IRQHandler
                0x0800575c                SAI4_IRQHandler
                0x0800575c                I2C2_ER_IRQHandler
                0x0800575c                DMA2_Stream1_IRQHandler
                0x0800575c                FLASH_IRQHandler
                0x0800575c                DMA2_Stream4_IRQHandler
                0x0800575c                USART1_IRQHandler
                0x0800575c                SPI3_IRQHandler
                0x0800575c                WAKEUP_PIN_IRQHandler
                0x0800575c                DMA1_Stream4_IRQHandler
                0x0800575c                I2C1_ER_IRQHandler
                0x0800575c                FMC_IRQHandler
                0x0800575c                FDCAN_CAL_IRQHandler
                0x0800575c                SWPMI1_IRQHandler
                0x0800575c                COMP1_IRQHandler
                0x0800575c                LPTIM1_IRQHandler
                0x0800575c                DCMI_PSSI_IRQHandler
                0x0800575c                I2C4_ER_IRQHandler
                0x0800575c                DMA2_Stream6_IRQHandler
                0x0800575c                SAI1_IRQHandler
                0x0800575c                DMA1_Stream3_IRQHandler
 *fill*         0x0800575e        0x2 
 .text.HAL_Init
                0x08005760       0x78 ./Drivers/STM32H7xx_HAL_Driver/Src/stm32h7xx_hal.o
                0x08005760                HAL_Init
 .text.HAL_InitTick
                0x080057d8       0x6c ./Drivers/STM32H7xx_HAL_Driver/Src/stm32h7xx_hal.o
                0x080057d8                HAL_InitTick
 .text.HAL_IncTick
                0x08005844       0x28 ./Drivers/STM32H7xx_HAL_Driver/Src/stm32h7xx_hal.o
                0x08005844                HAL_IncTick
 .text.HAL_GetTick
                0x0800586c       0x18 ./Drivers/STM32H7xx_HAL_Driver/Src/stm32h7xx_hal.o
                0x0800586c                HAL_GetTick
 .text.HAL_Delay
                0x08005884       0x48 ./Drivers/STM32H7xx_HAL_Driver/Src/stm32h7xx_hal.o
                0x08005884                HAL_Delay
 .text.__NVIC_SetPriorityGrouping
                0x080058cc       0x48 ./Drivers/STM32H7xx_HAL_Driver/Src/stm32h7xx_hal_cortex.o
 .text.__NVIC_GetPriorityGrouping
                0x08005914       0x1c ./Drivers/STM32H7xx_HAL_Driver/Src/stm32h7xx_hal_cortex.o
 .text.__NVIC_SetPriority
                0x08005930       0x54 ./Drivers/STM32H7xx_HAL_Driver/Src/stm32h7xx_hal_cortex.o
 .text.NVIC_EncodePriority
                0x08005984       0x66 ./Drivers/STM32H7xx_HAL_Driver/Src/stm32h7xx_hal_cortex.o
 *fill*         0x080059ea        0x2 
 .text.SysTick_Config
                0x080059ec       0x44 ./Drivers/STM32H7xx_HAL_Driver/Src/stm32h7xx_hal_cortex.o
 .text.HAL_NVIC_SetPriorityGrouping
                0x08005a30       0x16 ./Drivers/STM32H7xx_HAL_Driver/Src/stm32h7xx_hal_cortex.o
                0x08005a30                HAL_NVIC_SetPriorityGrouping
 .text.HAL_NVIC_SetPriority
                0x08005a46       0x34 ./Drivers/STM32H7xx_HAL_Driver/Src/stm32h7xx_hal_cortex.o
                0x08005a46                HAL_NVIC_SetPriority
 .text.HAL_SYSTICK_Config
                0x08005a7a       0x18 ./Drivers/STM32H7xx_HAL_Driver/Src/stm32h7xx_hal_cortex.o
                0x08005a7a                HAL_SYSTICK_Config
 *fill*         0x08005a92        0x2 
 .text.HAL_MPU_Disable
                0x08005a94       0x30 ./Drivers/STM32H7xx_HAL_Driver/Src/stm32h7xx_hal_cortex.o
                0x08005a94                HAL_MPU_Disable
 .text.HAL_MPU_Enable
                0x08005ac4       0x40 ./Drivers/STM32H7xx_HAL_Driver/Src/stm32h7xx_hal_cortex.o
                0x08005ac4                HAL_MPU_Enable
 .text.HAL_MPU_ConfigRegion
                0x08005b04       0x80 ./Drivers/STM32H7xx_HAL_Driver/Src/stm32h7xx_hal_cortex.o
                0x08005b04                HAL_MPU_ConfigRegion
 .text.HAL_GPIO_Init
                0x08005b84      0x350 ./Drivers/STM32H7xx_HAL_Driver/Src/stm32h7xx_hal_gpio.o
                0x08005b84                HAL_GPIO_Init
 .text.HAL_GPIO_WritePin
                0x08005ed4       0x32 ./Drivers/STM32H7xx_HAL_Driver/Src/stm32h7xx_hal_gpio.o
                0x08005ed4                HAL_GPIO_WritePin
 *fill*         0x08005f06        0x2 
 .text.HAL_PWREx_ConfigSupply
                0x08005f08       0x74 ./Drivers/STM32H7xx_HAL_Driver/Src/stm32h7xx_hal_pwr_ex.o
                0x08005f08                HAL_PWREx_ConfigSupply
 .text.HAL_RCC_OscConfig
                0x08005f7c      0x7b4 ./Drivers/STM32H7xx_HAL_Driver/Src/stm32h7xx_hal_rcc.o
                0x08005f7c                HAL_RCC_OscConfig
 .text.HAL_RCC_ClockConfig
                0x08006730      0x36c ./Drivers/STM32H7xx_HAL_Driver/Src/stm32h7xx_hal_rcc.o
                0x08006730                HAL_RCC_ClockConfig
 .text.HAL_RCC_GetSysClockFreq
                0x08006a9c      0x2f4 ./Drivers/STM32H7xx_HAL_Driver/Src/stm32h7xx_hal_rcc.o
                0x08006a9c                HAL_RCC_GetSysClockFreq
 .text.HAL_RCC_GetHCLKFreq
                0x08006d90       0x60 ./Drivers/STM32H7xx_HAL_Driver/Src/stm32h7xx_hal_rcc.o
                0x08006d90                HAL_RCC_GetHCLKFreq
 .text.HAL_RCC_GetPCLK1Freq
                0x08006df0       0x2c ./Drivers/STM32H7xx_HAL_Driver/Src/stm32h7xx_hal_rcc.o
                0x08006df0                HAL_RCC_GetPCLK1Freq
 .text.HAL_RCC_GetPCLK2Freq
                0x08006e1c       0x2c ./Drivers/STM32H7xx_HAL_Driver/Src/stm32h7xx_hal_rcc.o
                0x08006e1c                HAL_RCC_GetPCLK2Freq
 .text.HAL_RCCEx_PeriphCLKConfig
                0x08006e48     0x1340 ./Drivers/STM32H7xx_HAL_Driver/Src/stm32h7xx_hal_rcc_ex.o
                0x08006e48                HAL_RCCEx_PeriphCLKConfig
 .text.HAL_RCCEx_GetD3PCLK1Freq
                0x08008188       0x2c ./Drivers/STM32H7xx_HAL_Driver/Src/stm32h7xx_hal_rcc_ex.o
                0x08008188                HAL_RCCEx_GetD3PCLK1Freq
 .text.HAL_RCCEx_GetPLL2ClockFreq
                0x080081b4      0x2a8 ./Drivers/STM32H7xx_HAL_Driver/Src/stm32h7xx_hal_rcc_ex.o
                0x080081b4                HAL_RCCEx_GetPLL2ClockFreq
 .text.HAL_RCCEx_GetPLL3ClockFreq
                0x0800845c      0x2a8 ./Drivers/STM32H7xx_HAL_Driver/Src/stm32h7xx_hal_rcc_ex.o
                0x0800845c                HAL_RCCEx_GetPLL3ClockFreq
 .text.RCCEx_PLL2_Config
                0x08008704      0x164 ./Drivers/STM32H7xx_HAL_Driver/Src/stm32h7xx_hal_rcc_ex.o
 .text.RCCEx_PLL3_Config
                0x08008868      0x164 ./Drivers/STM32H7xx_HAL_Driver/Src/stm32h7xx_hal_rcc_ex.o
 .text.HAL_SPI_Init
                0x080089cc      0x248 ./Drivers/STM32H7xx_HAL_Driver/Src/stm32h7xx_hal_spi.o
                0x080089cc                HAL_SPI_Init
 .text.HAL_SPI_Transmit
                0x08008c14      0x3dc ./Drivers/STM32H7xx_HAL_Driver/Src/stm32h7xx_hal_spi.o
                0x08008c14                HAL_SPI_Transmit
 .text.HAL_SPI_Receive
                0x08008ff0      0x4e4 ./Drivers/STM32H7xx_HAL_Driver/Src/stm32h7xx_hal_spi.o
                0x08008ff0                HAL_SPI_Receive
 .text.HAL_SPI_TransmitReceive
                0x080094d4      0x674 ./Drivers/STM32H7xx_HAL_Driver/Src/stm32h7xx_hal_spi.o
                0x080094d4                HAL_SPI_TransmitReceive
 .text.SPI_CloseTransfer
                0x08009b48      0x140 ./Drivers/STM32H7xx_HAL_Driver/Src/stm32h7xx_hal_spi.o
 .text.SPI_WaitOnFlagUntilTimeout
                0x08009c88       0x5c ./Drivers/STM32H7xx_HAL_Driver/Src/stm32h7xx_hal_spi.o
 .text.SPI_GetPacketSize
                0x08009ce4       0x36 ./Drivers/STM32H7xx_HAL_Driver/Src/stm32h7xx_hal_spi.o
 .text.HAL_UART_Init
                0x08009d1a       0xa0 ./Drivers/STM32H7xx_HAL_Driver/Src/stm32h7xx_hal_uart.o
                0x08009d1a                HAL_UART_Init
 .text.HAL_UART_Transmit
                0x08009dba      0x11c ./Drivers/STM32H7xx_HAL_Driver/Src/stm32h7xx_hal_uart.o
                0x08009dba                HAL_UART_Transmit
 *fill*         0x08009ed6        0x2 
 .text.UART_SetConfig
                0x08009ed8      0xcd8 ./Drivers/STM32H7xx_HAL_Driver/Src/stm32h7xx_hal_uart.o
                0x08009ed8                UART_SetConfig
 .text.UART_AdvFeatureConfig
                0x0800abb0      0x144 ./Drivers/STM32H7xx_HAL_Driver/Src/stm32h7xx_hal_uart.o
                0x0800abb0                UART_AdvFeatureConfig
 .text.UART_CheckIdleState
                0x0800acf4      0x154 ./Drivers/STM32H7xx_HAL_Driver/Src/stm32h7xx_hal_uart.o
                0x0800acf4                UART_CheckIdleState
 .text.UART_WaitOnFlagUntilTimeout
                0x0800ae48       0xda ./Drivers/STM32H7xx_HAL_Driver/Src/stm32h7xx_hal_uart.o
                0x0800ae48                UART_WaitOnFlagUntilTimeout
 *fill*         0x0800af22        0x2 
 .text.UART_EndRxTransfer
                0x0800af24       0xcc ./Drivers/STM32H7xx_HAL_Driver/Src/stm32h7xx_hal_uart.o
 .text.HAL_UARTEx_DisableFifoMode
                0x0800aff0       0x72 ./Drivers/STM32H7xx_HAL_Driver/Src/stm32h7xx_hal_uart_ex.o
                0x0800aff0                HAL_UARTEx_DisableFifoMode
 .text.HAL_UARTEx_SetTxFifoThreshold
                0x0800b062       0x7c ./Drivers/STM32H7xx_HAL_Driver/Src/stm32h7xx_hal_uart_ex.o
                0x0800b062                HAL_UARTEx_SetTxFifoThreshold
 .text.HAL_UARTEx_SetRxFifoThreshold
                0x0800b0de       0x7c ./Drivers/STM32H7xx_HAL_Driver/Src/stm32h7xx_hal_uart_ex.o
                0x0800b0de                HAL_UARTEx_SetRxFifoThreshold
 *fill*         0x0800b15a        0x2 
 .text.UARTEx_SetNbDataToProcess
                0x0800b15c       0x9c ./Drivers/STM32H7xx_HAL_Driver/Src/stm32h7xx_hal_uart_ex.o
 .text.NewMessageData
                0x0800b1f8       0x24 ./MQTT/MQTTClient-C/MQTTClient.o
 .text.getNextPacketId
                0x0800b21c       0x32 ./MQTT/MQTTClient-C/MQTTClient.o
 .text.sendPacket
                0x0800b24e       0x92 ./MQTT/MQTTClient-C/MQTTClient.o
 .text.MQTTClientInit
                0x0800b2e0       0x8a ./MQTT/MQTTClient-C/MQTTClient.o
                0x0800b2e0                MQTTClientInit
 .text.decodePacket
                0x0800b36a       0x88 ./MQTT/MQTTClient-C/MQTTClient.o
 .text.readPacket
                0x0800b3f2      0x108 ./MQTT/MQTTClient-C/MQTTClient.o
 .text.isTopicMatched
                0x0800b4fa       0xd2 ./MQTT/MQTTClient-C/MQTTClient.o
 .text.deliverMessage
                0x0800b5cc       0xd0 ./MQTT/MQTTClient-C/MQTTClient.o
                0x0800b5cc                deliverMessage
 .text.keepalive
                0x0800b69c       0xa2 ./MQTT/MQTTClient-C/MQTTClient.o
                0x0800b69c                keepalive
 .text.MQTTCleanSession
                0x0800b73e       0x38 ./MQTT/MQTTClient-C/MQTTClient.o
                0x0800b73e                MQTTCleanSession
 .text.MQTTCloseSession
                0x0800b776       0x2a ./MQTT/MQTTClient-C/MQTTClient.o
                0x0800b776                MQTTCloseSession
 .text.cycle    0x0800b7a0      0x200 ./MQTT/MQTTClient-C/MQTTClient.o
                0x0800b7a0                cycle
 .text.MQTTYield
                0x0800b9a0       0x5a ./MQTT/MQTTClient-C/MQTTClient.o
                0x0800b9a0                MQTTYield
 .text.waitfor  0x0800b9fa       0x44 ./MQTT/MQTTClient-C/MQTTClient.o
                0x0800b9fa                waitfor
 *fill*         0x0800ba3e        0x2 
 .text.MQTTConnectWithResults
                0x0800ba40      0x124 ./MQTT/MQTTClient-C/MQTTClient.o
                0x0800ba40                MQTTConnectWithResults
 .text.MQTTConnect
                0x0800bb64       0x22 ./MQTT/MQTTClient-C/MQTTClient.o
                0x0800bb64                MQTTConnect
 .text.MQTTPublish
                0x0800bb86      0x18c ./MQTT/MQTTClient-C/MQTTClient.o
                0x0800bb86                MQTTPublish
 .text.MQTTSerialize_connectLength
                0x0800bd12       0xc2 ./MQTT/MQTTPacket/MQTTConnectClient.o
                0x0800bd12                MQTTSerialize_connectLength
 .text.MQTTSerialize_connect
                0x0800bdd4      0x1d8 ./MQTT/MQTTPacket/MQTTConnectClient.o
                0x0800bdd4                MQTTSerialize_connect
 .text.MQTTDeserialize_connack
                0x0800bfac       0xaa ./MQTT/MQTTPacket/MQTTConnectClient.o
                0x0800bfac                MQTTDeserialize_connack
 .text.MQTTSerialize_zero
                0x0800c056       0x70 ./MQTT/MQTTPacket/MQTTConnectClient.o
                0x0800c056                MQTTSerialize_zero
 .text.MQTTSerialize_pingreq
                0x0800c0c6       0x1e ./MQTT/MQTTPacket/MQTTConnectClient.o
                0x0800c0c6                MQTTSerialize_pingreq
 .text.MQTTDeserialize_publish
                0x0800c0e4       0xe4 ./MQTT/MQTTPacket/MQTTDeserializePublish.o
                0x0800c0e4                MQTTDeserialize_publish
 .text.MQTTDeserialize_ack
                0x0800c1c8       0x96 ./MQTT/MQTTPacket/MQTTDeserializePublish.o
                0x0800c1c8                MQTTDeserialize_ack
 .text.MQTTPacket_encode
                0x0800c25e       0x5e ./MQTT/MQTTPacket/MQTTPacket.o
                0x0800c25e                MQTTPacket_encode
 .text.MQTTPacket_decode
                0x0800c2bc       0x78 ./MQTT/MQTTPacket/MQTTPacket.o
                0x0800c2bc                MQTTPacket_decode
 .text.MQTTPacket_len
                0x0800c334       0x54 ./MQTT/MQTTPacket/MQTTPacket.o
                0x0800c334                MQTTPacket_len
 .text.bufchar  0x0800c388       0x40 ./MQTT/MQTTPacket/MQTTPacket.o
                0x0800c388                bufchar
 .text.MQTTPacket_decodeBuf
                0x0800c3c8       0x2c ./MQTT/MQTTPacket/MQTTPacket.o
                0x0800c3c8                MQTTPacket_decodeBuf
 .text.readInt  0x0800c3f4       0x36 ./MQTT/MQTTPacket/MQTTPacket.o
                0x0800c3f4                readInt
 .text.readChar
                0x0800c42a       0x28 ./MQTT/MQTTPacket/MQTTPacket.o
                0x0800c42a                readChar
 .text.writeChar
                0x0800c452       0x2a ./MQTT/MQTTPacket/MQTTPacket.o
                0x0800c452                writeChar
 .text.writeInt
                0x0800c47c       0x52 ./MQTT/MQTTPacket/MQTTPacket.o
                0x0800c47c                writeInt
 .text.writeCString
                0x0800c4ce       0x3e ./MQTT/MQTTPacket/MQTTPacket.o
                0x0800c4ce                writeCString
 .text.writeMQTTString
                0x0800c50c       0x5c ./MQTT/MQTTPacket/MQTTPacket.o
                0x0800c50c                writeMQTTString
 .text.readMQTTLenString
                0x0800c568       0x62 ./MQTT/MQTTPacket/MQTTPacket.o
                0x0800c568                readMQTTLenString
 .text.MQTTstrlen
                0x0800c5ca       0x32 ./MQTT/MQTTPacket/MQTTPacket.o
                0x0800c5ca                MQTTstrlen
 .text.MQTTPacket_equals
                0x0800c5fc       0x6e ./MQTT/MQTTPacket/MQTTPacket.o
                0x0800c5fc                MQTTPacket_equals
 .text.MQTTSerialize_publishLength
                0x0800c66a       0x40 ./MQTT/MQTTPacket/MQTTSerializePublish.o
                0x0800c66a                MQTTSerialize_publishLength
 .text.MQTTSerialize_publish
                0x0800c6aa       0xec ./MQTT/MQTTPacket/MQTTSerializePublish.o
                0x0800c6aa                MQTTSerialize_publish
 .text.MQTTSerialize_ack
                0x0800c796       0xaa ./MQTT/MQTTPacket/MQTTSerializePublish.o
                0x0800c796                MQTTSerialize_ack
 .text.sprintf  0x0800c840       0x44 C:/ST/STM32CubeIDE_2.0.0/STM32CubeIDE/plugins/com.st.stm32cube.ide.mcu.externaltools.gnu-tools-for-stm32.13.3.rel1.win32_1.0.100.202509120712/tools/bin/../lib/gcc/arm-none-eabi/13.3.1/../../../../arm-none-eabi/lib/thumb/v7e-m+dp/hard\libc_nano.a(libc_a-sprintf.o)
                0x0800c840                siprintf
                0x0800c840                sprintf
 .text.memset   0x0800c884       0x10 C:/ST/STM32CubeIDE_2.0.0/STM32CubeIDE/plugins/com.st.stm32cube.ide.mcu.externaltools.gnu-tools-for-stm32.13.3.rel1.win32_1.0.100.202509120712/tools/bin/../lib/gcc/arm-none-eabi/13.3.1/../../../../arm-none-eabi/lib/thumb/v7e-m+dp/hard\libc_nano.a(libc_a-memset.o)
                0x0800c884                memset
 .text.strchr   0x0800c894       0x1a C:/ST/STM32CubeIDE_2.0.0/STM32CubeIDE/plugins/com.st.stm32cube.ide.mcu.externaltools.gnu-tools-for-stm32.13.3.rel1.win32_1.0.100.202509120712/tools/bin/../lib/gcc/arm-none-eabi/13.3.1/../../../../arm-none-eabi/lib/thumb/v7e-m+dp/hard\libc_nano.a(libc_a-strchr.o)
                0x0800c894                strchr
 .text.strncmp  0x0800c8ae       0x24 C:/ST/STM32CubeIDE_2.0.0/STM32CubeIDE/plugins/com.st.stm32cube.ide.mcu.externaltools.gnu-tools-for-stm32.13.3.rel1.win32_1.0.100.202509120712/tools/bin/../lib/gcc/arm-none-eabi/13.3.1/../../../../arm-none-eabi/lib/thumb/v7e-m+dp/hard\libc_nano.a(libc_a-strncmp.o)
                0x0800c8ae                strncmp
 .text.strncpy  0x0800c8d2       0x26 C:/ST/STM32CubeIDE_2.0.0/STM32CubeIDE/plugins/com.st.stm32cube.ide.mcu.externaltools.gnu-tools-for-stm32.13.3.rel1.win32_1.0.100.202509120712/tools/bin/../lib/gcc/arm-none-eabi/13.3.1/../../../../arm-none-eabi/lib/thumb/v7e-m+dp/hard\libc_nano.a(libc_a-strncpy.o)
                0x0800c8d2                strncpy
 .text.__errno  0x0800c8f8        0xc C:/ST/STM32CubeIDE_2.0.0/STM32CubeIDE/plugins/com.st.stm32cube.ide.mcu.externaltools.gnu-tools-for-stm32.13.3.rel1.win32_1.0.100.202509120712/tools/bin/../lib/gcc/arm-none-eabi/13.3.1/../../../../arm-none-eabi/lib/thumb/v7e-m+dp/hard\libc_nano.a(libc_a-errno.o)
                0x0800c8f8                __errno
 .text.__libc_init_array
                0x0800c904       0x48 C:/ST/STM32CubeIDE_2.0.0/STM32CubeIDE/plugins/com.st.stm32cube.ide.mcu.externaltools.gnu-tools-for-stm32.13.3.rel1.win32_1.0.100.202509120712/tools/bin/../lib/gcc/arm-none-eabi/13.3.1/../../../../arm-none-eabi/lib/thumb/v7e-m+dp/hard\libc_nano.a(libc_a-init.o)
                0x0800c904                __libc_init_array
 .text.__retarget_lock_acquire_recursive
                0x0800c94c        0x2 C:/ST/STM32CubeIDE_2.0.0/STM32CubeIDE/plugins/com.st.stm32cube.ide.mcu.externaltools.gnu-tools-for-stm32.13.3.rel1.win32_1.0.100.202509120712/tools/bin/../lib/gcc/arm-none-eabi/13.3.1/../../../../arm-none-eabi/lib/thumb/v7e-m+dp/hard\libc_nano.a(libc_a-lock.o)
                0x0800c94c                __retarget_lock_acquire_recursive
 .text.__retarget_lock_release_recursive
                0x0800c94e        0x2 C:/ST/STM32CubeIDE_2.0.0/STM32CubeIDE/plugins/com.st.stm32cube.ide.mcu.externaltools.gnu-tools-for-stm32.13.3.rel1.win32_1.0.100.202509120712/tools/bin/../lib/gcc/arm-none-eabi/13.3.1/../../../../arm-none-eabi/lib/thumb/v7e-m+dp/hard\libc_nano.a(libc_a-lock.o)
                0x0800c94e                __retarget_lock_release_recursive
 .text.strcpy   0x0800c950       0x10 C:/ST/STM32CubeIDE_2.0.0/STM32CubeIDE/plugins/com.st.stm32cube.ide.mcu.externaltools.gnu-tools-for-stm32.13.3.rel1.win32_1.0.100.202509120712/tools/bin/../lib/gcc/arm-none-eabi/13.3.1/../../../../arm-none-eabi/lib/thumb/v7e-m+dp/hard\libc_nano.a(libc_a-strcpy.o)
                0x0800c950                strcpy
 .text.memcpy   0x0800c960       0x1c C:/ST/STM32CubeIDE_2.0.0/STM32CubeIDE/plugins/com.st.stm32cube.ide.mcu.externaltools.gnu-tools-for-stm32.13.3.rel1.win32_1.0.100.202509120712/tools/bin/../lib/gcc/arm-none-eabi/13.3.1/../../../../arm-none-eabi/lib/thumb/v7e-m+dp/hard\libc_nano.a(libc_a-memcpy-stub.o)
                0x0800c960                memcpy
 .text._free_r  0x0800c97c       0x94 C:/ST/STM32CubeIDE_2.0.0/STM32CubeIDE/plugins/com.st.stm32cube.ide.mcu.externaltools.gnu-tools-for-stm32.13.3.rel1.win32_1.0.100.202509120712/tools/bin/../lib/gcc/arm-none-eabi/13.3.1/../../../../arm-none-eabi/lib/thumb/v7e-m+dp/hard\libc_nano.a(libc_a-freer.o)
                0x0800c97c                _free_r
 .text.sbrk_aligned
                0x0800ca10       0x44 C:/ST/STM32CubeIDE_2.0.0/STM32CubeIDE/plugins/com.st.stm32cube.ide.mcu.externaltools.gnu-tools-for-stm32.13.3.rel1.win32_1.0.100.202509120712/tools/bin/../lib/gcc/arm-none-eabi/13.3.1/../../../../arm-none-eabi/lib/thumb/v7e-m+dp/hard\libc_nano.a(libc_a-mallocr.o)
 .text._malloc_r
                0x0800ca54      0x100 C:/ST/STM32CubeIDE_2.0.0/STM32CubeIDE/plugins/com.st.stm32cube.ide.mcu.externaltools.gnu-tools-for-stm32.13.3.rel1.win32_1.0.100.202509120712/tools/bin/../lib/gcc/arm-none-eabi/13.3.1/../../../../arm-none-eabi/lib/thumb/v7e-m+dp/hard\libc_nano.a(libc_a-mallocr.o)
                0x0800ca54                _malloc_r
 .text.__malloc_lock
                0x0800cb54        0xc C:/ST/STM32CubeIDE_2.0.0/STM32CubeIDE/plugins/com.st.stm32cube.ide.mcu.externaltools.gnu-tools-for-stm32.13.3.rel1.win32_1.0.100.202509120712/tools/bin/../lib/gcc/arm-none-eabi/13.3.1/../../../../arm-none-eabi/lib/thumb/v7e-m+dp/hard\libc_nano.a(libc_a-mlock.o)
                0x0800cb54                __malloc_lock
 .text.__malloc_unlock
                0x0800cb60        0xc C:/ST/STM32CubeIDE_2.0.0/STM32CubeIDE/plugins/com.st.stm32cube.ide.mcu.externaltools.gnu-tools-for-stm32.13.3.rel1.win32_1.0.100.202509120712/tools/bin/../lib/gcc/arm-none-eabi/13.3.1/../../../../arm-none-eabi/lib/thumb/v7e-m+dp/hard\libc_nano.a(libc_a-mlock.o)
                0x0800cb60                __malloc_unlock
 .text.__ssputs_r
                0x0800cb6c       0xb6 C:/ST/STM32CubeIDE_2.0.0/STM32CubeIDE/plugins/com.st.stm32cube.ide.mcu.externaltools.gnu-tools-for-stm32.13.3.rel1.win32_1.0.100.202509120712/tools/bin/../lib/gcc/arm-none-eabi/13.3.1/../../../../arm-none-eabi/lib/thumb/v7e-m+dp/hard\libc_nano.a(libc_a-nano-svfprintf.o)
                0x0800cb6c                __ssputs_r
 *fill*         0x0800cc22        0x2 
 .text._svfprintf_r
                0x0800cc24      0x1f8 C:/ST/STM32CubeIDE_2.0.0/STM32CubeIDE/plugins/com.st.stm32cube.ide.mcu.externaltools.gnu-tools-for-stm32.13.3.rel1.win32_1.0.100.202509120712/tools/bin/../lib/gcc/arm-none-eabi/13.3.1/../../../../arm-none-eabi/lib/thumb/v7e-m+dp/hard\libc_nano.a(libc_a-nano-svfprintf.o)
                0x0800cc24                _svfiprintf_r
                0x0800cc24                _svfprintf_r
 .text._printf_common
                0x0800ce1c       0xda C:/ST/STM32CubeIDE_2.0.0/STM32CubeIDE/plugins/com.st.stm32cube.ide.mcu.externaltools.gnu-tools-for-stm32.13.3.rel1.win32_1.0.100.202509120712/tools/bin/../lib/gcc/arm-none-eabi/13.3.1/../../../../arm-none-eabi/lib/thumb/v7e-m+dp/hard\libc_nano.a(libc_a-nano-vfprintf_i.o)
                0x0800ce1c                _printf_common
 *fill*         0x0800cef6        0x2 
 .text._printf_i
                0x0800cef8      0x23c C:/ST/STM32CubeIDE_2.0.0/STM32CubeIDE/plugins/com.st.stm32cube.ide.mcu.externaltools.gnu-tools-for-stm32.13.3.rel1.win32_1.0.100.202509120712/tools/bin/../lib/gcc/arm-none-eabi/13.3.1/../../../../arm-none-eabi/lib/thumb/v7e-m+dp/hard\libc_nano.a(libc_a-nano-vfprintf_i.o)
                0x0800cef8                _printf_i
 .text.memmove  0x0800d134       0x34 C:/ST/STM32CubeIDE_2.0.0/STM32CubeIDE/plugins/com.st.stm32cube.ide.mcu.externaltools.gnu-tools-for-stm32.13.3.rel1.win32_1.0.100.202509120712/tools/bin/../lib/gcc/arm-none-eabi/13.3.1/../../../../arm-none-eabi/lib/thumb/v7e-m+dp/hard\libc_nano.a(libc_a-memmove.o)
                0x0800d134                memmove
 .text._sbrk_r  0x0800d168       0x20 C:/ST/STM32CubeIDE_2.0.0/STM32CubeIDE/plugins/com.st.stm32cube.ide.mcu.externaltools.gnu-tools-for-stm32.13.3.rel1.win32_1.0.100.202509120712/tools/bin/../lib/gcc/arm-none-eabi/13.3.1/../../../../arm-none-eabi/lib/thumb/v7e-m+dp/hard\libc_nano.a(libc_a-sbrkr.o)
                0x0800d168                _sbrk_r
 .text._realloc_r
                0x0800d188       0x5c C:/ST/STM32CubeIDE_2.0.0/STM32CubeIDE/plugins/com.st.stm32cube.ide.mcu.externaltools.gnu-tools-for-stm32.13.3.rel1.win32_1.0.100.202509120712/tools/bin/../lib/gcc/arm-none-eabi/13.3.1/../../../../arm-none-eabi/lib/thumb/v7e-m+dp/hard\libc_nano.a(libc_a-reallocr.o)
                0x0800d188                _realloc_r
 .text._malloc_usable_size_r
                0x0800d1e4       0x10 C:/ST/STM32CubeIDE_2.0.0/STM32CubeIDE/plugins/com.st.stm32cube.ide.mcu.externaltools.gnu-tools-for-stm32.13.3.rel1.win32_1.0.100.202509120712/tools/bin/../lib/gcc/arm-none-eabi/13.3.1/../../../../arm-none-eabi/lib/thumb/v7e-m+dp/hard\libc_nano.a(libc_a-msizer.o)
                0x0800d1e4                _malloc_usable_size_r
 *(.glue_7)
 .glue_7        0x0800d1f4        0x0 linker stubs
 *(.glue_7t)
 .glue_7t       0x0800d1f4        0x0 linker stubs
 *(.eh_frame)
 .eh_frame      0x0800d1f4        0x0 C:/ST/STM32CubeIDE_2.0.0/STM32CubeIDE/plugins/com.st.stm32cube.ide.mcu.externaltools.gnu-tools-for-stm32.13.3.rel1.win32_1.0.100.202509120712/tools/bin/../lib/gcc/arm-none-eabi/13.3.1/thumb/v7e-m+dp/hard/crtbegin.o
 *(.init)
 .init          0x0800d1f4        0x4 C:/ST/STM32CubeIDE_2.0.0/STM32CubeIDE/plugins/com.st.stm32cube.ide.mcu.externaltools.gnu-tools-for-stm32.13.3.rel1.win32_1.0.100.202509120712/tools/bin/../lib/gcc/arm-none-eabi/13.3.1/thumb/v7e-m+dp/hard/crti.o
                0x0800d1f4                _init
 .init          0x0800d1f8        0x8 C:/ST/STM32CubeIDE_2.0.0/STM32CubeIDE/plugins/com.st.stm32cube.ide.mcu.externaltools.gnu-tools-for-stm32.13.3.rel1.win32_1.0.100.202509120712/tools/bin/../lib/gcc/arm-none-eabi/13.3.1/thumb/v7e-m+dp/hard/crtn.o
 *(.fini)
 .fini          0x0800d200        0x4 C:/ST/STM32CubeIDE_2.0.0/STM32CubeIDE/plugins/com.st.stm32cube.ide.mcu.externaltools.gnu-tools-for-stm32.13.3.rel1.win32_1.0.100.202509120712/tools/bin/../lib/gcc/arm-none-eabi/13.3.1/thumb/v7e-m+dp/hard/crti.o
                0x0800d200                _fini
 .fini          0x0800d204        0x8 C:/ST/STM32CubeIDE_2.0.0/STM32CubeIDE/plugins/com.st.stm32cube.ide.mcu.externaltools.gnu-tools-for-stm32.13.3.rel1.win32_1.0.100.202509120712/tools/bin/../lib/gcc/arm-none-eabi/13.3.1/thumb/v7e-m+dp/hard/crtn.o
                0x0800d20c                        . = ALIGN (0x4)
                0x0800d20c                        _etext = .

.vfp11_veneer   0x0800d20c        0x0
 .vfp11_veneer  0x0800d20c        0x0 linker stubs

.v4_bx          0x0800d20c        0x0
 .v4_bx         0x0800d20c        0x0 linker stubs

.iplt           0x0800d20c        0x0
 .iplt          0x0800d20c        0x0 C:/ST/STM32CubeIDE_2.0.0/STM32CubeIDE/plugins/com.st.stm32cube.ide.mcu.externaltools.gnu-tools-for-stm32.13.3.rel1.win32_1.0.100.202509120712/tools/bin/../lib/gcc/arm-none-eabi/13.3.1/thumb/v7e-m+dp/hard/crtbegin.o

.rodata         0x0800d20c      0x35c
                0x0800d20c                        . = ALIGN (0x4)
 *(.rodata)
 .rodata        0x0800d20c       0x12 ./Core/Src/Ethernet/dhcp.o
 *fill*         0x0800d21e        0x2 
 .rodata        0x0800d220        0x8 ./Core/Src/W5500_MQTT.o
 .rodata        0x0800d228      0x26a ./Core/Src/main.o
 *fill*         0x0800d492        0x2 
 .rodata        0x0800d494       0x58 ./MQTT/MQTTClient-C/MQTTClient.o
 .rodata        0x0800d4ec        0xf ./MQTT/MQTTPacket/MQTTConnectClient.o
 *(.rodata*)
 *fill*         0x0800d4fb        0x1 
 .rodata.D1CorePrescTable
                0x0800d4fc       0x10 ./Core/Src/system_stm32h7xx.o
                0x0800d4fc                D1CorePrescTable
 .rodata.UARTPrescTable
                0x0800d50c       0x18 ./Drivers/STM32H7xx_HAL_Driver/Src/stm32h7xx_hal_uart.o
                0x0800d50c                UARTPrescTable
 .rodata.numerator.1
                0x0800d524        0x8 ./Drivers/STM32H7xx_HAL_Driver/Src/stm32h7xx_hal_uart_ex.o
 .rodata.denominator.0
                0x0800d52c        0x8 ./Drivers/STM32H7xx_HAL_Driver/Src/stm32h7xx_hal_uart_ex.o
 .rodata._svfprintf_r.str1.1
                0x0800d534       0x33 C:/ST/STM32CubeIDE_2.0.0/STM32CubeIDE/plugins/com.st.stm32cube.ide.mcu.externaltools.gnu-tools-for-stm32.13.3.rel1.win32_1.0.100.202509120712/tools/bin/../lib/gcc/arm-none-eabi/13.3.1/../../../../arm-none-eabi/lib/thumb/v7e-m+dp/hard\libc_nano.a(libc_a-nano-svfprintf.o)
                                 0x11 (size before relaxing)
 .rodata._printf_i.str1.1
                0x0800d567        0x0 C:/ST/STM32CubeIDE_2.0.0/STM32CubeIDE/plugins/com.st.stm32cube.ide.mcu.externaltools.gnu-tools-for-stm32.13.3.rel1.win32_1.0.100.202509120712/tools/bin/../lib/gcc/arm-none-eabi/13.3.1/../../../../arm-none-eabi/lib/thumb/v7e-m+dp/hard\libc_nano.a(libc_a-nano-vfprintf_i.o)
                                 0x22 (size before relaxing)
                0x0800d568                        . = ALIGN (0x4)
 *fill*         0x0800d567        0x1 

.ARM.extab
 *(.ARM.extab* .gnu.linkonce.armextab.*)

.ARM            0x0800d568        0x8
                0x0800d568                        __exidx_start = .
 *(.ARM.exidx*)
 .ARM.exidx     0x0800d568        0x8 C:/ST/STM32CubeIDE_2.0.0/STM32CubeIDE/plugins/com.st.stm32cube.ide.mcu.externaltools.gnu-tools-for-stm32.13.3.rel1.win32_1.0.100.202509120712/tools/bin/../lib/gcc/arm-none-eabi/13.3.1/../../../../arm-none-eabi/lib/thumb/v7e-m+dp/hard\libc_nano.a(libc_a-strlen.o)
 .ARM.exidx     0x0800d570        0x0 C:/ST/STM32CubeIDE_2.0.0/STM32CubeIDE/plugins/com.st.stm32cube.ide.mcu.externaltools.gnu-tools-for-stm32.13.3.rel1.win32_1.0.100.202509120712/tools/bin/../lib/gcc/arm-none-eabi/13.3.1/../../../../arm-none-eabi/lib/thumb/v7e-m+dp/hard\libc_nano.a(libc_a-memchr.o)
                                  0x8 (size before relaxing)
 .ARM.exidx     0x0800d570        0x0 C:/ST/STM32CubeIDE_2.0.0/STM32CubeIDE/plugins/com.st.stm32cube.ide.mcu.externaltools.gnu-tools-for-stm32.13.3.rel1.win32_1.0.100.202509120712/tools/bin/../lib/gcc/arm-none-eabi/13.3.1/thumb/v7e-m+dp/hard\libgcc.a(_udivmoddi4.o)
                                  0x8 (size before relaxing)
                0x0800d570                        __exidx_end = .

.preinit_array  0x0800d570        0x0
                0x0800d570                        PROVIDE (__preinit_array_start = .)
 *(.preinit_array*)
                0x0800d570                        PROVIDE (__preinit_array_end = .)

.init_array     0x0800d570        0x4
                0x0800d570                        PROVIDE (__init_array_start = .)
 *(SORT_BY_NAME(.init_array.*))
 *(.init_array*)
 .init_array    0x0800d570        0x4 C:/ST/STM32CubeIDE_2.0.0/STM32CubeIDE/plugins/com.st.stm32cube.ide.mcu.externaltools.gnu-tools-for-stm32.13.3.rel1.win32_1.0.100.202509120712/tools/bin/../lib/gcc/arm-none-eabi/13.3.1/thumb/v7e-m+dp/hard/crtbegin.o
                0x0800d574                        PROVIDE (__init_array_end = .)

.fini_array     0x0800d574        0x4
                [!provide]                        PROVIDE (__fini_array_start = .)
 *(SORT_BY_NAME(.fini_array.*))
 *(.fini_array*)
 .fini_array    0x0800d574        0x4 C:/ST/STM32CubeIDE_2.0.0/STM32CubeIDE/plugins/com.st.stm32cube.ide.mcu.externaltools.gnu-tools-for-stm32.13.3.rel1.win32_1.0.100.202509120712/tools/bin/../lib/gcc/arm-none-eabi/13.3.1/thumb/v7e-m+dp/hard/crtbegin.o
                [!provide]                        PROVIDE (__fini_array_end = .)
                0x0800d578                        _sidata = LOADADDR (.data)

.rel.dyn        0x0800d578        0x0
 .rel.iplt      0x0800d578        0x0 C:/ST/STM32CubeIDE_2.0.0/STM32CubeIDE/plugins/com.st.stm32cube.ide.mcu.externaltools.gnu-tools-for-stm32.13.3.rel1.win32_1.0.100.202509120712/tools/bin/../lib/gcc/arm-none-eabi/13.3.1/thumb/v7e-m+dp/hard/crtbegin.o

.data           0x24000000       0xb4 load address 0x0800d578
                0x24000000                        . = ALIGN (0x4)
                0x24000000                        _sdata = .
 *(.data)
 *(.data*)
 .data.dhcp_lease_time
                0x24000000        0x4 ./Core/Src/Ethernet/dhcp.o
                0x24000000                dhcp_lease_time
 .data.dhcp_tick_next
                0x24000004        0x4 ./Core/Src/Ethernet/dhcp.o
                0x24000004                dhcp_tick_next
 .data.HOST_NAME
                0x24000008        0x8 ./Core/Src/Ethernet/dhcp.o
                0x24000008                HOST_NAME
 .data.dhcp_ip_assign
                0x24000010        0x4 ./Core/Src/Ethernet/dhcp.o
                0x24000010                dhcp_ip_assign
 .data.dhcp_ip_update
                0x24000014        0x4 ./Core/Src/Ethernet/dhcp.o
                0x24000014                dhcp_ip_update
 .data.dhcp_ip_conflict
                0x24000018        0x4 ./Core/Src/Ethernet/dhcp.o
                0x24000018                dhcp_ip_conflict
 .data.sock_any_port
                0x2400001c        0x2 ./Core/Src/Ethernet/socket.o
 *fill*         0x2400001e        0x2 
 .data.WIZCHIP  0x24000020       0x2c ./Core/Src/Ethernet/wizchip_conf.o
                0x24000020                WIZCHIP
 .data.mac_addr
                0x2400004c        0x6 ./Core/Src/main.o
                0x2400004c                mac_addr
 .data.local_port.0
                0x24000052        0x2 ./Core/Src/main.o
 .data.SystemCoreClock
                0x24000054        0x4 ./Core/Src/system_stm32h7xx.o
                0x24000054                SystemCoreClock
 .data.SystemD2Clock
                0x24000058        0x4 ./Core/Src/system_stm32h7xx.o
                0x24000058                SystemD2Clock
 .data.uwTickPrio
                0x2400005c        0x4 ./Drivers/STM32H7xx_HAL_Driver/Src/stm32h7xx_hal.o
                0x2400005c                uwTickPrio
 .data.uwTickFreq
                0x24000060        0x1 ./Drivers/STM32H7xx_HAL_Driver/Src/stm32h7xx_hal.o
                0x24000060                uwTickFreq
 *fill*         0x24000061        0x3 
 .data._impure_ptr
                0x24000064        0x4 C:/ST/STM32CubeIDE_2.0.0/STM32CubeIDE/plugins/com.st.stm32cube.ide.mcu.externaltools.gnu-tools-for-stm32.13.3.rel1.win32_1.0.100.202509120712/tools/bin/../lib/gcc/arm-none-eabi/13.3.1/../../../../arm-none-eabi/lib/thumb/v7e-m+dp/hard\libc_nano.a(libc_a-impure.o)
                0x24000064                _impure_ptr
 .data._impure_data
                0x24000068       0x4c C:/ST/STM32CubeIDE_2.0.0/STM32CubeIDE/plugins/com.st.stm32cube.ide.mcu.externaltools.gnu-tools-for-stm32.13.3.rel1.win32_1.0.100.202509120712/tools/bin/../lib/gcc/arm-none-eabi/13.3.1/../../../../arm-none-eabi/lib/thumb/v7e-m+dp/hard\libc_nano.a(libc_a-impure.o)
                0x24000068                _impure_data
 *(.RamFunc)
 *(.RamFunc*)
                0x240000b4                        . = ALIGN (0x4)
                0x240000b4                        _edata = .

.igot.plt       0x240000b4        0x0 load address 0x0800d62c
 .igot.plt      0x240000b4        0x0 C:/ST/STM32CubeIDE_2.0.0/STM32CubeIDE/plugins/com.st.stm32cube.ide.mcu.externaltools.gnu-tools-for-stm32.13.3.rel1.win32_1.0.100.202509120712/tools/bin/../lib/gcc/arm-none-eabi/13.3.1/thumb/v7e-m+dp/hard/crtbegin.o
                0x240000b4                        . = ALIGN (0x4)

.bss            0x240000b4      0xf78 load address 0x0800d62c
                0x240000b4                        _sbss = .
                0x240000b4                        __bss_start__ = _sbss
 *(.bss)
 .bss           0x240000b4       0x1c C:/ST/STM32CubeIDE_2.0.0/STM32CubeIDE/plugins/com.st.stm32cube.ide.mcu.externaltools.gnu-tools-for-stm32.13.3.rel1.win32_1.0.100.202509120712/tools/bin/../lib/gcc/arm-none-eabi/13.3.1/thumb/v7e-m+dp/hard/crtbegin.o
 *(.bss*)
 .bss.DHCP_SOCKET
                0x240000d0        0x1 ./Core/Src/Ethernet/dhcp.o
                0x240000d0                DHCP_SOCKET
 *fill*         0x240000d1        0x3 
 .bss.DHCP_SIP  0x240000d4        0x4 ./Core/Src/Ethernet/dhcp.o
                0x240000d4                DHCP_SIP
 .bss.DHCP_REAL_SIP
                0x240000d8        0x4 ./Core/Src/Ethernet/dhcp.o
                0x240000d8                DHCP_REAL_SIP
 .bss.OLD_allocated_ip
                0x240000dc        0x4 ./Core/Src/Ethernet/dhcp.o
                0x240000dc                OLD_allocated_ip
 .bss.DHCP_allocated_ip
                0x240000e0        0x4 ./Core/Src/Ethernet/dhcp.o
                0x240000e0                DHCP_allocated_ip
 .bss.DHCP_allocated_gw
                0x240000e4        0x4 ./Core/Src/Ethernet/dhcp.o
                0x240000e4                DHCP_allocated_gw
 .bss.DHCP_allocated_sn
                0x240000e8        0x4 ./Core/Src/Ethernet/dhcp.o
                0x240000e8                DHCP_allocated_sn
 .bss.DHCP_allocated_dns
                0x240000ec        0x4 ./Core/Src/Ethernet/dhcp.o
                0x240000ec                DHCP_allocated_dns
 .bss.dhcp_state
                0x240000f0        0x1 ./Core/Src/Ethernet/dhcp.o
                0x240000f0                dhcp_state
 .bss.dhcp_retry_count
                0x240000f1        0x1 ./Core/Src/Ethernet/dhcp.o
                0x240000f1                dhcp_retry_count
 *fill*         0x240000f2        0x2 
 .bss.dhcp_tick_1s
                0x240000f4        0x4 ./Core/Src/Ethernet/dhcp.o
                0x240000f4                dhcp_tick_1s
 .bss.DHCP_XID  0x240000f8        0x4 ./Core/Src/Ethernet/dhcp.o
                0x240000f8                DHCP_XID
 .bss.pDHCPMSG  0x240000fc        0x4 ./Core/Src/Ethernet/dhcp.o
                0x240000fc                pDHCPMSG
 .bss.DHCP_CHADDR
                0x24000100        0x6 ./Core/Src/Ethernet/dhcp.o
                0x24000100                DHCP_CHADDR
 *fill*         0x24000106        0x2 
 .bss.pDNSMSG   0x24000108        0x4 ./Core/Src/Ethernet/dns.o
                0x24000108                pDNSMSG
 .bss.DNS_SOCKET
                0x2400010c        0x1 ./Core/Src/Ethernet/dns.o
                0x2400010c                DNS_SOCKET
 *fill*         0x2400010d        0x1 
 .bss.DNS_MSGID
                0x2400010e        0x2 ./Core/Src/Ethernet/dns.o
                0x2400010e                DNS_MSGID
 .bss.dns_1s_tick
                0x24000110        0x4 ./Core/Src/Ethernet/dns.o
                0x24000110                dns_1s_tick
 .bss.retry_count
                0x24000114        0x1 ./Core/Src/Ethernet/dns.o
 *fill*         0x24000115        0x1 
 .bss.sock_io_mode
                0x24000116        0x2 ./Core/Src/Ethernet/socket.o
 .bss.sock_is_sending
                0x24000118        0x2 ./Core/Src/Ethernet/socket.o
 *fill*         0x2400011a        0x2 
 .bss.sock_remained_size
                0x2400011c       0x10 ./Core/Src/Ethernet/socket.o
 .bss.sock_pack_info
                0x2400012c        0x8 ./Core/Src/Ethernet/socket.o
                0x2400012c                sock_pack_info
 .bss._DNS_     0x24000134        0x4 ./Core/Src/Ethernet/wizchip_conf.o
 .bss._DHCP_    0x24000138        0x1 ./Core/Src/Ethernet/wizchip_conf.o
 *fill*         0x24000139        0x3 
 .bss.dns_buffer
                0x2400013c      0x400 ./Core/Src/W5500_MQTT.o
 .bss.dhcp_buffer
                0x2400053c      0x400 ./Core/Src/W5500_MQTT.o
 .bss.is_ip_assigned
                0x2400093c        0x1 ./Core/Src/W5500_MQTT.o
 *fill*         0x2400093d        0x3 
 .bss.user_mac  0x24000940        0x6 ./Core/Src/W5500_MQTT.o
 *fill*         0x24000946        0x2 
 .bss.hspi1     0x24000948       0x88 ./Core/Src/main.o
                0x24000948                hspi1
 .bss.huart1    0x240009d0       0x94 ./Core/Src/main.o
                0x240009d0                huart1
 .bss.network   0x24000a64        0xc ./Core/Src/main.o
                0x24000a64                network
 .bss.client    0x24000a70       0x60 ./Core/Src/main.o
                0x24000a70                client
 .bss.sendbuf   0x24000ad0      0x200 ./Core/Src/main.o
                0x24000ad0                sendbuf
 .bss.readbuf   0x24000cd0      0x200 ./Core/Src/main.o
                0x24000cd0                readbuf
 .bss.broker_ip
                0x24000ed0        0x4 ./Core/Src/main.o
                0x24000ed0                broker_ip
 .bss.tick_1s.0
                0x24000ed4        0x4 ./Core/Src/stm32h7xx_it.o
 .bss.__sbrk_heap_end
                0x24000ed8        0x4 ./Core/Src/sysmem.o
 .bss.uwTick    0x24000edc        0x4 ./Drivers/STM32H7xx_HAL_Driver/Src/stm32h7xx_hal.o
                0x24000edc                uwTick
 .bss.bufptr    0x24000ee0        0x4 ./MQTT/MQTTPacket/MQTTPacket.o
 .bss.__sf      0x24000ee4      0x138 C:/ST/STM32CubeIDE_2.0.0/STM32CubeIDE/plugins/com.st.stm32cube.ide.mcu.externaltools.gnu-tools-for-stm32.13.3.rel1.win32_1.0.100.202509120712/tools/bin/../lib/gcc/arm-none-eabi/13.3.1/../../../../arm-none-eabi/lib/thumb/v7e-m+dp/hard\libc_nano.a(libc_a-findfp.o)
                0x24000ee4                __sf
 .bss.errno     0x2400101c        0x4 C:/ST/STM32CubeIDE_2.0.0/STM32CubeIDE/plugins/com.st.stm32cube.ide.mcu.externaltools.gnu-tools-for-stm32.13.3.rel1.win32_1.0.100.202509120712/tools/bin/../lib/gcc/arm-none-eabi/13.3.1/../../../../arm-none-eabi/lib/thumb/v7e-m+dp/hard\libc_nano.a(libc_a-reent.o)
                0x2400101c                errno
 .bss.__lock___malloc_recursive_mutex
                0x24001020        0x1 C:/ST/STM32CubeIDE_2.0.0/STM32CubeIDE/plugins/com.st.stm32cube.ide.mcu.externaltools.gnu-tools-for-stm32.13.3.rel1.win32_1.0.100.202509120712/tools/bin/../lib/gcc/arm-none-eabi/13.3.1/../../../../arm-none-eabi/lib/thumb/v7e-m+dp/hard\libc_nano.a(libc_a-lock.o)
                0x24001020                __lock___malloc_recursive_mutex
 *fill*         0x24001021        0x3 
 .bss.__malloc_sbrk_start
                0x24001024        0x4 C:/ST/STM32CubeIDE_2.0.0/STM32CubeIDE/plugins/com.st.stm32cube.ide.mcu.externaltools.gnu-tools-for-stm32.13.3.rel1.win32_1.0.100.202509120712/tools/bin/../lib/gcc/arm-none-eabi/13.3.1/../../../../arm-none-eabi/lib/thumb/v7e-m+dp/hard\libc_nano.a(libc_a-mallocr.o)
                0x24001024                __malloc_sbrk_start
 .bss.__malloc_free_list
                0x24001028        0x4 C:/ST/STM32CubeIDE_2.0.0/STM32CubeIDE/plugins/com.st.stm32cube.ide.mcu.externaltools.gnu-tools-for-stm32.13.3.rel1.win32_1.0.100.202509120712/tools/bin/../lib/gcc/arm-none-eabi/13.3.1/../../../../arm-none-eabi/lib/thumb/v7e-m+dp/hard\libc_nano.a(libc_a-mallocr.o)
                0x24001028                __malloc_free_list
 *(COMMON)
                0x2400102c                        . = ALIGN (0x4)
                0x2400102c                        _ebss = .
                0x2400102c                        __bss_end__ = _ebss

._user_heap_stack
                0x2400102c      0x604 load address 0x0800d62c
                0x24001030                        . = ALIGN (0x8)
 *fill*         0x2400102c        0x4 
                [!provide]                        PROVIDE (end = .)
                0x24001030                        PROVIDE (_end = .)
                0x24001230                        . = (. + _Min_Heap_Size)
 *fill*         0x24001030      0x200 
                0x24001630                        . = (. + _Min_Stack_Size)
 *fill*         0x24001230      0x400 
                0x24001630                        . = ALIGN (0x8)

/DISCARD/
 libc.a(*)
 libm.a(*)
 libgcc.a(*)

.ARM.attributes
                0x00000000       0x2e
 *(.ARM.attributes)
 .ARM.attributes
                0x00000000       0x20 C:/ST/STM32CubeIDE_2.0.0/STM32CubeIDE/plugins/com.st.stm32cube.ide.mcu.externaltools.gnu-tools-for-stm32.13.3.rel1.win32_1.0.100.202509120712/tools/bin/../lib/gcc/arm-none-eabi/13.3.1/thumb/v7e-m+dp/hard/crti.o
 .ARM.attributes
                0x00000020       0x32 C:/ST/STM32CubeIDE_2.0.0/STM32CubeIDE/plugins/com.st.stm32cube.ide.mcu.externaltools.gnu-tools-for-stm32.13.3.rel1.win32_1.0.100.202509120712/tools/bin/../lib/gcc/arm-none-eabi/13.3.1/thumb/v7e-m+dp/hard/crtbegin.o
 .ARM.attributes
                0x00000052       0x32 ./Core/Src/Ethernet/dhcp.o
 .ARM.attributes
                0x00000084       0x32 ./Core/Src/Ethernet/dns.o
 .ARM.attributes
                0x000000b6       0x32 ./Core/Src/Ethernet/socket.o
 .ARM.attributes
                0x000000e8       0x32 ./Core/Src/Ethernet/w5500.o
 .ARM.attributes
                0x0000011a       0x32 ./Core/Src/Ethernet/wizchip_conf.o
 .ARM.attributes
                0x0000014c       0x32 ./Core/Src/W5500_MQTT.o
 .ARM.attributes
                0x0000017e       0x32 ./Core/Src/main.o
 .ARM.attributes
                0x000001b0       0x32 ./Core/Src/stm32h7xx_hal_msp.o
 .ARM.attributes
                0x000001e2       0x32 ./Core/Src/stm32h7xx_it.o
 .ARM.attributes
                0x00000214       0x32 ./Core/Src/sysmem.o
 .ARM.attributes
                0x00000246       0x32 ./Core/Src/system_stm32h7xx.o
 .ARM.attributes
                0x00000278       0x21 ./Core/Startup/startup_stm32h723zgtx.o
 .ARM.attributes
                0x00000299       0x32 ./Drivers/STM32H7xx_HAL_Driver/Src/stm32h7xx_hal.o
 .ARM.attributes
                0x000002cb       0x32 ./Drivers/STM32H7xx_HAL_Driver/Src/stm32h7xx_hal_cortex.o
 .ARM.attributes
                0x000002fd       0x32 ./Drivers/STM32H7xx_HAL_Driver/Src/stm32h7xx_hal_gpio.o
 .ARM.attributes
                0x0000032f       0x32 ./Drivers/STM32H7xx_HAL_Driver/Src/stm32h7xx_hal_pwr_ex.o
 .ARM.attributes
                0x00000361       0x32 ./Drivers/STM32H7xx_HAL_Driver/Src/stm32h7xx_hal_rcc.o
 .ARM.attributes
                0x00000393       0x32 ./Drivers/STM32H7xx_HAL_Driver/Src/stm32h7xx_hal_rcc_ex.o
 .ARM.attributes
                0x000003c5       0x32 ./Drivers/STM32H7xx_HAL_Driver/Src/stm32h7xx_hal_spi.o
 .ARM.attributes
                0x000003f7       0x32 ./Drivers/STM32H7xx_HAL_Driver/Src/stm32h7xx_hal_uart.o
 .ARM.attributes
                0x00000429       0x32 ./Drivers/STM32H7xx_HAL_Driver/Src/stm32h7xx_hal_uart_ex.o
 .ARM.attributes
                0x0000045b       0x32 ./MQTT/MQTTClient-C/MQTTClient.o
 .ARM.attributes
                0x0000048d       0x32 ./MQTT/MQTTPacket/MQTTConnectClient.o
 .ARM.attributes
                0x000004bf       0x32 ./MQTT/MQTTPacket/MQTTDeserializePublish.o
 .ARM.attributes
                0x000004f1       0x32 ./MQTT/MQTTPacket/MQTTPacket.o
 .ARM.attributes
                0x00000523       0x32 ./MQTT/MQTTPacket/MQTTSerializePublish.o
 .ARM.attributes
                0x00000555       0x32 C:/ST/STM32CubeIDE_2.0.0/STM32CubeIDE/plugins/com.st.stm32cube.ide.mcu.externaltools.gnu-tools-for-stm32.13.3.rel1.win32_1.0.100.202509120712/tools/bin/../lib/gcc/arm-none-eabi/13.3.1/../../../../arm-none-eabi/lib/thumb/v7e-m+dp/hard\libc_nano.a(libc_a-findfp.o)
 .ARM.attributes
                0x00000587       0x32 C:/ST/STM32CubeIDE_2.0.0/STM32CubeIDE/plugins/com.st.stm32cube.ide.mcu.externaltools.gnu-tools-for-stm32.13.3.rel1.win32_1.0.100.202509120712/tools/bin/../lib/gcc/arm-none-eabi/13.3.1/../../../../arm-none-eabi/lib/thumb/v7e-m+dp/hard\libc_nano.a(libc_a-sprintf.o)
 .ARM.attributes
                0x000005b9       0x32 C:/ST/STM32CubeIDE_2.0.0/STM32CubeIDE/plugins/com.st.stm32cube.ide.mcu.externaltools.gnu-tools-for-stm32.13.3.rel1.win32_1.0.100.202509120712/tools/bin/../lib/gcc/arm-none-eabi/13.3.1/../../../../arm-none-eabi/lib/thumb/v7e-m+dp/hard\libc_nano.a(libc_a-memset.o)
 .ARM.attributes
                0x000005eb       0x32 C:/ST/STM32CubeIDE_2.0.0/STM32CubeIDE/plugins/com.st.stm32cube.ide.mcu.externaltools.gnu-tools-for-stm32.13.3.rel1.win32_1.0.100.202509120712/tools/bin/../lib/gcc/arm-none-eabi/13.3.1/../../../../arm-none-eabi/lib/thumb/v7e-m+dp/hard\libc_nano.a(libc_a-strchr.o)
 .ARM.attributes
                0x0000061d       0x32 C:/ST/STM32CubeIDE_2.0.0/STM32CubeIDE/plugins/com.st.stm32cube.ide.mcu.externaltools.gnu-tools-for-stm32.13.3.rel1.win32_1.0.100.202509120712/tools/bin/../lib/gcc/arm-none-eabi/13.3.1/../../../../arm-none-eabi/lib/thumb/v7e-m+dp/hard\libc_nano.a(libc_a-strncmp.o)
 .ARM.attributes
                0x0000064f       0x32 C:/ST/STM32CubeIDE_2.0.0/STM32CubeIDE/plugins/com.st.stm32cube.ide.mcu.externaltools.gnu-tools-for-stm32.13.3.rel1.win32_1.0.100.202509120712/tools/bin/../lib/gcc/arm-none-eabi/13.3.1/../../../../arm-none-eabi/lib/thumb/v7e-m+dp/hard\libc_nano.a(libc_a-strncpy.o)
 .ARM.attributes
                0x00000681       0x32 C:/ST/STM32CubeIDE_2.0.0/STM32CubeIDE/plugins/com.st.stm32cube.ide.mcu.externaltools.gnu-tools-for-stm32.13.3.rel1.win32_1.0.100.202509120712/tools/bin/../lib/gcc/arm-none-eabi/13.3.1/../../../../arm-none-eabi/lib/thumb/v7e-m+dp/hard\libc_nano.a(libc_a-reent.o)
 .ARM.attributes
                0x000006b3       0x32 C:/ST/STM32CubeIDE_2.0.0/STM32CubeIDE/plugins/com.st.stm32cube.ide.mcu.externaltools.gnu-tools-for-stm32.13.3.rel1.win32_1.0.100.202509120712/tools/bin/../lib/gcc/arm-none-eabi/13.3.1/../../../../arm-none-eabi/lib/thumb/v7e-m+dp/hard\libc_nano.a(libc_a-impure.o)
 .ARM.attributes
                0x000006e5       0x32 C:/ST/STM32CubeIDE_2.0.0/STM32CubeIDE/plugins/com.st.stm32cube.ide.mcu.externaltools.gnu-tools-for-stm32.13.3.rel1.win32_1.0.100.202509120712/tools/bin/../lib/gcc/arm-none-eabi/13.3.1/../../../../arm-none-eabi/lib/thumb/v7e-m+dp/hard\libc_nano.a(libc_a-errno.o)
 .ARM.attributes
                0x00000717       0x32 C:/ST/STM32CubeIDE_2.0.0/STM32CubeIDE/plugins/com.st.stm32cube.ide.mcu.externaltools.gnu-tools-for-stm32.13.3.rel1.win32_1.0.100.202509120712/tools/bin/../lib/gcc/arm-none-eabi/13.3.1/../../../../arm-none-eabi/lib/thumb/v7e-m+dp/hard\libc_nano.a(libc_a-init.o)
 .ARM.attributes
                0x00000749       0x32 C:/ST/STM32CubeIDE_2.0.0/STM32CubeIDE/plugins/com.st.stm32cube.ide.mcu.externaltools.gnu-tools-for-stm32.13.3.rel1.win32_1.0.100.202509120712/tools/bin/../lib/gcc/arm-none-eabi/13.3.1/../../../../arm-none-eabi/lib/thumb/v7e-m+dp/hard\libc_nano.a(libc_a-lock.o)
 .ARM.attributes
                0x0000077b       0x32 C:/ST/STM32CubeIDE_2.0.0/STM32CubeIDE/plugins/com.st.stm32cube.ide.mcu.externaltools.gnu-tools-for-stm32.13.3.rel1.win32_1.0.100.202509120712/tools/bin/../lib/gcc/arm-none-eabi/13.3.1/../../../../arm-none-eabi/lib/thumb/v7e-m+dp/hard\libc_nano.a(libc_a-strcpy.o)
 .ARM.attributes
                0x000007ad       0x32 C:/ST/STM32CubeIDE_2.0.0/STM32CubeIDE/plugins/com.st.stm32cube.ide.mcu.externaltools.gnu-tools-for-stm32.13.3.rel1.win32_1.0.100.202509120712/tools/bin/../lib/gcc/arm-none-eabi/13.3.1/../../../../arm-none-eabi/lib/thumb/v7e-m+dp/hard\libc_nano.a(libc_a-memcpy-stub.o)
 .ARM.attributes
                0x000007df       0x17 C:/ST/STM32CubeIDE_2.0.0/STM32CubeIDE/plugins/com.st.stm32cube.ide.mcu.externaltools.gnu-tools-for-stm32.13.3.rel1.win32_1.0.100.202509120712/tools/bin/../lib/gcc/arm-none-eabi/13.3.1/../../../../arm-none-eabi/lib/thumb/v7e-m+dp/hard\libc_nano.a(libc_a-strlen.o)
 .ARM.attributes
                0x000007f6       0x32 C:/ST/STM32CubeIDE_2.0.0/STM32CubeIDE/plugins/com.st.stm32cube.ide.mcu.externaltools.gnu-tools-for-stm32.13.3.rel1.win32_1.0.100.202509120712/tools/bin/../lib/gcc/arm-none-eabi/13.3.1/../../../../arm-none-eabi/lib/thumb/v7e-m+dp/hard\libc_nano.a(libc_a-freer.o)
 .ARM.attributes
                0x00000828       0x32 C:/ST/STM32CubeIDE_2.0.0/STM32CubeIDE/plugins/com.st.stm32cube.ide.mcu.externaltools.gnu-tools-for-stm32.13.3.rel1.win32_1.0.100.202509120712/tools/bin/../lib/gcc/arm-none-eabi/13.3.1/../../../../arm-none-eabi/lib/thumb/v7e-m+dp/hard\libc_nano.a(libc_a-mallocr.o)
 .ARM.attributes
                0x0000085a       0x32 C:/ST/STM32CubeIDE_2.0.0/STM32CubeIDE/plugins/com.st.stm32cube.ide.mcu.externaltools.gnu-tools-for-stm32.13.3.rel1.win32_1.0.100.202509120712/tools/bin/../lib/gcc/arm-none-eabi/13.3.1/../../../../arm-none-eabi/lib/thumb/v7e-m+dp/hard\libc_nano.a(libc_a-mlock.o)
 .ARM.attributes
                0x0000088c       0x32 C:/ST/STM32CubeIDE_2.0.0/STM32CubeIDE/plugins/com.st.stm32cube.ide.mcu.externaltools.gnu-tools-for-stm32.13.3.rel1.win32_1.0.100.202509120712/tools/bin/../lib/gcc/arm-none-eabi/13.3.1/../../../../arm-none-eabi/lib/thumb/v7e-m+dp/hard\libc_nano.a(libc_a-nano-svfprintf.o)
 .ARM.attributes
                0x000008be       0x32 C:/ST/STM32CubeIDE_2.0.0/STM32CubeIDE/plugins/com.st.stm32cube.ide.mcu.externaltools.gnu-tools-for-stm32.13.3.rel1.win32_1.0.100.202509120712/tools/bin/../lib/gcc/arm-none-eabi/13.3.1/../../../../arm-none-eabi/lib/thumb/v7e-m+dp/hard\libc_nano.a(libc_a-nano-vfprintf_i.o)
 .ARM.attributes
                0x000008f0       0x32 C:/ST/STM32CubeIDE_2.0.0/STM32CubeIDE/plugins/com.st.stm32cube.ide.mcu.externaltools.gnu-tools-for-stm32.13.3.rel1.win32_1.0.100.202509120712/tools/bin/../lib/gcc/arm-none-eabi/13.3.1/../../../../arm-none-eabi/lib/thumb/v7e-m+dp/hard\libc_nano.a(libc_a-memmove.o)
 .ARM.attributes
                0x00000922       0x32 C:/ST/STM32CubeIDE_2.0.0/STM32CubeIDE/plugins/com.st.stm32cube.ide.mcu.externaltools.gnu-tools-for-stm32.13.3.rel1.win32_1.0.100.202509120712/tools/bin/../lib/gcc/arm-none-eabi/13.3.1/../../../../arm-none-eabi/lib/thumb/v7e-m+dp/hard\libc_nano.a(libc_a-sbrkr.o)
 .ARM.attributes
                0x00000954       0x1c C:/ST/STM32CubeIDE_2.0.0/STM32CubeIDE/plugins/com.st.stm32cube.ide.mcu.externaltools.gnu-tools-for-stm32.13.3.rel1.win32_1.0.100.202509120712/tools/bin/../lib/gcc/arm-none-eabi/13.3.1/../../../../arm-none-eabi/lib/thumb/v7e-m+dp/hard\libc_nano.a(libc_a-memchr.o)
 .ARM.attributes
                0x00000970       0x32 C:/ST/STM32CubeIDE_2.0.0/STM32CubeIDE/plugins/com.st.stm32cube.ide.mcu.externaltools.gnu-tools-for-stm32.13.3.rel1.win32_1.0.100.202509120712/tools/bin/../lib/gcc/arm-none-eabi/13.3.1/../../../../arm-none-eabi/lib/thumb/v7e-m+dp/hard\libc_nano.a(libc_a-reallocr.o)
 .ARM.attributes
                0x000009a2       0x32 C:/ST/STM32CubeIDE_2.0.0/STM32CubeIDE/plugins/com.st.stm32cube.ide.mcu.externaltools.gnu-tools-for-stm32.13.3.rel1.win32_1.0.100.202509120712/tools/bin/../lib/gcc/arm-none-eabi/13.3.1/../../../../arm-none-eabi/lib/thumb/v7e-m+dp/hard\libc_nano.a(libc_a-msizer.o)
 .ARM.attributes
                0x000009d4       0x20 C:/ST/STM32CubeIDE_2.0.0/STM32CubeIDE/plugins/com.st.stm32cube.ide.mcu.externaltools.gnu-tools-for-stm32.13.3.rel1.win32_1.0.100.202509120712/tools/bin/../lib/gcc/arm-none-eabi/13.3.1/thumb/v7e-m+dp/hard\libgcc.a(_aeabi_uldivmod.o)
 .ARM.attributes
                0x000009f4       0x32 C:/ST/STM32CubeIDE_2.0.0/STM32CubeIDE/plugins/com.st.stm32cube.ide.mcu.externaltools.gnu-tools-for-stm32.13.3.rel1.win32_1.0.100.202509120712/tools/bin/../lib/gcc/arm-none-eabi/13.3.1/thumb/v7e-m+dp/hard\libgcc.a(_udivmoddi4.o)
 .ARM.attributes
                0x00000a26       0x20 C:/ST/STM32CubeIDE_2.0.0/STM32CubeIDE/plugins/com.st.stm32cube.ide.mcu.externaltools.gnu-tools-for-stm32.13.3.rel1.win32_1.0.100.202509120712/tools/bin/../lib/gcc/arm-none-eabi/13.3.1/thumb/v7e-m+dp/hard\libgcc.a(_dvmd_tls.o)
 .ARM.attributes
                0x00000a46       0x20 C:/ST/STM32CubeIDE_2.0.0/STM32CubeIDE/plugins/com.st.stm32cube.ide.mcu.externaltools.gnu-tools-for-stm32.13.3.rel1.win32_1.0.100.202509120712/tools/bin/../lib/gcc/arm-none-eabi/13.3.1/thumb/v7e-m+dp/hard/crtn.o
OUTPUT(Ethernet.elf elf32-littlearm)
LOAD linker stubs
LOAD C:/ST/STM32CubeIDE_2.0.0/STM32CubeIDE/plugins/com.st.stm32cube.ide.mcu.externaltools.gnu-tools-for-stm32.13.3.rel1.win32_1.0.100.202509120712/tools/bin/../lib/gcc/arm-none-eabi/13.3.1/../../../../arm-none-eabi/lib/thumb/v7e-m+dp/hard\libc.a
LOAD C:/ST/STM32CubeIDE_2.0.0/STM32CubeIDE/plugins/com.st.stm32cube.ide.mcu.externaltools.gnu-tools-for-stm32.13.3.rel1.win32_1.0.100.202509120712/tools/bin/../lib/gcc/arm-none-eabi/13.3.1/../../../../arm-none-eabi/lib/thumb/v7e-m+dp/hard\libm.a
LOAD C:/ST/STM32CubeIDE_2.0.0/STM32CubeIDE/plugins/com.st.stm32cube.ide.mcu.externaltools.gnu-tools-for-stm32.13.3.rel1.win32_1.0.100.202509120712/tools/bin/../lib/gcc/arm-none-eabi/13.3.1/thumb/v7e-m+dp/hard\libgcc.a

.debug_info     0x00000000    0x181a8
 .debug_info    0x00000000      0xa31 ./Core/Src/Ethernet/dhcp.o
 .debug_info    0x00000a31      0x76f ./Core/Src/Ethernet/dns.o
 .debug_info    0x000011a0      0xa1d ./Core/Src/Ethernet/socket.o
 .debug_info    0x00001bbd      0x5e6 ./Core/Src/Ethernet/w5500.o
 .debug_info    0x000021a3      0xf3f ./Core/Src/Ethernet/wizchip_conf.o
 .debug_info    0x000030e2     0x1228 ./Core/Src/W5500_MQTT.o
 .debug_info    0x0000430a     0x1ffa ./Core/Src/main.o
 .debug_info    0x00006304     0x146d ./Core/Src/stm32h7xx_hal_msp.o
 .debug_info    0x00007771      0x165 ./Core/Src/stm32h7xx_it.o
 .debug_info    0x000078d6      0x168 ./Core/Src/sysmem.o
 .debug_info    0x00007a3e      0xbf0 ./Core/Src/system_stm32h7xx.o
 .debug_info    0x0000862e       0x30 ./Core/Startup/startup_stm32h723zgtx.o
 .debug_info    0x0000865e     0x1698 ./Drivers/STM32H7xx_HAL_Driver/Src/stm32h7xx_hal.o
 .debug_info    0x00009cf6     0x10a5 ./Drivers/STM32H7xx_HAL_Driver/Src/stm32h7xx_hal_cortex.o
 .debug_info    0x0000ad9b      0xc6b ./Drivers/STM32H7xx_HAL_Driver/Src/stm32h7xx_hal_gpio.o
 .debug_info    0x0000ba06      0xdce ./Drivers/STM32H7xx_HAL_Driver/Src/stm32h7xx_hal_pwr_ex.o
 .debug_info    0x0000c7d4      0xd82 ./Drivers/STM32H7xx_HAL_Driver/Src/stm32h7xx_hal_rcc.o
 .debug_info    0x0000d556     0x120b ./Drivers/STM32H7xx_HAL_Driver/Src/stm32h7xx_hal_rcc_ex.o
 .debug_info    0x0000e761     0x144a ./Drivers/STM32H7xx_HAL_Driver/Src/stm32h7xx_hal_spi.o
 .debug_info    0x0000fbab     0x4b1d ./Drivers/STM32H7xx_HAL_Driver/Src/stm32h7xx_hal_uart.o
 .debug_info    0x000146c8      0xfbf ./Drivers/STM32H7xx_HAL_Driver/Src/stm32h7xx_hal_uart_ex.o
 .debug_info    0x00015687     0x1388 ./MQTT/MQTTClient-C/MQTTClient.o
 .debug_info    0x00016a0f      0x6ec ./MQTT/MQTTPacket/MQTTConnectClient.o
 .debug_info    0x000170fb      0x3b3 ./MQTT/MQTTPacket/MQTTDeserializePublish.o
 .debug_info    0x000174ae      0x7dc ./MQTT/MQTTPacket/MQTTPacket.o
 .debug_info    0x00017c8a      0x51e ./MQTT/MQTTPacket/MQTTSerializePublish.o

.debug_abbrev   0x00000000     0x3a07
 .debug_abbrev  0x00000000      0x230 ./Core/Src/Ethernet/dhcp.o
 .debug_abbrev  0x00000230      0x249 ./Core/Src/Ethernet/dns.o
 .debug_abbrev  0x00000479      0x1c5 ./Core/Src/Ethernet/socket.o
 .debug_abbrev  0x0000063e      0x1cb ./Core/Src/Ethernet/w5500.o
 .debug_abbrev  0x00000809      0x320 ./Core/Src/Ethernet/wizchip_conf.o
 .debug_abbrev  0x00000b29      0x326 ./Core/Src/W5500_MQTT.o
 .debug_abbrev  0x00000e4f      0x34f ./Core/Src/main.o
 .debug_abbrev  0x0000119e      0x206 ./Core/Src/stm32h7xx_hal_msp.o
 .debug_abbrev  0x000013a4       0xa9 ./Core/Src/stm32h7xx_it.o
 .debug_abbrev  0x0000144d       0xbc ./Core/Src/sysmem.o
 .debug_abbrev  0x00001509      0x153 ./Core/Src/system_stm32h7xx.o
 .debug_abbrev  0x0000165c       0x24 ./Core/Startup/startup_stm32h723zgtx.o
 .debug_abbrev  0x00001680      0x29e ./Drivers/STM32H7xx_HAL_Driver/Src/stm32h7xx_hal.o
 .debug_abbrev  0x0000191e      0x339 ./Drivers/STM32H7xx_HAL_Driver/Src/stm32h7xx_hal_cortex.o
 .debug_abbrev  0x00001c57      0x205 ./Drivers/STM32H7xx_HAL_Driver/Src/stm32h7xx_hal_gpio.o
 .debug_abbrev  0x00001e5c      0x295 ./Drivers/STM32H7xx_HAL_Driver/Src/stm32h7xx_hal_pwr_ex.o
 .debug_abbrev  0x000020f1      0x2b1 ./Drivers/STM32H7xx_HAL_Driver/Src/stm32h7xx_hal_rcc.o
 .debug_abbrev  0x000023a2      0x269 ./Drivers/STM32H7xx_HAL_Driver/Src/stm32h7xx_hal_rcc_ex.o
 .debug_abbrev  0x0000260b      0x2b1 ./Drivers/STM32H7xx_HAL_Driver/Src/stm32h7xx_hal_spi.o
 .debug_abbrev  0x000028bc      0x33d ./Drivers/STM32H7xx_HAL_Driver/Src/stm32h7xx_hal_uart.o
 .debug_abbrev  0x00002bf9      0x2d2 ./Drivers/STM32H7xx_HAL_Driver/Src/stm32h7xx_hal_uart_ex.o
 .debug_abbrev  0x00002ecb      0x35e ./MQTT/MQTTClient-C/MQTTClient.o
 .debug_abbrev  0x00003229      0x1db ./MQTT/MQTTPacket/MQTTConnectClient.o
 .debug_abbrev  0x00003404      0x192 ./MQTT/MQTTPacket/MQTTDeserializePublish.o
 .debug_abbrev  0x00003596      0x2b2 ./MQTT/MQTTPacket/MQTTPacket.o
 .debug_abbrev  0x00003848      0x1bf ./MQTT/MQTTPacket/MQTTSerializePublish.o

.debug_aranges  0x00000000     0x12b8
 .debug_aranges
                0x00000000       0xc8 ./Core/Src/Ethernet/dhcp.o
 .debug_aranges
                0x000000c8       0x70 ./Core/Src/Ethernet/dns.o
 .debug_aranges
                0x00000138       0xa8 ./Core/Src/Ethernet/socket.o
 .debug_aranges
                0x000001e0       0x60 ./Core/Src/Ethernet/w5500.o
 .debug_aranges
                0x00000240      0x168 ./Core/Src/Ethernet/wizchip_conf.o
 .debug_aranges
                0x000003a8       0xc0 ./Core/Src/W5500_MQTT.o
 .debug_aranges
                0x00000468       0x50 ./Core/Src/main.o
 .debug_aranges
                0x000004b8       0x40 ./Core/Src/stm32h7xx_hal_msp.o
 .debug_aranges
                0x000004f8       0x60 ./Core/Src/stm32h7xx_it.o
 .debug_aranges
                0x00000558       0x20 ./Core/Src/sysmem.o
 .debug_aranges
                0x00000578       0x30 ./Core/Src/system_stm32h7xx.o
 .debug_aranges
                0x000005a8       0x28 ./Core/Startup/startup_stm32h723zgtx.o
 .debug_aranges
                0x000005d0      0x1c8 ./Drivers/STM32H7xx_HAL_Driver/Src/stm32h7xx_hal.o
 .debug_aranges
                0x00000798      0x130 ./Drivers/STM32H7xx_HAL_Driver/Src/stm32h7xx_hal_cortex.o
 .debug_aranges
                0x000008c8       0x58 ./Drivers/STM32H7xx_HAL_Driver/Src/stm32h7xx_hal_gpio.o
 .debug_aranges
                0x00000920      0x148 ./Drivers/STM32H7xx_HAL_Driver/Src/stm32h7xx_hal_pwr_ex.o
 .debug_aranges
                0x00000a68       0x88 ./Drivers/STM32H7xx_HAL_Driver/Src/stm32h7xx_hal_rcc.o
 .debug_aranges
                0x00000af0       0xf8 ./Drivers/STM32H7xx_HAL_Driver/Src/stm32h7xx_hal_rcc_ex.o
 .debug_aranges
                0x00000be8      0x1a8 ./Drivers/STM32H7xx_HAL_Driver/Src/stm32h7xx_hal_spi.o
 .debug_aranges
                0x00000d90      0x248 ./Drivers/STM32H7xx_HAL_Driver/Src/stm32h7xx_hal_uart.o
 .debug_aranges
                0x00000fd8       0xa8 ./Drivers/STM32H7xx_HAL_Driver/Src/stm32h7xx_hal_uart_ex.o
 .debug_aranges
                0x00001080       0xd8 ./MQTT/MQTTClient-C/MQTTClient.o
 .debug_aranges
                0x00001158       0x48 ./MQTT/MQTTPacket/MQTTConnectClient.o
 .debug_aranges
                0x000011a0       0x28 ./MQTT/MQTTPacket/MQTTDeserializePublish.o
 .debug_aranges
                0x000011c8       0xa8 ./MQTT/MQTTPacket/MQTTPacket.o
 .debug_aranges
                0x00001270       0x48 ./MQTT/MQTTPacket/MQTTSerializePublish.o

.debug_rnglists
                0x00000000      0xeb9
 .debug_rnglists
                0x00000000       0x99 ./Core/Src/Ethernet/dhcp.o
 .debug_rnglists
                0x00000099       0x54 ./Core/Src/Ethernet/dns.o
 .debug_rnglists
                0x000000ed       0x91 ./Core/Src/Ethernet/socket.o
 .debug_rnglists
                0x0000017e       0x4c ./Core/Src/Ethernet/w5500.o
 .debug_rnglists
                0x000001ca      0x111 ./Core/Src/Ethernet/wizchip_conf.o
 .debug_rnglists
                0x000002db       0xa5 ./Core/Src/W5500_MQTT.o
 .debug_rnglists
                0x00000380       0x3c ./Core/Src/main.o
 .debug_rnglists
                0x000003bc       0x2d ./Core/Src/stm32h7xx_hal_msp.o
 .debug_rnglists
                0x000003e9       0x43 ./Core/Src/stm32h7xx_it.o
 .debug_rnglists
                0x0000042c       0x13 ./Core/Src/sysmem.o
 .debug_rnglists