Archive member included to satisfy reference by file (symbol)

C:/ST/STM32CubeIDE_2.0.0/STM32CubeIDE/plugins/com.st.stm32cube.ide.mcu.externaltools.gnu-tools-for-stm32.13.3.rel1.win32_1.0.100.202509120712/tools/bin/../lib/gcc/arm-none-eabi/13.3.1/../../../../arm-none-eabi/lib/thumb/v7e-m+dp/hard\libc_nano.a(libc_a-exit.o)
                              C:/ST/STM32CubeIDE_2.0.0/STM32CubeIDE/plugins/com.st.stm32cube.ide.mcu.externaltools.gnu-tools-for-stm32.13.3.rel1.win32_1.0.100.202509120712/tools/bin/../lib/gcc/arm-none-eabi/13.3.1/../../../../arm-none-eabi/lib/thumb/v7e-m+dp/hard/crt0.o (exit)
C:/ST/STM32CubeIDE_2.0.0/STM32CubeIDE/plugins/com.st.stm32cube.ide.mcu.externaltools.gnu-tools-for-stm32.13.3.rel1.win32_1.0.100.202509120712/tools/bin/../lib/gcc/arm-none-eabi/13.3.1/../../../../arm-none-eabi/lib/thumb/v7e-m+dp/hard\libc_nano.a(libc_a-findfp.o)
                              C:/ST/STM32CubeIDE_2.0.0/STM32CubeIDE/plugins/com.st.stm32cube.ide.mcu.externaltools.gnu-tools-for-stm32.13.3.rel1.win32_1.0.100.202509120712/tools/bin/../lib/gcc/arm-none-eabi/13.3.1/../../../../arm-none-eabi/lib/thumb/v7e-m+dp/hard\libc_nano.a(libc_a-exit.o) (__stdio_exit_handler)
C:/ST/STM32CubeIDE_2.0.0/STM32CubeIDE/plugins/com.st.stm32cube.ide.mcu.externaltools.gnu-tools-for-stm32.13.3.rel1.win32_1.0.100.202509120712/tools/bin/../lib/gcc/arm-none-eabi/13.3.1/../../../../arm-none-eabi/lib/thumb/v7e-m+dp/hard\libc_nano.a(libc_a-fwalk.o)
                              C:/ST/STM32CubeIDE_2.0.0/STM32CubeIDE/plugins/com.st.stm32cube.ide.mcu.externaltools.gnu-tools-for-stm32.13.3.rel1.win32_1.0.100.202509120712/tools/bin/../lib/gcc/arm-none-eabi/13.3.1/../../../../arm-none-eabi/lib/thumb/v7e-m+dp/hard\libc_nano.a(libc_a-findfp.o) (_fwalk_sglue)
C:/ST/STM32CubeIDE_2.0.0/STM32CubeIDE/plugins/com.st.stm32cube.ide.mcu.externaltools.gnu-tools-for-stm32.13.3.rel1.win32_1.0.100.202509120712/tools/bin/../lib/gcc/arm-none-eabi/13.3.1/../../../../arm-none-eabi/lib/thumb/v7e-m+dp/hard\libc_nano.a(libc_a-stdio.o)
                              C:/ST/STM32CubeIDE_2.0.0/STM32CubeIDE/plugins/com.st.stm32cube.ide.mcu.externaltools.gnu-tools-for-stm32.13.3.rel1.win32_1.0.100.202509120712/tools/bin/../lib/gcc/arm-none-eabi/13.3.1/../../../../arm-none-eabi/lib/thumb/v7e-m+dp/hard\libc_nano.a(libc_a-findfp.o) (__sread)
C:/ST/STM32CubeIDE_2.0.0/STM32CubeIDE/plugins/com.st.stm32cube.ide.mcu.externaltools.gnu-tools-for-stm32.13.3.rel1.win32_1.0.100.202509120712/tools/bin/../lib/gcc/arm-none-eabi/13.3.1/../../../../arm-none-eabi/lib/thumb/v7e-m+dp/hard\libc_nano.a(libc_a-memset.o)
                              C:/ST/STM32CubeIDE_2.0.0/STM32CubeIDE/plugins/com.st.stm32cube.ide.mcu.externaltools.gnu-tools-for-stm32.13.3.rel1.win32_1.0.100.202509120712/tools/bin/../lib/gcc/arm-none-eabi/13.3.1/../../../../arm-none-eabi/lib/thumb/v7e-m+dp/hard/crt0.o (memset)
C:/ST/STM32CubeIDE_2.0.0/STM32CubeIDE/plugins/com.st.stm32cube.ide.mcu.externaltools.gnu-tools-for-stm32.13.3.rel1.win32_1.0.100.202509120712/tools/bin/../lib/gcc/arm-none-eabi/13.3.1/../../../../arm-none-eabi/lib/thumb/v7e-m+dp/hard\libc_nano.a(libc_a-closer.o)
                              C:/ST/STM32CubeIDE_2.0.0/STM32CubeIDE/plugins/com.st.stm32cube.ide.mcu.externaltools.gnu-tools-for-stm32.13.3.rel1.win32_1.0.100.202509120712/tools/bin/../lib/gcc/arm-none-eabi/13.3.1/../../../../arm-none-eabi/lib/thumb/v7e-m+dp/hard\libc_nano.a(libc_a-stdio.o) (_close_r)
C:/ST/STM32CubeIDE_2.0.0/STM32CubeIDE/plugins/com.st.stm32cube.ide.mcu.externaltools.gnu-tools-for-stm32.13.3.rel1.win32_1.0.100.202509120712/tools/bin/../lib/gcc/arm-none-eabi/13.3.1/../../../../arm-none-eabi/lib/thumb/v7e-m+dp/hard\libc_nano.a(libc_a-reent.o)
                              C:/ST/STM32CubeIDE_2.0.0/STM32CubeIDE/plugins/com.st.stm32cube.ide.mcu.externaltools.gnu-tools-for-stm32.13.3.rel1.win32_1.0.100.202509120712/tools/bin/../lib/gcc/arm-none-eabi/13.3.1/../../../../arm-none-eabi/lib/thumb/v7e-m+dp/hard\libc_nano.a(libc_a-closer.o) (errno)
C:/ST/STM32CubeIDE_2.0.0/STM32CubeIDE/plugins/com.st.stm32cube.ide.mcu.externaltools.gnu-tools-for-stm32.13.3.rel1.win32_1.0.100.202509120712/tools/bin/../lib/gcc/arm-none-eabi/13.3.1/../../../../arm-none-eabi/lib/thumb/v7e-m+dp/hard\libc_nano.a(libc_a-impure.o)
                              C:/ST/STM32CubeIDE_2.0.0/STM32CubeIDE/plugins/com.st.stm32cube.ide.mcu.externaltools.gnu-tools-for-stm32.13.3.rel1.win32_1.0.100.202509120712/tools/bin/../lib/gcc/arm-none-eabi/13.3.1/../../../../arm-none-eabi/lib/thumb/v7e-m+dp/hard\libc_nano.a(libc_a-reent.o) (_impure_ptr)
C:/ST/STM32CubeIDE_2.0.0/STM32CubeIDE/plugins/com.st.stm32cube.ide.mcu.externaltools.gnu-tools-for-stm32.13.3.rel1.win32_1.0.100.202509120712/tools/bin/../lib/gcc/arm-none-eabi/13.3.1/../../../../arm-none-eabi/lib/thumb/v7e-m+dp/hard\libc_nano.a(libc_a-lseekr.o)
[...]
Memory Configuration

Name             Origin             Length             Attributes
ITCMRAM          0x00000000         0x00010000         xrw
DTCMRAM          0x20000000         0x00020000         xrw
FLASH            0x08000000         0x00100000         xr
RAM_D1           0x24000000         0x00050000         xrw
RAM_D2           0x30000000         0x00008000         xrw
RAM_D3           0x38000000         0x00004000         xrw
*default*        0x00000000         0xffffffff

Linker script and memory map

LOAD C:/ST/STM32CubeIDE_2.0.0/STM32CubeIDE/plugins/com.st.stm32cube.ide.mcu.externaltools.gnu-tools-for-stm32.13.3.rel1.win32_1.0.100.202509120712/tools/bin/../lib/gcc/arm-none-eabi/13.3.1/thumb/v7e-m+dp/hard/crti.o
LOAD C:/ST/STM32CubeIDE_2.0.0/STM32CubeIDE/plugins/com.st.stm32cube.ide.mcu.externaltools.gnu-tools-for-stm32.13.3.rel1.win32_1.0.100.202509120712/tools/bin/../lib/gcc/arm-none-eabi/13.3.1/thumb/v7e-m+dp/hard/crtbegin.o
LOAD C:/ST/STM32CubeIDE_2.0.0/STM32CubeIDE/plugins/com.st.stm32cube.ide.mcu.externaltools.gnu-tools-for-stm32.13.3.rel1.win32_1.0.100.202509120712/tools/bin/../lib/gcc/arm-none-eabi/13.3.1/../../../../arm-none-eabi/lib/thumb/v7e-m+dp/hard/crt0.o
LOAD ./Core/Src/main.o
LOAD ./Core/Src/stm32h7xx_hal_msp.o
LOAD ./Core/Src/stm32h7xx_it.o
LOAD ./Core/Src/syscalls.o
LOAD ./Core/Src/sysmem.o
LOAD ./Core/Src/system_stm32h7xx.o
LOAD ./Core/Startup/startup_stm32h723zgtx.o
LOAD ./Drivers/STM32H7xx_HAL_Driver/Src/stm32h7xx_hal.o
LOAD ./Drivers/STM32H7xx_HAL_Driver/Src/stm32h7xx_hal_adc.o
LOAD ./Drivers/STM32H7xx_HAL_Driver/Src/stm32h7xx_hal_adc_ex.o
LOAD ./Drivers/STM32H7xx_HAL_Driver/Src/stm32h7xx_hal_cortex.o
LOAD ./Drivers/STM32H7xx_HAL_Driver/Src/stm32h7xx_hal_dma.o
LOAD ./Drivers/STM32H7xx_HAL_Driver/Src/stm32h7xx_hal_dma_ex.o
LOAD ./Drivers/STM32H7xx_HAL_Driver/Src/stm32h7xx_hal_exti.o
LOAD ./Drivers/STM32H7xx_HAL_Driver/Src/stm32h7xx_hal_flash.o
LOAD ./Drivers/STM32H7xx_HAL_Driver/Src/stm32h7xx_hal_flash_ex.o
LOAD ./Drivers/STM32H7xx_HAL_Driver/Src/stm32h7xx_hal_gpio.o
LOAD ./Drivers/STM32H7xx_HAL_Driver/Src/stm32h7xx_hal_hsem.o
LOAD ./Drivers/STM32H7xx_HAL_Driver/Src/stm32h7xx_hal_i2c.o
LOAD ./Drivers/STM32H7xx_HAL_Driver/Src/stm32h7xx_hal_i2c_ex.o
LOAD ./Drivers/STM32H7xx_HAL_Driver/Src/stm32h7xx_hal_mdma.o
LOAD ./Drivers/STM32H7xx_HAL_Driver/Src/stm32h7xx_hal_pwr.o
LOAD ./Drivers/STM32H7xx_HAL_Driver/Src/stm32h7xx_hal_pwr_ex.o
LOAD ./Drivers/STM32H7xx_HAL_Driver/Src/stm32h7xx_hal_rcc.o
LOAD ./Drivers/STM32H7xx_HAL_Driver/Src/stm32h7xx_hal_rcc_ex.o
LOAD ./Drivers/STM32H7xx_HAL_Driver/Src/stm32h7xx_hal_tim.o
LOAD ./Drivers/STM32H7xx_HAL_Driver/Src/stm32h7xx_hal_tim_ex.o
START GROUP
LOAD C:/ST/STM32CubeIDE_2.0.0/STM32CubeIDE/plugins/com.st.stm32cube.ide.mcu.externaltools.gnu-tools-for-stm32.13.3.rel1.win32_1.0.100.202509120712/tools/bin/../lib/gcc/arm-none-eabi/13.3.1/../../../../arm-none-eabi/lib/thumb/v7e-m+dp/hard\libc_nano.a
LOAD C:/ST/STM32CubeIDE_2.0.0/STM32CubeIDE/plugins/com.st.stm32cube.ide.mcu.externaltools.gnu-tools-for-stm32.13.3.rel1.win32_1.0.100.202509120712/tools/bin/../lib/gcc/arm-none-eabi/13.3.1/../../../../arm-none-eabi/lib/thumb/v7e-m+dp/hard\libm.a
END GROUP
START GROUP
LOAD C:/ST/STM32CubeIDE_2.0.0/STM32CubeIDE/plugins/com.st.stm32cube.ide.mcu.externaltools.gnu-tools-for-stm32.13.3.rel1.win32_1.0.100.202509120712/tools/bin/../lib/gcc/arm-none-eabi/13.3.1/thumb/v7e-m+dp/hard\libgcc.a
LOAD C:/ST/STM32CubeIDE_2.0.0/STM32CubeIDE/plugins/com.st.stm32cube.ide.mcu.externaltools.gnu-tools-for-stm32.13.3.rel1.win32_1.0.100.202509120712/tools/bin/../lib/gcc/arm-none-eabi/13.3.1/../../../../arm-none-eabi/lib/thumb/v7e-m+dp/hard\libc_nano.a
END GROUP
START GROUP
LOAD C:/ST/STM32CubeIDE_2.0.0/STM32CubeIDE/plugins/com.st.stm32cube.ide.mcu.externaltools.gnu-tools-for-stm32.13.3.rel1.win32_1.0.100.202509120712/tools/bin/../lib/gcc/arm-none-eabi/13.3.1/thumb/v7e-m+dp/hard\libgcc.a
LOAD C:/ST/STM32CubeIDE_2.0.0/STM32CubeIDE/plugins/com.st.stm32cube.ide.mcu.externaltools.gnu-tools-for-stm32.13.3.rel1.win32_1.0.100.202509120712/tools/bin/../lib/gcc/arm-none-eabi/13.3.1/../../../../arm-none-eabi/lib/thumb/v7e-m+dp/hard\libc_nano.a
LOAD C:/ST/STM32CubeIDE_2.0.0/STM32CubeIDE/plugins/com.st.stm32cube.ide.mcu.externaltools.gnu-tools-for-stm32.13.3.rel1.win32_1.0.100.202509120712/tools/bin/../lib/gcc/arm-none-eabi/13.3.1/../../../../arm-none-eabi/lib/thumb/v7e-m+dp/hard\libnosys.a
END GROUP
START GROUP
LOAD C:/ST/STM32CubeIDE_2.0.0/STM32CubeIDE/plugins/com.st.stm32cube.ide.mcu.externaltools.gnu-tools-for-stm32.13.3.rel1.win32_1.0.100.202509120712/tools/bin/../lib/gcc/arm-none-eabi/13.3.1/thumb/v7e-m+dp/hard\libgcc.a
LOAD C:/ST/STM32CubeIDE_2.0.0/STM32CubeIDE/plugins/com.st.stm32cube.ide.mcu.externaltools.gnu-tools-for-stm32.13.3.rel1.win32_1.0.100.202509120712/tools/bin/../lib/gcc/arm-none-eabi/13.3.1/../../../../arm-none-eabi/lib/thumb/v7e-m+dp/hard\libc_nano.a
LOAD C:/ST/STM32CubeIDE_2.0.0/STM32CubeIDE/plugins/com.st.stm32cube.ide.mcu.externaltools.gnu-tools-for-stm32.13.3.rel1.win32_1.0.100.202509120712/tools/bin/../lib/gcc/arm-none-eabi/13.3.1/../../../../arm-none-eabi/lib/thumb/v7e-m+dp/hard\libnosys.a
END GROUP
LOAD C:/ST/STM32CubeIDE_2.0.0/STM32CubeIDE/plugins/com.st.stm32cube.ide.mcu.externaltools.gnu-tools-for-stm32.13.3.rel1.win32_1.0.100.202509120712/tools/bin/../lib/gcc/arm-none-eabi/13.3.1/thumb/v7e-m+dp/hard/crtend.o
LOAD C:/ST/STM32CubeIDE_2.0.0/STM32CubeIDE/plugins/com.st.stm32cube.ide.mcu.externaltools.gnu-tools-for-stm32.13.3.rel1.win32_1.0.100.202509120712/tools/bin/../lib/gcc/arm-none-eabi/13.3.1/thumb/v7e-m+dp/hard/crtn.o
                0x24050000                        _estack = (ORIGIN (RAM_D1) + LENGTH (RAM_D1))
                0x00000200                        _Min_Heap_Size = 0x200
                0x00000400                        _Min_Stack_Size = 0x400

.isr_vector     0x08000000      0x2cc
                0x08000000                        . = ALIGN (0x4)
 *(.isr_vector)
 .isr_vector    0x08000000      0x2cc ./Core/Startup/startup_stm32h723zgtx.o
                0x08000000                g_pfnVectors
                0x080002cc                        . = ALIGN (0x4)

.text           0x080002cc     0x8ca0
                0x080002cc                        . = ALIGN (0x4)
 *(.text)
 .text          0x080002cc       0x40 C:/ST/STM32CubeIDE_2.0.0/STM32CubeIDE/plugins/com.st.stm32cube.ide.mcu.externaltools.gnu-tools-for-stm32.13.3.rel1.win32_1.0.100.202509120712/tools/bin/../lib/gcc/arm-none-eabi/13.3.1/thumb/v7e-m+dp/hard/crtbegin.o
 *(.text*)
 .text.Process_Audio_Chunk
                0x0800030c       0xb8 ./Core/Src/main.o
                0x0800030c                Process_Audio_Chunk
 .text.HAL_ADC_ConvHalfCpltCallback
                0x080003c4       0x2c ./Core/Src/main.o
                0x080003c4                HAL_ADC_ConvHalfCpltCallback
 .text.HAL_ADC_ConvCpltCallback
                0x080003f0       0x2c ./Core/Src/main.o
                0x080003f0                HAL_ADC_ConvCpltCallback
 .text.main     0x0800041c       0x40 ./Core/Src/main.o
                0x0800041c                main
 .text.SystemClock_Config
                0x0800045c       0xe0 ./Core/Src/main.o
                0x0800045c                SystemClock_Config
 .text.MX_ADC1_Init
                0x0800053c       0xf4 ./Core/Src/main.o
 .text.MX_DMA_Init
                0x08000630       0x40 ./Core/Src/main.o
 .text.MX_GPIO_Init
                0x08000670       0xc4 ./Core/Src/main.o
 .text.MPU_Config
                0x08000734       0x58 ./Core/Src/main.o
 .text.Error_Handler
                0x0800078c        0xc ./Core/Src/main.o
                0x0800078c                Error_Handler
 .text.HAL_MspInit
                0x08000798       0x34 ./Core/Src/stm32h7xx_hal_msp.o
                0x08000798                HAL_MspInit
 .text.HAL_ADC_MspInit
                0x080007cc      0x1a0 ./Core/Src/stm32h7xx_hal_msp.o
                0x080007cc                HAL_ADC_MspInit
 .text.NMI_Handler
                0x0800096c        0x8 ./Core/Src/stm32h7xx_it.o
                0x0800096c                NMI_Handler
 .text.HardFault_Handler
                0x08000974        0x8 ./Core/Src/stm32h7xx_it.o
                0x08000974                HardFault_Handler
 .text.MemManage_Handler
                0x0800097c        0x8 ./Core/Src/stm32h7xx_it.o
                0x0800097c                MemManage_Handler
 .text.BusFault_Handler
                0x08000984        0x8 ./Core/Src/stm32h7xx_it.o
                0x08000984                BusFault_Handler
 .text.UsageFault_Handler
                0x0800098c        0x8 ./Core/Src/stm32h7xx_it.o
                0x0800098c                UsageFault_Handler
 .text.SVC_Handler
                0x08000994        0xe ./Core/Src/stm32h7xx_it.o
                0x08000994                SVC_Handler
 .text.DebugMon_Handler
                0x080009a2        0xe ./Core/Src/stm32h7xx_it.o
                0x080009a2                DebugMon_Handler
 .text.PendSV_Handler
                0x080009b0        0xe ./Core/Src/stm32h7xx_it.o
                0x080009b0                PendSV_Handler
 .text.SysTick_Handler
                0x080009be        0xc ./Core/Src/stm32h7xx_it.o
                0x080009be                SysTick_Handler
 *fill*         0x080009ca        0x2 
 .text.DMA1_Stream0_IRQHandler
                0x080009cc       0x14 ./Core/Src/stm32h7xx_it.o
                0x080009cc                DMA1_Stream0_IRQHandler
 .text.ADC_IRQHandler
                0x080009e0       0x14 ./Core/Src/stm32h7xx_it.o
                0x080009e0                ADC_IRQHandler
 .text.SystemInit
                0x080009f4      0x120 ./Core/Src/system_stm32h7xx.o
                0x080009f4                SystemInit
 .text.ExitRun0Mode
                0x08000b14       0x30 ./Core/Src/system_stm32h7xx.o
                0x08000b14                ExitRun0Mode
 .text.Reset_Handler
                0x08000b44       0x54 ./Core/Startup/startup_stm32h723zgtx.o
                0x08000b44                Reset_Handler
 .text.Default_Handler
                0x08000b98        0x2 ./Core/Startup/startup_stm32h723zgtx.o
                0x08000b98                RTC_Alarm_IRQHandler
                0x08000b98                EXTI2_IRQHandler
                0x08000b98                TIM8_CC_IRQHandler
                0x08000b98                UART8_IRQHandler
                0x08000b98                SPI4_IRQHandler
                0x08000b98                FDCAN3_IT0_IRQHandler
                0x08000b98                TIM1_CC_IRQHandler
                0x08000b98                BDMA_Channel6_IRQHandler
                0x08000b98                DMA2_Stream5_IRQHandler
                0x08000b98                DMA1_Stream5_IRQHandler
                0x08000b98                CORDIC_IRQHandler
                0x08000b98                BDMA_Channel1_IRQHandler
                0x08000b98                TAMP_STAMP_IRQHandler
                0x08000b98                EXTI3_IRQHandler
                0x08000b98                LPTIM4_IRQHandler
                0x08000b98                TIM8_TRG_COM_TIM14_IRQHandler
                0x08000b98                LPTIM2_IRQHandler
                0x08000b98                DFSDM1_FLT1_IRQHandler
                0x08000b98                DMAMUX2_OVR_IRQHandler
                0x08000b98                TIM8_UP_TIM13_IRQHandler
                0x08000b98                I2C3_ER_IRQHandler
                0x08000b98                DFSDM1_FLT2_IRQHandler
                0x08000b98                I2C5_EV_IRQHandler
                0x08000b98                USART10_IRQHandler
                0x08000b98                MDMA_IRQHandler
                0x08000b98                LPTIM3_IRQHandler
                0x08000b98                HSEM1_IRQHandler
                0x08000b98                EXTI0_IRQHandler
                0x08000b98                I2C2_EV_IRQHandler
                0x08000b98                DMA1_Stream2_IRQHandler
                0x08000b98                FPU_IRQHandler
                0x08000b98                OTG_HS_WKUP_IRQHandler
                0x08000b98                FDCAN1_IT1_IRQHandler
                0x08000b98                LTDC_ER_IRQHandler
                0x08000b98                DMA2_Stream2_IRQHandler
                0x08000b98                SPI1_IRQHandler
                0x08000b98                OCTOSPI1_IRQHandler
                0x08000b98                TIM6_DAC_IRQHandler
                0x08000b98                DMA2_Stream3_IRQHandler
                0x08000b98                OCTOSPI2_IRQHandler
                0x08000b98                DFSDM1_FLT3_IRQHandler
                0x08000b98                TIM23_IRQHandler
                0x08000b98                USART6_IRQHandler
                0x08000b98                TIM17_IRQHandler
                0x08000b98                USART3_IRQHandler
                0x08000b98                BDMA_Channel7_IRQHandler
                0x08000b98                LPTIM5_IRQHandler
                0x08000b98                UART5_IRQHandler
                0x08000b98                ADC3_IRQHandler
                0x08000b98                DMA2_Stream0_IRQHandler
                0x08000b98                TIM4_IRQHandler
                0x08000b98                BDMA_Channel2_IRQHandler
                0x08000b98                I2C1_EV_IRQHandler
                0x08000b98                DMA1_Stream6_IRQHandler
                0x08000b98                DMAMUX1_OVR_IRQHandler
                0x08000b98                DMA1_Stream1_IRQHandler
                0x08000b98                TIM16_IRQHandler
                0x08000b98                UART4_IRQHandler
                0x08000b98                BDMA_Channel5_IRQHandler
                0x08000b98                TIM3_IRQHandler
                0x08000b98                RCC_IRQHandler
                0x08000b98                UART9_IRQHandler
                0x08000b98                TIM8_BRK_TIM12_IRQHandler
                0x08000b98                TIM1_TRG_COM_IRQHandler
                0x08000b98                Default_Handler
                0x08000b98                ECC_IRQHandler
                0x08000b98                FMAC_IRQHandler
                0x08000b98                CEC_IRQHandler
                0x08000b98                EXTI15_10_IRQHandler
                0x08000b98                BDMA_Channel0_IRQHandler
                0x08000b98                I2C5_ER_IRQHandler
                0x08000b98                DMA1_Stream7_IRQHandler
                0x08000b98                SPI5_IRQHandler
                0x08000b98                TIM7_IRQHandler
                0x08000b98                FDCAN3_IT1_IRQHandler
                0x08000b98                SDMMC1_IRQHandler
                0x08000b98                TIM5_IRQHandler
                0x08000b98                DMA2_Stream7_IRQHandler
                0x08000b98                TIM15_IRQHandler
                0x08000b98                PVD_AVD_IRQHandler
                0x08000b98                I2C3_EV_IRQHandler
                0x08000b98                EXTI9_5_IRQHandler
                0x08000b98                RTC_WKUP_IRQHandler
                0x08000b98                LTDC_IRQHandler
                0x08000b98                ETH_WKUP_IRQHandler
                0x08000b98                SPDIF_RX_IRQHandler
                0x08000b98                SPI2_IRQHandler
                0x08000b98                OTG_HS_EP1_IN_IRQHandler
                0x08000b98                TIM24_IRQHandler
                0x08000b98                CRS_IRQHandler
                0x08000b98                EXTI4_IRQHandler
                0x08000b98                RNG_IRQHandler
                0x08000b98                FDCAN2_IT1_IRQHandler
                0x08000b98                ETH_IRQHandler
                0x08000b98                TIM1_UP_IRQHandler
                0x08000b98                BDMA_Channel4_IRQHandler
                0x08000b98                OTG_HS_EP1_OUT_IRQHandler
                0x08000b98                WWDG_IRQHandler
                0x08000b98                SPI6_IRQHandler
                0x08000b98                MDIOS_IRQHandler
                0x08000b98                I2C4_EV_IRQHandler
                0x08000b98                FDCAN2_IT0_IRQHandler
                0x08000b98                LPUART1_IRQHandler
                0x08000b98                FDCAN1_IT0_IRQHandler
                0x08000b98                TIM2_IRQHandler
                0x08000b98                OTG_HS_IRQHandler
                0x08000b98                DMA2D_IRQHandler
                0x08000b98                TIM1_BRK_IRQHandler
                0x08000b98                EXTI1_IRQHandler
                0x08000b98                SDMMC2_IRQHandler
                0x08000b98                BDMA_Channel3_IRQHandler
                0x08000b98                DTS_IRQHandler
                0x08000b98                UART7_IRQHandler
                0x08000b98                MDIOS_WKUP_IRQHandler
                0x08000b98                USART2_IRQHandler
                0x08000b98                DFSDM1_FLT0_IRQHandler
                0x08000b98                SAI4_IRQHandler
                0x08000b98                I2C2_ER_IRQHandler
                0x08000b98                DMA2_Stream1_IRQHandler
                0x08000b98                FLASH_IRQHandler
                0x08000b98                DMA2_Stream4_IRQHandler
                0x08000b98                USART1_IRQHandler
                0x08000b98                SPI3_IRQHandler
                0x08000b98                WAKEUP_PIN_IRQHandler
                0x08000b98                DMA1_Stream4_IRQHandler
                0x08000b98                I2C1_ER_IRQHandler
                0x08000b98                FMC_IRQHandler
                0x08000b98                FDCAN_CAL_IRQHandler
                0x08000b98                SWPMI1_IRQHandler
                0x08000b98                COMP1_IRQHandler
                0x08000b98                LPTIM1_IRQHandler
                0x08000b98                DCMI_PSSI_IRQHandler
                0x08000b98                I2C4_ER_IRQHandler
                0x08000b98                DMA2_Stream6_IRQHandler
                0x08000b98                SAI1_IRQHandler
                0x08000b98                DMA1_Stream3_IRQHandler
 *fill*         0x08000b9a        0x2 
 .text.HAL_Init
                0x08000b9c       0x78 ./Drivers/STM32H7xx_HAL_Driver/Src/stm32h7xx_hal.o
                0x08000b9c                HAL_Init
 .text.HAL_InitTick
                0x08000c14       0x6c ./Drivers/STM32H7xx_HAL_Driver/Src/stm32h7xx_hal.o
                0x08000c14                HAL_InitTick
 .text.HAL_IncTick
                0x08000c80       0x28 ./Drivers/STM32H7xx_HAL_Driver/Src/stm32h7xx_hal.o
                0x08000c80                HAL_IncTick
 .text.HAL_GetTick
                0x08000ca8       0x18 ./Drivers/STM32H7xx_HAL_Driver/Src/stm32h7xx_hal.o
                0x08000ca8                HAL_GetTick
 .text.LL_ADC_SetCommonClock
                0x08000cc0       0x26 ./Drivers/STM32H7xx_HAL_Driver/Src/stm32h7xx_hal_adc.o
 .text.LL_ADC_SetCommonPathInternalCh
                0x08000ce6       0x26 ./Drivers/STM32H7xx_HAL_Driver/Src/stm32h7xx_hal_adc.o
 .text.LL_ADC_GetCommonPathInternalCh
                0x08000d0c       0x1c ./Drivers/STM32H7xx_HAL_Driver/Src/stm32h7xx_hal_adc.o
 .text.LL_ADC_SetChannelPreselection
                0x08000d28       0x74 ./Drivers/STM32H7xx_HAL_Driver/Src/stm32h7xx_hal_adc.o
 .text.LL_ADC_SetOffset
                0x08000d9c       0x64 ./Drivers/STM32H7xx_HAL_Driver/Src/stm32h7xx_hal_adc.o
 .text.LL_ADC_GetOffsetChannel
                0x08000e00       0x2c ./Drivers/STM32H7xx_HAL_Driver/Src/stm32h7xx_hal_adc.o
 .text.LL_ADC_SetDataRightShift
                0x08000e2c       0x32 ./Drivers/STM32H7xx_HAL_Driver/Src/stm32h7xx_hal_adc.o
 *fill*         0x08000e5e        0x2 
 .text.LL_ADC_SetOffsetSignedSaturation
                0x08000e60       0x44 ./Drivers/STM32H7xx_HAL_Driver/Src/stm32h7xx_hal_adc.o
 .text.LL_ADC_SetOffsetSaturation
                0x08000ea4       0x44 ./Drivers/STM32H7xx_HAL_Driver/Src/stm32h7xx_hal_adc.o
 .text.LL_ADC_SetOffsetSign
                0x08000ee8       0x44 ./Drivers/STM32H7xx_HAL_Driver/Src/stm32h7xx_hal_adc.o
 .text.LL_ADC_SetOffsetState
                0x08000f2c       0x54 ./Drivers/STM32H7xx_HAL_Driver/Src/stm32h7xx_hal_adc.o
 .text.LL_ADC_REG_IsTriggerSourceSWStart
                0x08000f80       0x26 ./Drivers/STM32H7xx_HAL_Driver/Src/stm32h7xx_hal_adc.o
 .text.LL_ADC_REG_SetSequencerRanks
                0x08000fa6       0x58 ./Drivers/STM32H7xx_HAL_Driver/Src/stm32h7xx_hal_adc.o
 .text.LL_ADC_REG_SetDataTransferMode
                0x08000ffe       0x26 ./Drivers/STM32H7xx_HAL_Driver/Src/stm32h7xx_hal_adc.o
 .text.LL_ADC_EnableDMAReq
                0x08001024       0x20 ./Drivers/STM32H7xx_HAL_Driver/Src/stm32h7xx_hal_adc.o
 .text.LL_ADC_REG_SetDMATransferMode
                0x08001044       0x34 ./Drivers/STM32H7xx_HAL_Driver/Src/stm32h7xx_hal_adc.o
 .text.LL_ADC_INJ_IsTriggerSourceSWStart
                0x08001078       0x26 ./Drivers/STM32H7xx_HAL_Driver/Src/stm32h7xx_hal_adc.o
 .text.LL_ADC_SetChannelSamplingTime
                0x0800109e       0x56 ./Drivers/STM32H7xx_HAL_Driver/Src/stm32h7xx_hal_adc.o
 .text.LL_ADC_SetChannelSingleDiff
                0x080010f4       0x80 ./Drivers/STM32H7xx_HAL_Driver/Src/stm32h7xx_hal_adc.o
 .text.LL_ADC_GetMultimode
                0x08001174       0x1c ./Drivers/STM32H7xx_HAL_Driver/Src/stm32h7xx_hal_adc.o
 .text.LL_ADC_GetMultiDMATransfer
                0x08001190       0x1c ./Drivers/STM32H7xx_HAL_Driver/Src/stm32h7xx_hal_adc.o
 .text.LL_ADC_DisableDeepPowerDown
                0x080011ac       0x24 ./Drivers/STM32H7xx_HAL_Driver/Src/stm32h7xx_hal_adc.o
 .text.LL_ADC_IsDeepPowerDownEnabled
                0x080011d0       0x28 ./Drivers/STM32H7xx_HAL_Driver/Src/stm32h7xx_hal_adc.o
 .text.LL_ADC_EnableInternalRegulator
                0x080011f8       0x28 ./Drivers/STM32H7xx_HAL_Driver/Src/stm32h7xx_hal_adc.o
 .text.LL_ADC_IsInternalRegulatorEnabled
                0x08001220       0x28 ./Drivers/STM32H7xx_HAL_Driver/Src/stm32h7xx_hal_adc.o
 .text.LL_ADC_Enable
                0x08001248       0x28 ./Drivers/STM32H7xx_HAL_Driver/Src/stm32h7xx_hal_adc.o
 .text.LL_ADC_Disable
                0x08001270       0x28 ./Drivers/STM32H7xx_HAL_Driver/Src/stm32h7xx_hal_adc.o
 .text.LL_ADC_IsEnabled
                0x08001298       0x26 ./Drivers/STM32H7xx_HAL_Driver/Src/stm32h7xx_hal_adc.o
 .text.LL_ADC_IsDisableOngoing
                0x080012be       0x26 ./Drivers/STM32H7xx_HAL_Driver/Src/stm32h7xx_hal_adc.o
 .text.LL_ADC_REG_StartConversion
                0x080012e4       0x28 ./Drivers/STM32H7xx_HAL_Driver/Src/stm32h7xx_hal_adc.o
 .text.LL_ADC_REG_IsConversionOngoing
                0x0800130c       0x26 ./Drivers/STM32H7xx_HAL_Driver/Src/stm32h7xx_hal_adc.o
 .text.LL_ADC_INJ_IsConversionOngoing
                0x08001332       0x26 ./Drivers/STM32H7xx_HAL_Driver/Src/stm32h7xx_hal_adc.o
 .text.HAL_ADC_Init
                0x08001358      0x410 ./Drivers/STM32H7xx_HAL_Driver/Src/stm32h7xx_hal_adc.o
                0x08001358                HAL_ADC_Init
 .text.HAL_ADC_Start_DMA
                0x08001768      0x1b8 ./Drivers/STM32H7xx_HAL_Driver/Src/stm32h7xx_hal_adc.o
                0x08001768                HAL_ADC_Start_DMA
 .text.HAL_ADC_IRQHandler
                0x08001920      0x474 ./Drivers/STM32H7xx_HAL_Driver/Src/stm32h7xx_hal_adc.o
                0x08001920                HAL_ADC_IRQHandler
 .text.HAL_ADC_LevelOutOfWindowCallback
                0x08001d94       0x14 ./Drivers/STM32H7xx_HAL_Driver/Src/stm32h7xx_hal_adc.o
                0x08001d94                HAL_ADC_LevelOutOfWindowCallback
 .text.HAL_ADC_ErrorCallback
                0x08001da8       0x14 ./Drivers/STM32H7xx_HAL_Driver/Src/stm32h7xx_hal_adc.o
                0x08001da8                HAL_ADC_ErrorCallback
 .text.HAL_ADC_ConfigChannel
                0x08001dbc      0x9a8 ./Drivers/STM32H7xx_HAL_Driver/Src/stm32h7xx_hal_adc.o
                0x08001dbc                HAL_ADC_ConfigChannel
 .text.ADC_Enable
                0x08002764      0x114 ./Drivers/STM32H7xx_HAL_Driver/Src/stm32h7xx_hal_adc.o
                0x08002764                ADC_Enable
 .text.ADC_Disable
                0x08002878       0xbe ./Drivers/STM32H7xx_HAL_Driver/Src/stm32h7xx_hal_adc.o
                0x08002878                ADC_Disable
 .text.ADC_DMAConvCplt
                0x08002936       0xd8 ./Drivers/STM32H7xx_HAL_Driver/Src/stm32h7xx_hal_adc.o
                0x08002936                ADC_DMAConvCplt
 .text.ADC_DMAHalfConvCplt
                0x08002a0e       0x1c ./Drivers/STM32H7xx_HAL_Driver/Src/stm32h7xx_hal_adc.o
                0x08002a0e                ADC_DMAHalfConvCplt
 .text.ADC_DMAError
                0x08002a2a       0x34 ./Drivers/STM32H7xx_HAL_Driver/Src/stm32h7xx_hal_adc.o
                0x08002a2a                ADC_DMAError
 *fill*         0x08002a5e        0x2 
 .text.ADC_ConfigureBoostMode
                0x08002a60      0x1dc ./Drivers/STM32H7xx_HAL_Driver/Src/stm32h7xx_hal_adc.o
                0x08002a60                ADC_ConfigureBoostMode
 .text.LL_ADC_IsEnabled
                0x08002c3c       0x26 ./Drivers/STM32H7xx_HAL_Driver/Src/stm32h7xx_hal_adc_ex.o
 *fill*         0x08002c62        0x2 
 .text.LL_ADC_StartCalibration
                0x08002c64       0x3c ./Drivers/STM32H7xx_HAL_Driver/Src/stm32h7xx_hal_adc_ex.o
 .text.LL_ADC_IsCalibrationOnGoing
                0x08002ca0       0x28 ./Drivers/STM32H7xx_HAL_Driver/Src/stm32h7xx_hal_adc_ex.o
 .text.LL_ADC_REG_IsConversionOngoing
                0x08002cc8       0x26 ./Drivers/STM32H7xx_HAL_Driver/Src/stm32h7xx_hal_adc_ex.o
 *fill*         0x08002cee        0x2 
 .text.HAL_ADCEx_Calibration_Start
                0x08002cf0       0xc8 ./Drivers/STM32H7xx_HAL_Driver/Src/stm32h7xx_hal_adc_ex.o
                0x08002cf0                HAL_ADCEx_Calibration_Start
 .text.HAL_ADCEx_InjectedConvCpltCallback
                0x08002db8       0x14 ./Drivers/STM32H7xx_HAL_Driver/Src/stm32h7xx_hal_adc_ex.o
                0x08002db8                HAL_ADCEx_InjectedConvCpltCallback
 .text.HAL_ADCEx_InjectedQueueOverflowCallback
                0x08002dcc       0x14 ./Drivers/STM32H7xx_HAL_Driver/Src/stm32h7xx_hal_adc_ex.o
                0x08002dcc                HAL_ADCEx_InjectedQueueOverflowCallback
 .text.HAL_ADCEx_LevelOutOfWindow2Callback
                0x08002de0       0x14 ./Drivers/STM32H7xx_HAL_Driver/Src/stm32h7xx_hal_adc_ex.o
                0x08002de0                HAL_ADCEx_LevelOutOfWindow2Callback
 .text.HAL_ADCEx_LevelOutOfWindow3Callback
                0x08002df4       0x14 ./Drivers/STM32H7xx_HAL_Driver/Src/stm32h7xx_hal_adc_ex.o
                0x08002df4                HAL_ADCEx_LevelOutOfWindow3Callback
 .text.HAL_ADCEx_EndOfSamplingCallback
                0x08002e08       0x14 ./Drivers/STM32H7xx_HAL_Driver/Src/stm32h7xx_hal_adc_ex.o
                0x08002e08                HAL_ADCEx_EndOfSamplingCallback
 .text.HAL_ADCEx_MultiModeConfigChannel
                0x08002e1c      0x1c4 ./Drivers/STM32H7xx_HAL_Driver/Src/stm32h7xx_hal_adc_ex.o
                0x08002e1c                HAL_ADCEx_MultiModeConfigChannel
 .text.__NVIC_SetPriorityGrouping
                0x08002fe0       0x48 ./Drivers/STM32H7xx_HAL_Driver/Src/stm32h7xx_hal_cortex.o
 .text.__NVIC_GetPriorityGrouping
                0x08003028       0x1c ./Drivers/STM32H7xx_HAL_Driver/Src/stm32h7xx_hal_cortex.o
 .text.__NVIC_EnableIRQ
                0x08003044       0x3c ./Drivers/STM32H7xx_HAL_Driver/Src/stm32h7xx_hal_cortex.o
 .text.__NVIC_SetPriority
                0x08003080       0x54 ./Drivers/STM32H7xx_HAL_Driver/Src/stm32h7xx_hal_cortex.o
 .text.NVIC_EncodePriority
                0x080030d4       0x66 ./Drivers/STM32H7xx_HAL_Driver/Src/stm32h7xx_hal_cortex.o
 *fill*         0x0800313a        0x2 
 .text.SysTick_Config
                0x0800313c       0x44 ./Drivers/STM32H7xx_HAL_Driver/Src/stm32h7xx_hal_cortex.o
 .text.HAL_NVIC_SetPriorityGrouping
                0x08003180       0x16 ./Drivers/STM32H7xx_HAL_Driver/Src/stm32h7xx_hal_cortex.o
                0x08003180                HAL_NVIC_SetPriorityGrouping
 .text.HAL_NVIC_SetPriority
                0x08003196       0x34 ./Drivers/STM32H7xx_HAL_Driver/Src/stm32h7xx_hal_cortex.o
                0x08003196                HAL_NVIC_SetPriority
 .text.HAL_NVIC_EnableIRQ
                0x080031ca       0x1c ./Drivers/STM32H7xx_HAL_Driver/Src/stm32h7xx_hal_cortex.o
                0x080031ca                HAL_NVIC_EnableIRQ
 .text.HAL_SYSTICK_Config
                0x080031e6       0x18 ./Drivers/STM32H7xx_HAL_Driver/Src/stm32h7xx_hal_cortex.o
                0x080031e6                HAL_SYSTICK_Config
 *fill*         0x080031fe        0x2 
 .text.HAL_MPU_Disable
                0x08003200       0x30 ./Drivers/STM32H7xx_HAL_Driver/Src/stm32h7xx_hal_cortex.o
                0x08003200                HAL_MPU_Disable
 .text.HAL_MPU_Enable
                0x08003230       0x40 ./Drivers/STM32H7xx_HAL_Driver/Src/stm32h7xx_hal_cortex.o
                0x08003230                HAL_MPU_Enable
 .text.HAL_MPU_ConfigRegion
                0x08003270       0x80 ./Drivers/STM32H7xx_HAL_Driver/Src/stm32h7xx_hal_cortex.o
                0x08003270                HAL_MPU_ConfigRegion
 .text.HAL_DMA_Init
                0x080032f0      0x6b0 ./Drivers/STM32H7xx_HAL_Driver/Src/stm32h7xx_hal_dma.o
                0x080032f0                HAL_DMA_Init
 .text.HAL_DMA_Start_IT
                0x080039a0      0x4d4 ./Drivers/STM32H7xx_HAL_Driver/Src/stm32h7xx_hal_dma.o
                0x080039a0                HAL_DMA_Start_IT
 .text.HAL_DMA_IRQHandler
                0x08003e74      0xe54 ./Drivers/STM32H7xx_HAL_Driver/Src/stm32h7xx_hal_dma.o
                0x08003e74                HAL_DMA_IRQHandler
 .text.DMA_SetConfig
                0x08004cc8      0x358 ./Drivers/STM32H7xx_HAL_Driver/Src/stm32h7xx_hal_dma.o
 .text.DMA_CalcBaseAndBitshift
                0x08005020      0x164 ./Drivers/STM32H7xx_HAL_Driver/Src/stm32h7xx_hal_dma.o
 .text.DMA_CheckFifoParam
                0x08005184       0xf8 ./Drivers/STM32H7xx_HAL_Driver/Src/stm32h7xx_hal_dma.o
 .text.DMA_CalcDMAMUXChannelBaseAndMask
                0x0800527c      0x134 ./Drivers/STM32H7xx_HAL_Driver/Src/stm32h7xx_hal_dma.o
 .text.DMA_CalcDMAMUXRequestGenBaseAndMask
                0x080053b0       0xe8 ./Drivers/STM32H7xx_HAL_Driver/Src/stm32h7xx_hal_dma.o
 .text.HAL_GPIO_Init
                0x08005498      0x350 ./Drivers/STM32H7xx_HAL_Driver/Src/stm32h7xx_hal_gpio.o
                0x08005498                HAL_GPIO_Init
 .text.HAL_GPIO_WritePin
                0x080057e8       0x32 ./Drivers/STM32H7xx_HAL_Driver/Src/stm32h7xx_hal_gpio.o
                0x080057e8                HAL_GPIO_WritePin
 *fill*         0x0800581a        0x2 
 .text.HAL_PWREx_ConfigSupply
                0x0800581c       0x74 ./Drivers/STM32H7xx_HAL_Driver/Src/stm32h7xx_hal_pwr_ex.o
                0x0800581c                HAL_PWREx_ConfigSupply
 .text.HAL_RCC_OscConfig
                0x08005890      0x7b4 ./Drivers/STM32H7xx_HAL_Driver/Src/stm32h7xx_hal_rcc.o
                0x08005890                HAL_RCC_OscConfig
 .text.HAL_RCC_ClockConfig
                0x08006044      0x36c ./Drivers/STM32H7xx_HAL_Driver/Src/stm32h7xx_hal_rcc.o
                0x08006044                HAL_RCC_ClockConfig
 .text.HAL_RCC_GetSysClockFreq
                0x080063b0      0x2f4 ./Drivers/STM32H7xx_HAL_Driver/Src/stm32h7xx_hal_rcc.o
                0x080063b0                HAL_RCC_GetSysClockFreq
 .text.HAL_RCC_GetHCLKFreq
                0x080066a4       0x60 ./Drivers/STM32H7xx_HAL_Driver/Src/stm32h7xx_hal_rcc.o
                0x080066a4                HAL_RCC_GetHCLKFreq
 .text.HAL_RCC_GetPCLK1Freq
                0x08006704       0x2c ./Drivers/STM32H7xx_HAL_Driver/Src/stm32h7xx_hal_rcc.o
                0x08006704                HAL_RCC_GetPCLK1Freq
 .text.HAL_RCCEx_PeriphCLKConfig
                0x08006730     0x1340 ./Drivers/STM32H7xx_HAL_Driver/Src/stm32h7xx_hal_rcc_ex.o
                0x08006730                HAL_RCCEx_PeriphCLKConfig
 .text.HAL_RCCEx_GetPeriphCLKFreq
                0x08007a70      0x9a4 ./Drivers/STM32H7xx_HAL_Driver/Src/stm32h7xx_hal_rcc_ex.o
                0x08007a70                HAL_RCCEx_GetPeriphCLKFreq
 .text.HAL_RCCEx_GetD3PCLK1Freq
                0x08008414       0x2c ./Drivers/STM32H7xx_HAL_Driver/Src/stm32h7xx_hal_rcc_ex.o
                0x08008414                HAL_RCCEx_GetD3PCLK1Freq
 .text.HAL_RCCEx_GetPLL2ClockFreq
                0x08008440      0x2a8 ./Drivers/STM32H7xx_HAL_Driver/Src/stm32h7xx_hal_rcc_ex.o
                0x08008440                HAL_RCCEx_GetPLL2ClockFreq
 .text.HAL_RCCEx_GetPLL3ClockFreq
                0x080086e8      0x2a8 ./Drivers/STM32H7xx_HAL_Driver/Src/stm32h7xx_hal_rcc_ex.o
                0x080086e8                HAL_RCCEx_GetPLL3ClockFreq
 .text.HAL_RCCEx_GetPLL1ClockFreq
                0x08008990      0x2a4 ./Drivers/STM32H7xx_HAL_Driver/Src/stm32h7xx_hal_rcc_ex.o
                0x08008990                HAL_RCCEx_GetPLL1ClockFreq
 .text.RCCEx_PLL2_Config
                0x08008c34      0x164 ./Drivers/STM32H7xx_HAL_Driver/Src/stm32h7xx_hal_rcc_ex.o
 .text.RCCEx_PLL3_Config
                0x08008d98      0x164 ./Drivers/STM32H7xx_HAL_Driver/Src/stm32h7xx_hal_rcc_ex.o
 .text.memset   0x08008efc       0x10 C:/ST/STM32CubeIDE_2.0.0/STM32CubeIDE/plugins/com.st.stm32cube.ide.mcu.externaltools.gnu-tools-for-stm32.13.3.rel1.win32_1.0.100.202509120712/tools/bin/../lib/gcc/arm-none-eabi/13.3.1/../../../../arm-none-eabi/lib/thumb/v7e-m+dp/hard\libc_nano.a(libc_a-memset.o)
                0x08008efc                memset
 .text.__libc_init_array
                0x08008f0c       0x48 C:/ST/STM32CubeIDE_2.0.0/STM32CubeIDE/plugins/com.st.stm32cube.ide.mcu.externaltools.gnu-tools-for-stm32.13.3.rel1.win32_1.0.100.202509120712/tools/bin/../lib/gcc/arm-none-eabi/13.3.1/../../../../arm-none-eabi/lib/thumb/v7e-m+dp/hard\libc_nano.a(libc_a-init.o)
                0x08008f0c                __libc_init_array
 *(.glue_7)
 .glue_7        0x08008f54        0x0 linker stubs
 *(.glue_7t)
 .glue_7t       0x08008f54        0x0 linker stubs
 *(.eh_frame)
 .eh_frame      0x08008f54        0x0 C:/ST/STM32CubeIDE_2.0.0/STM32CubeIDE/plugins/com.st.stm32cube.ide.mcu.externaltools.gnu-tools-for-stm32.13.3.rel1.win32_1.0.100.202509120712/tools/bin/../lib/gcc/arm-none-eabi/13.3.1/thumb/v7e-m+dp/hard/crtbegin.o
 *(.init)
 .init          0x08008f54        0x4 C:/ST/STM32CubeIDE_2.0.0/STM32CubeIDE/plugins/com.st.stm32cube.ide.mcu.externaltools.gnu-tools-for-stm32.13.3.rel1.win32_1.0.100.202509120712/tools/bin/../lib/gcc/arm-none-eabi/13.3.1/thumb/v7e-m+dp/hard/crti.o
                0x08008f54                _init
 .init          0x08008f58        0x8 C:/ST/STM32CubeIDE_2.0.0/STM32CubeIDE/plugins/com.st.stm32cube.ide.mcu.externaltools.gnu-tools-for-stm32.13.3.rel1.win32_1.0.100.202509120712/tools/bin/../lib/gcc/arm-none-eabi/13.3.1/thumb/v7e-m+dp/hard/crtn.o
 *(.fini)
 .fini          0x08008f60        0x4 C:/ST/STM32CubeIDE_2.0.0/STM32CubeIDE/plugins/com.st.stm32cube.ide.mcu.externaltools.gnu-tools-for-stm32.13.3.rel1.win32_1.0.100.202509120712/tools/bin/../lib/gcc/arm-none-eabi/13.3.1/thumb/v7e-m+dp/hard/crti.o
                0x08008f60                _fini
 .fini          0x08008f64        0x8 C:/ST/STM32CubeIDE_2.0.0/STM32CubeIDE/plugins/com.st.stm32cube.ide.mcu.externaltools.gnu-tools-for-stm32.13.3.rel1.win32_1.0.100.202509120712/tools/bin/../lib/gcc/arm-none-eabi/13.3.1/thumb/v7e-m+dp/hard/crtn.o
                0x08008f6c                        . = ALIGN (0x4)
                0x08008f6c                        _etext = .

.vfp11_veneer   0x08008f6c        0x0
 .vfp11_veneer  0x08008f6c        0x0 linker stubs

.v4_bx          0x08008f6c        0x0
 .v4_bx         0x08008f6c        0x0 linker stubs

.iplt           0x08008f6c        0x0
 .iplt          0x08008f6c        0x0 C:/ST/STM32CubeIDE_2.0.0/STM32CubeIDE/plugins/com.st.stm32cube.ide.mcu.externaltools.gnu-tools-for-stm32.13.3.rel1.win32_1.0.100.202509120712/tools/bin/../lib/gcc/arm-none-eabi/13.3.1/thumb/v7e-m+dp/hard/crtbegin.o

.rodata         0x08008f6c       0x18
                0x08008f6c                        . = ALIGN (0x4)
 *(.rodata)
 *(.rodata*)
 .rodata.D1CorePrescTable
                0x08008f6c       0x10 ./Core/Src/system_stm32h7xx.o
                0x08008f6c                D1CorePrescTable
 .rodata.flagBitshiftOffset.0
                0x08008f7c        0x8 ./Drivers/STM32H7xx_HAL_Driver/Src/stm32h7xx_hal_dma.o
                0x08008f84                        . = ALIGN (0x4)

.ARM.extab
 *(.ARM.extab* .gnu.linkonce.armextab.*)

.ARM            0x08008f84        0x0
                0x08008f84                        __exidx_start = .
 *(.ARM.exidx*)
                0x08008f84                        __exidx_end = .

.preinit_array  0x08008f84        0x0
                0x08008f84                        PROVIDE (__preinit_array_start = .)
 *(.preinit_array*)
                0x08008f84                        PROVIDE (__preinit_array_end = .)

.init_array     0x08008f84        0x4
                0x08008f84                        PROVIDE (__init_array_start = .)
 *(SORT_BY_NAME(.init_array.*))
 *(.init_array*)
 .init_array    0x08008f84        0x4 C:/ST/STM32CubeIDE_2.0.0/STM32CubeIDE/plugins/com.st.stm32cube.ide.mcu.externaltools.gnu-tools-for-stm32.13.3.rel1.win32_1.0.100.202509120712/tools/bin/../lib/gcc/arm-none-eabi/13.3.1/thumb/v7e-m+dp/hard/crtbegin.o
                0x08008f88                        PROVIDE (__init_array_end = .)

.fini_array     0x08008f88        0x4
                [!provide]                        PROVIDE (__fini_array_start = .)
 *(SORT_BY_NAME(.fini_array.*))
 *(.fini_array*)
 .fini_array    0x08008f88        0x4 C:/ST/STM32CubeIDE_2.0.0/STM32CubeIDE/plugins/com.st.stm32cube.ide.mcu.externaltools.gnu-tools-for-stm32.13.3.rel1.win32_1.0.100.202509120712/tools/bin/../lib/gcc/arm-none-eabi/13.3.1/thumb/v7e-m+dp/hard/crtbegin.o
                [!provide]                        PROVIDE (__fini_array_end = .)
                0x08008f8c                        _sidata = LOADADDR (.data)

.rel.dyn        0x08008f8c        0x0
 .rel.iplt      0x08008f8c        0x0 C:/ST/STM32CubeIDE_2.0.0/STM32CubeIDE/plugins/com.st.stm32cube.ide.mcu.externaltools.gnu-tools-for-stm32.13.3.rel1.win32_1.0.100.202509120712/tools/bin/../lib/gcc/arm-none-eabi/13.3.1/thumb/v7e-m+dp/hard/crtbegin.o

.data           0x24000000       0x14 load address 0x08008f8c
                0x24000000                        . = ALIGN (0x4)
                0x24000000                        _sdata = .
 *(.data)
 *(.data*)
 .data.dc_offset
                0x24000000        0x4 ./Core/Src/main.o
                0x24000000                dc_offset
 .data.SystemCoreClock
                0x24000004        0x4 ./Core/Src/system_stm32h7xx.o
                0x24000004                SystemCoreClock
 .data.SystemD2Clock
                0x24000008        0x4 ./Core/Src/system_stm32h7xx.o
                0x24000008                SystemD2Clock
 .data.uwTickPrio
                0x2400000c        0x4 ./Drivers/STM32H7xx_HAL_Driver/Src/stm32h7xx_hal.o
                0x2400000c                uwTickPrio
 .data.uwTickFreq
                0x24000010        0x1 ./Drivers/STM32H7xx_HAL_Driver/Src/stm32h7xx_hal.o
                0x24000010                uwTickFreq
 *(.RamFunc)
 *(.RamFunc*)
                0x24000014                        . = ALIGN (0x4)
 *fill*         0x24000011        0x3 
                0x24000014                        _edata = .

.igot.plt       0x24000014        0x0 load address 0x08008fa0
 .igot.plt      0x24000014        0x0 C:/ST/STM32CubeIDE_2.0.0/STM32CubeIDE/plugins/com.st.stm32cube.ide.mcu.externaltools.gnu-tools-for-stm32.13.3.rel1.win32_1.0.100.202509120712/tools/bin/../lib/gcc/arm-none-eabi/13.3.1/thumb/v7e-m+dp/hard/crtbegin.o
                0x24000014                        . = ALIGN (0x4)

.bss            0x24000014      0x910 load address 0x08008fa0
                0x24000014                        _sbss = .
                0x24000014                        __bss_start__ = _sbss
 *(.bss)
 .bss           0x24000014       0x1c C:/ST/STM32CubeIDE_2.0.0/STM32CubeIDE/plugins/com.st.stm32cube.ide.mcu.externaltools.gnu-tools-for-stm32.13.3.rel1.win32_1.0.100.202509120712/tools/bin/../lib/gcc/arm-none-eabi/13.3.1/thumb/v7e-m+dp/hard/crtbegin.o
 *(.bss*)
 .bss.hadc1     0x24000030       0x70 ./Core/Src/main.o
                0x24000030                hadc1
 .bss.hdma_adc1
                0x240000a0       0x78 ./Core/Src/main.o
                0x240000a0                hdma_adc1
 .bss.adc_buffer
                0x24000118      0x800 ./Core/Src/main.o
                0x24000118                adc_buffer
 .bss.spark_count
                0x24000918        0x4 ./Core/Src/main.o
                0x24000918                spark_count
 .bss.audio_sample
                0x2400091c        0x2 ./Core/Src/main.o
                0x2400091c                audio_sample
 *fill*         0x2400091e        0x2 
 .bss.uwTick    0x24000920        0x4 ./Drivers/STM32H7xx_HAL_Driver/Src/stm32h7xx_hal.o
                0x24000920                uwTick
 *(COMMON)
                0x24000924                        . = ALIGN (0x4)
                0x24000924                        _ebss = .
                0x24000924                        __bss_end__ = _ebss

._user_heap_stack
                0x24000924      0x604 load address 0x08008fa0
                0x24000928                        . = ALIGN (0x8)
 *fill*         0x24000924        0x4 
                [!provide]                        PROVIDE (end = .)
                0x24000928                        PROVIDE (_end = .)
                0x24000b28                        . = (. + _Min_Heap_Size)
 *fill*         0x24000928      0x200 
                0x24000f28                        . = (. + _Min_Stack_Size)
 *fill*         0x24000b28      0x400 
                0x24000f28                        . = ALIGN (0x8)

/DISCARD/
 libc.a(*)
 libm.a(*)
 libgcc.a(*)

.ARM.attributes
                0x00000000       0x2e
 *(.ARM.attributes)
 .ARM.attributes
                0x00000000       0x20 C:/ST/STM32CubeIDE_2.0.0/STM32CubeIDE/plugins/com.st.stm32cube.ide.mcu.externaltools.gnu-tools-for-stm32.13.3.rel1.win32_1.0.100.202509120712/tools/bin/../lib/gcc/arm-none-eabi/13.3.1/thumb/v7e-m+dp/hard/crti.o
 .ARM.attributes
                0x00000020       0x32 C:/ST/STM32CubeIDE_2.0.0/STM32CubeIDE/plugins/com.st.stm32cube.ide.mcu.externaltools.gnu-tools-for-stm32.13.3.rel1.win32_1.0.100.202509120712/tools/bin/../lib/gcc/arm-none-eabi/13.3.1/thumb/v7e-m+dp/hard/crtbegin.o
 .ARM.attributes
                0x00000052       0x32 ./Core/Src/main.o
 .ARM.attributes
                0x00000084       0x32 ./Core/Src/stm32h7xx_hal_msp.o
 .ARM.attributes
                0x000000b6       0x32 ./Core/Src/stm32h7xx_it.o
 .ARM.attributes
                0x000000e8       0x32 ./Core/Src/system_stm32h7xx.o
 .ARM.attributes
                0x0000011a       0x21 ./Core/Startup/startup_stm32h723zgtx.o
 .ARM.attributes
                0x0000013b       0x32 ./Drivers/STM32H7xx_HAL_Driver/Src/stm32h7xx_hal.o
 .ARM.attributes
                0x0000016d       0x32 ./Drivers/STM32H7xx_HAL_Driver/Src/stm32h7xx_hal_adc.o
 .ARM.attributes
                0x0000019f       0x32 ./Drivers/STM32H7xx_HAL_Driver/Src/stm32h7xx_hal_adc_ex.o
 .ARM.attributes
                0x000001d1       0x32 ./Drivers/STM32H7xx_HAL_Driver/Src/stm32h7xx_hal_cortex.o
 .ARM.attributes
                0x00000203       0x32 ./Drivers/STM32H7xx_HAL_Driver/Src/stm32h7xx_hal_dma.o
 .ARM.attributes
                0x00000235       0x32 ./Drivers/STM32H7xx_HAL_Driver/Src/stm32h7xx_hal_gpio.o
 .ARM.attributes
                0x00000267       0x32 ./Drivers/STM32H7xx_HAL_Driver/Src/stm32h7xx_hal_pwr_ex.o
 .ARM.attributes
                0x00000299       0x32 ./Drivers/STM32H7xx_HAL_Driver/Src/stm32h7xx_hal_rcc.o
 .ARM.attributes
                0x000002cb       0x32 ./Drivers/STM32H7xx_HAL_Driver/Src/stm32h7xx_hal_rcc_ex.o
 .ARM.attributes
                0x000002fd       0x32 C:/ST/STM32CubeIDE_2.0.0/STM32CubeIDE/plugins/com.st.stm32cube.ide.mcu.externaltools.gnu-tools-for-stm32.13.3.rel1.win32_1.0.100.202509120712/tools/bin/../lib/gcc/arm-none-eabi/13.3.1/../../../../arm-none-eabi/lib/thumb/v7e-m+dp/hard\libc_nano.a(libc_a-memset.o)
 .ARM.attributes
                0x0000032f       0x32 C:/ST/STM32CubeIDE_2.0.0/STM32CubeIDE/plugins/com.st.stm32cube.ide.mcu.externaltools.gnu-tools-for-stm32.13.3.rel1.win32_1.0.100.202509120712/tools/bin/../lib/gcc/arm-none-eabi/13.3.1/../../../../arm-none-eabi/lib/thumb/v7e-m+dp/hard\libc_nano.a(libc_a-init.o)
 .ARM.attributes
                0x00000361       0x20 C:/ST/STM32CubeIDE_2.0.0/STM32CubeIDE/plugins/com.st.stm32cube.ide.mcu.externaltools.gnu-tools-for-stm32.13.3.rel1.win32_1.0.100.202509120712/tools/bin/../lib/gcc/arm-none-eabi/13.3.1/thumb/v7e-m+dp/hard/crtn.o
OUTPUT(MIC.elf elf32-littlearm)
LOAD linker stubs
LOAD C:/ST/STM32CubeIDE_2.0.0/STM32CubeIDE/plugins/com.st.stm32cube.ide.mcu.externaltools.gnu-tools-for-stm32.13.3.rel1.win32_1.0.100.202509120712/tools/bin/../lib/gcc/arm-none-eabi/13.3.1/../../../../arm-none-eabi/lib/thumb/v7e-m+dp/hard\libc.a
LOAD C:/ST/STM32CubeIDE_2.0.0/STM32CubeIDE/plugins/com.st.stm32cube.ide.mcu.externaltools.gnu-tools-for-stm32.13.3.rel1.win32_1.0.100.202509120712/tools/bin/../lib/gcc/arm-none-eabi/13.3.1/../../../../arm-none-eabi/lib/thumb/v7e-m+dp/hard\libm.a
LOAD C:/ST/STM32CubeIDE_2.0.0/STM32CubeIDE/plugins/com.st.stm32cube.ide.mcu.externaltools.gnu-tools-for-stm32.13.3.rel1.win32_1.0.100.202509120712/tools/bin/../lib/gcc/arm-none-eabi/13.3.1/thumb/v7e-m+dp/hard\libgcc.a

.debug_info     0x00000000     0xf70b
 .debug_info    0x00000000     0x1979 ./Core/Src/main.o
 .debug_info    0x00001979     0x15b1 ./Core/Src/stm32h7xx_hal_msp.o
 .debug_info    0x00002f2a      0x933 ./Core/Src/stm32h7xx_it.o
 .debug_info    0x0000385d      0xbf0 ./Core/Src/system_stm32h7xx.o
 .debug_info    0x0000444d       0x30 ./Core/Startup/startup_stm32h723zgtx.o
 .debug_info    0x0000447d     0x1698 ./Drivers/STM32H7xx_HAL_Driver/Src/stm32h7xx_hal.o
 .debug_info    0x00005b15     0x2320 ./Drivers/STM32H7xx_HAL_Driver/Src/stm32h7xx_hal_adc.o
 .debug_info    0x00007e35     0x22fa ./Drivers/STM32H7xx_HAL_Driver/Src/stm32h7xx_hal_adc_ex.o
 .debug_info    0x0000a12f     0x10a5 ./Drivers/STM32H7xx_HAL_Driver/Src/stm32h7xx_hal_cortex.o
 .debug_info    0x0000b1d4      0xb71 ./Drivers/STM32H7xx_HAL_Driver/Src/stm32h7xx_hal_dma.o
 .debug_info    0x0000bd45      0xc6b ./Drivers/STM32H7xx_HAL_Driver/Src/stm32h7xx_hal_gpio.o
 .debug_info    0x0000c9b0      0xdce ./Drivers/STM32H7xx_HAL_Driver/Src/stm32h7xx_hal_pwr_ex.o
 .debug_info    0x0000d77e      0xd82 ./Drivers/STM32H7xx_HAL_Driver/Src/stm32h7xx_hal_rcc.o
 .debug_info    0x0000e500     0x120b ./Drivers/STM32H7xx_HAL_Driver/Src/stm32h7xx_hal_rcc_ex.o

.debug_abbrev   0x00000000     0x202f
 .debug_abbrev  0x00000000      0x2ed ./Core/Src/main.o
 .debug_abbrev  0x000002ed      0x21e ./Core/Src/stm32h7xx_hal_msp.o
 .debug_abbrev  0x0000050b      0x18e ./Core/Src/stm32h7xx_it.o
 .debug_abbrev  0x00000699      0x153 ./Core/Src/system_stm32h7xx.o
 .debug_abbrev  0x000007ec       0x24 ./Core/Startup/startup_stm32h723zgtx.o
 .debug_abbrev  0x00000810      0x29e ./Drivers/STM32H7xx_HAL_Driver/Src/stm32h7xx_hal.o
 .debug_abbrev  0x00000aae      0x307 ./Drivers/STM32H7xx_HAL_Driver/Src/stm32h7xx_hal_adc.o
 .debug_abbrev  0x00000db5      0x345 ./Drivers/STM32H7xx_HAL_Driver/Src/stm32h7xx_hal_adc_ex.o
 .debug_abbrev  0x000010fa      0x339 ./Drivers/STM32H7xx_HAL_Driver/Src/stm32h7xx_hal_cortex.o
 .debug_abbrev  0x00001433      0x248 ./Drivers/STM32H7xx_HAL_Driver/Src/stm32h7xx_hal_dma.o
 .debug_abbrev  0x0000167b      0x205 ./Drivers/STM32H7xx_HAL_Driver/Src/stm32h7xx_hal_gpio.o
 .debug_abbrev  0x00001880      0x295 ./Drivers/STM32H7xx_HAL_Driver/Src/stm32h7xx_hal_pwr_ex.o
 .debug_abbrev  0x00001b15      0x2b1 ./Drivers/STM32H7xx_HAL_Driver/Src/stm32h7xx_hal_rcc.o
 .debug_abbrev  0x00001dc6      0x269 ./Drivers/STM32H7xx_HAL_Driver/Src/stm32h7xx_hal_rcc_ex.o

.debug_aranges  0x00000000      0xc78
 .debug_aranges
                0x00000000       0x68 ./Core/Src/main.o
 .debug_aranges
                0x00000068       0x30 ./Core/Src/stm32h7xx_hal_msp.o
 .debug_aranges
                0x00000098       0x70 ./Core/Src/stm32h7xx_it.o
 .debug_aranges
                0x00000108       0x30 ./Core/Src/system_stm32h7xx.o
 .debug_aranges
                0x00000138       0x28 ./Core/Startup/startup_stm32h723zgtx.o
 .debug_aranges
                0x00000160      0x1c8 ./Drivers/STM32H7xx_HAL_Driver/Src/stm32h7xx_hal.o
 .debug_aranges
                0x00000328      0x268 ./Drivers/STM32H7xx_HAL_Driver/Src/stm32h7xx_hal_adc.o
 .debug_aranges
                0x00000590      0x1f8 ./Drivers/STM32H7xx_HAL_Driver/Src/stm32h7xx_hal_adc_ex.o
 .debug_aranges
                0x00000788      0x130 ./Drivers/STM32H7xx_HAL_Driver/Src/stm32h7xx_hal_cortex.o
 .debug_aranges
                0x000008b8       0xa0 ./Drivers/STM32H7xx_HAL_Driver/Src/stm32h7xx_hal_dma.o
 .debug_aranges
                0x00000958       0x58 ./Drivers/STM32H7xx_HAL_Driver/Src/stm32h7xx_hal_gpio.o
 .debug_aranges
                0x000009b0      0x148 ./Drivers/STM32H7xx_HAL_Driver/Src/stm32h7xx_hal_pwr_ex.o
 .debug_aranges
                0x00000af8       0x88 ./Drivers/STM32H7xx_HAL_Driver/Src/stm32h7xx_hal_rcc.o
 .debug_aranges
                0x00000b80       0xf8 ./Drivers/STM32H7xx_HAL_Driver/Src/stm32h7xx_hal_rcc_ex.o

.debug_rnglists
                0x00000000      0x96c
 .debug_rnglists
                0x00000000       0x4d ./Core/Src/main.o
 .debug_rnglists
                0x0000004d       0x20 ./Core/Src/stm32h7xx_hal_msp.o
 .debug_rnglists
                0x0000006d       0x4f ./Core/Src/stm32h7xx_it.o
 .debug_rnglists
                0x000000bc       0x21 ./Core/Src/system_stm32h7xx.o
 .debug_rnglists
                0x000000dd       0x19 ./Core/Startup/startup_stm32h723zgtx.o
 .debug_rnglists
                0x000000f6      0x155 ./Drivers/STM32H7xx_HAL_Driver/Src/stm32h7xx_hal.o
 .debug_rnglists
                0x0000024b      0x1db ./Drivers/STM32H7xx_HAL_Driver/Src/stm32h7xx_hal_adc.o
 .debug_rnglists
                0x00000426      0x188 ./Drivers/STM32H7xx_HAL_Driver/Src/stm32h7xx_hal_adc_ex.o
 .debug_rnglists
                0x000005ae       0xe0 ./Drivers/STM32H7xx_HAL_Driver/Src/stm32h7xx_hal_cortex.o
 .debug_rnglists
                0x0000068e       0x82 ./Drivers/STM32H7xx_HAL_Driver/Src/stm32h7xx_hal_dma.o
 .debug_rnglists
                0x00000710       0x3f ./Drivers/STM32H7xx_HAL_Driver/Src/stm32h7xx_hal_gpio.o
 .debug_rnglists
                0x0000074f       0xf5 ./Drivers/STM32H7xx_HAL_Driver/Src/stm32h7xx_hal_pwr_ex.o
 .debug_rnglists
                0x00000844       0x68 ./Drivers/STM32H7xx_HAL_Driver/Src/stm32h7xx_hal_rcc.o
 .debug_rnglists
                0x000008ac       0xc0 ./Drivers/STM32H7xx_HAL_Driver/Src/stm32h7xx_hal_rcc_ex.o

.debug_macro    0x00000000    0x32eb7
 .debug_macro   0x00000000      0x2f2 ./Core/Src/main.o
 .debug_macro   0x000002f2      0xaf6 ./Core/Src/main.o
 .debug_macro   0x00000de8      0x232 ./Core/Src/main.o
 .debug_macro   0x0000101a       0x2e ./Core/Src/main.o
 .debug_macro   0x00001048       0x3b ./Core/Src/main.o
 .debug_macro   0x00001083       0x22 ./Core/Src/main.o
 .debug_macro   0x000010a5       0x8e ./Core/Src/main.o
 .debug_macro   0x00001133       0x51 ./Core/Src/main.o
 .debug_macro   0x00001184      0x103 ./Core/Src/main.o
 .debug_macro   0x00001287       0x6a ./Core/Src/main.o
 .debug_macro   0x000012f1      0x1df ./Core/Src/main.o
 .debug_macro   0x000014d0       0x1c ./Core/Src/main.o
 .debug_macro   0x000014ec       0x22 ./Core/Src/main.o
 .debug_macro   0x0000150e       0xfb ./Core/Src/main.o
 .debug_macro   0x00001609     0x1305 ./Core/Src/main.o
 .debug_macro   0x0000290e      0x11f ./Core/Src/main.o
 .debug_macro   0x00002a2d       0x27 ./Core/Src/main.o
 .debug_macro   0x00002a54    0x216c1 ./Core/Src/main.o
 .debug_macro   0x00024115       0x6d ./Core/Src/main.o
 .debug_macro   0x00024182     0x3d64 ./Core/Src/main.o
 .debug_macro   0x00027ee6      0x190 ./Core/Src/main.o
 .debug_macro   0x00028076       0x61 ./Core/Src/main.o
 .debug_macro   0x000280d7       0x29 ./Core/Src/main.o
 .debug_macro   0x00028100       0x43 ./Core/Src/main.o
 .debug_macro   0x00028143       0x34 ./Core/Src/main.o
 .debug_macro   0x00028177      0x370 ./Core/Src/main.o
 .debug_macro   0x000284e7       0x16 ./Core/Src/main.o
 .debug_macro   0x000284fd       0x4a ./Core/Src/main.o
 .debug_macro   0x00028547       0x34 ./Core/Src/main.o
 .debug_macro   0x0002857b       0x10 ./Core/Src/main.o
 .debug_macro   0x0002858b       0x58 ./Core/Src/main.o
 .debug_macro   0x000285e3       0x8e ./Core/Src/main.o
 .debug_macro   0x00028671       0x1c ./Core/Src/main.o
 .debug_macro   0x0002868d      0x185 ./Core/Src/main.o
 .debug_macro   0x00028812      0x19b ./Core/Src/main.o
 .debug_macro   0x000289ad       0x5d ./Core/Src/main.o
 .debug_macro   0x00028a0a     0x2462 ./Core/Src/main.o
 .debug_macro   0x0002ae6c     0x1079 ./Core/Src/main.o
 .debug_macro   0x0002bee5      0x154 ./Core/Src/main.o
 .debug_macro   0x0002c039      0x114 ./Core/Src/main.o
 .debug_macro   0x0002c14d      0x3fc ./Core/Src/main.o
 .debug_macro   0x0002c549       0xac ./Core/Src/main.o
 .debug_macro   0x0002c5f5      0x788 ./Core/Src/main.o
 .debug_macro   0x0002cd7d      0x228 ./Core/Src/main.o
 .debug_macro   0x0002cfa5       0x66 ./Core/Src/main.o
 .debug_macro   0x0002d00b      0x3a6 ./Core/Src/main.o
 .debug_macro   0x0002d3b1      0x3f9 ./Core/Src/main.o
 .debug_macro   0x0002d7aa      0x275 ./Core/Src/main.o
 .debug_macro   0x0002da1f     0x1178 ./Core/Src/main.o
 .debug_macro   0x0002eb97      0x7c8 ./Core/Src/main.o
 .debug_macro   0x0002f35f      0x3bb ./Core/Src/main.o
 .debug_macro   0x0002f71a      0x3ca ./Core/Src/main.o
 .debug_macro   0x0002fae4      0x45c ./Core/Src/main.o
 .debug_macro   0x0002ff40       0x3c ./Core/Src/main.o
 .debug_macro   0x0002ff7c       0x4a ./Core/Src/main.o
 .debug_macro   0x0002ffc6      0x22c ./Core/Src/main.o
 .debug_macro   0x000301f2       0x67 ./Core/Src/main.o
 .debug_macro   0x00030259       0xa5 ./Core/Src/main.o
 .debug_macro   0x000302fe      0x1c4 ./Core/Src/main.o
 .debug_macro   0x000304c2      0x22a ./Core/Src/main.o
 .debug_macro   0x000306ec       0x35 ./Core/Src/main.o
 .debug_macro   0x00030721      0x5f2 ./Core/Src/main.o
 .debug_macro   0x00030d13       0x10 ./Core/Src/main.o
 .debug_macro   0x00030d23       0x16 ./Core/Src/main.o
 .debug_macro   0x00030d39       0x3c ./Core/Src/main.o
 .debug_macro   0x00030d75       0x16 ./Core/Src/main.o
 .debug_macro   0x00030d8b       0x29 ./Core/Src/main.o
 .debug_macro   0x00030db4      0x2b2 ./Core/Src/stm32h7xx_hal_msp.o
 .debug_macro   0x00031066      0x2bc ./Core/Src/stm32h7xx_it.o
 .debug_macro   0x00031322      0x2a3 ./Core/Src/system_stm32h7xx.o
 .debug_macro   0x000315c5      0x2cd ./Drivers/STM32H7xx_HAL_Driver/Src/stm32h7xx_hal.o
 .debug_macro   0x00031892      0x2ce ./Drivers/STM32H7xx_HAL_Driver/Src/stm32h7xx_hal_adc.o
 .debug_macro   0x00031b60      0x2af ./Drivers/STM32H7xx_HAL_Driver/Src/stm32h7xx_hal_adc_ex.o
 .debug_macro   0x00031e0f      0x2a3 ./Drivers/STM32H7xx_HAL_Driver/Src/stm32h7xx_hal_cortex.o
 .debug_macro   0x000320b2      0x2f7 ./Drivers/STM32H7xx_HAL_Driver/Src/stm32h7xx_hal_dma.o
 .debug_macro   0x000323a9      0x2aa ./Drivers/STM32H7xx_HAL_Driver/Src/stm32h7xx_hal_gpio.o
 .debug_macro   0x00032653      0x2dc ./Drivers/STM32H7xx_HAL_Driver/Src/stm32h7xx_hal_pwr_ex.o
 .debug_macro   0x0003292f      0x2c7 ./Drivers/STM32H7xx_HAL_Driver/Src/stm32h7xx_hal_rcc.o
 .debug_macro   0x00032bf6      0x2c1 ./Drivers/STM32H7xx_HAL_Driver/Src/stm32h7xx_hal_rcc_ex.o

.debug_line     0x00000000    0x107a4
 .debug_line    0x00000000      0xb14 ./Core/Src/main.o
 .debug_line    0x00000b14      0x96a ./Core/Src/stm32h7xx_hal_msp.o
 .debug_line    0x0000147e      0x9a1 ./Core/Src/stm32h7xx_it.o
 .debug_line    0x00001e1f      0xab6 ./Core/Src/system_stm32h7xx.o
 .debug_line    0x000028d5       0x7b ./Core/Startup/startup_stm32h723zgtx.o
 .debug_line    0x00002950      0xf2b ./Drivers/STM32H7xx_HAL_Driver/Src/stm32h7xx_hal.o
 .debug_line    0x0000387b     0x27be ./Drivers/STM32H7xx_HAL_Driver/Src/stm32h7xx_hal_adc.o
 .debug_line    0x00006039     0x224d ./Drivers/STM32H7xx_HAL_Driver/Src/stm32h7xx_hal_adc_ex.o
 .debug_line    0x00008286      0xe84 ./Drivers/STM32H7xx_HAL_Driver/Src/stm32h7xx_hal_cortex.o
 .debug_line    0x0000910a     0x281e ./Drivers/STM32H7xx_HAL_Driver/Src/stm32h7xx_hal_dma.o
 .debug_line    0x0000b928      0xd0f ./Drivers/STM32H7xx_HAL_Driver/Src/stm32h7xx_hal_gpio.o
 .debug_line    0x0000c637      0xf69 ./Drivers/STM32H7xx_HAL_Driver/Src/stm32h7xx_hal_pwr_ex.o
 .debug_line    0x0000d5a0     0x14a8 ./Drivers/STM32H7xx_HAL_Driver/Src/stm32h7xx_hal_rcc.o
 .debug_line    0x0000ea48     0x1d5c ./Drivers/STM32H7xx_HAL_Driver/Src/stm32h7xx_hal_rcc_ex.o

.debug_str      0x00000000   0x1502cc
 .debug_str     0x00000000   0x1502cc ./Core/Src/main.o
                             0x14cb90 (size before relaxing)
 .debug_str     0x001502cc        0x0 ./Core/Src/stm32h7xx_hal_msp.o
                             0x14c8f9 (size before relaxing)
 .debug_str     0x001502cc        0x0 ./Core/Src/stm32h7xx_it.o
                             0x14bb4c (size before relaxing)
 .debug_str     0x001502cc        0x0 ./Core/Src/system_stm32h7xx.o
                             0x14b8d3 (size before relaxing)
 .debug_str     0x001502cc        0x0 ./Core/Startup/startup_stm32h723zgtx.o
                                 0x8a (size before relaxing)
 .debug_str     0x001502cc        0x0 ./Drivers/STM32H7xx_HAL_Driver/Src/stm32h7xx_hal.o
                             0x14c91e (size before relaxing)
 .debug_str     0x001502cc        0x0 ./Drivers/STM32H7xx_HAL_Driver/Src/stm32h7xx_hal_adc.o
                             0x14c943 (size before relaxing)
 .debug_str     0x001502cc        0x0 ./Drivers/STM32H7xx_HAL_Driver/Src/stm32h7xx_hal_adc_ex.o
                             0x14c863 (size before relaxing)
 .debug_str     0x001502cc        0x0 ./Drivers/STM32H7xx_HAL_Driver/Src/stm32h7xx_hal_cortex.o
                             0x14c238 (size before relaxing)
 .debug_str     0x001502cc        0x0 ./Drivers/STM32H7xx_HAL_Driver/Src/stm32h7xx_hal_dma.o
                             0x14c049 (size before relaxing)
 .debug_str     0x001502cc        0x0 ./Drivers/STM32H7xx_HAL_Driver/Src/stm32h7xx_hal_gpio.o
                             0x14b8df (size before relaxing)
 .debug_str     0x001502cc        0x0 ./Drivers/STM32H7xx_HAL_Driver/Src/stm32h7xx_hal_pwr_ex.o
                             0x14bce7 (size before relaxing)
 .debug_str     0x001502cc        0x0 ./Drivers/STM32H7xx_HAL_Driver/Src/stm32h7xx_hal_rcc.o
                             0x14bc62 (size before relaxing)
 .debug_str     0x001502cc        0x0 ./Drivers/STM32H7xx_HAL_Driver/Src/stm32h7xx_hal_rcc_ex.o
                             0x14c17a (size before relaxing)

.comment        0x00000000       0x43
 .comment       0x00000000       0x43 ./Core/Src/main.o
                                 0x44 (size before relaxing)
 .comment       0x00000043        0x0 ./Core/Src/stm32h7xx_hal_msp.o
                                 0x44 (size before relaxing)
 .comment       0x00000043        0x0 ./Core/Src/stm32h7xx_it.o
                                 0x44 (size before relaxing)
 .comment       0x00000043        0x0 ./Core/Src/system_stm32h7xx.o
                                 0x44 (size before relaxing)
 .comment       0x00000043        0x0 ./Drivers/STM32H7xx_HAL_Driver/Src/stm32h7xx_hal.o
                                 0x44 (size before relaxing)
 .comment       0x00000043        0x0 ./Drivers/STM32H7xx_HAL_Driver/Src/stm32h7xx_hal_adc.o
                                 0x44 (size before relaxing)
 .comment       0x00000043        0x0 ./Drivers/STM32H7xx_HAL_Driver/Src/stm32h7xx_hal_adc_ex.o
                                 0x44 (size before relaxing)
 .comment       0x00000043        0x0 ./Drivers/STM32H7xx_HAL_Driver/Src/stm32h7xx_hal_cortex.o
                                 0x44 (size before relaxing)
 .comment       0x00000043        0x0 ./Drivers/STM32H7xx_HAL_Driver/Src/stm32h7xx_hal_dma.o
                                 0x44 (size before relaxing)
 .comment       0x00000043        0x0 ./Drivers/STM32H7xx_HAL_Driver/Src/stm32h7xx_hal_gpio.o
                                 0x44 (size before relaxing)
 .comment       0x00000043        0x0 ./Drivers/STM32H7xx_HAL_Driver/Src/stm32h7xx_hal_pwr_ex.o
                                 0x44 (size before relaxing)
 .comment       0x00000043        0x0 ./Drivers/STM32H7xx_HAL_Driver/Src/stm32h7xx_hal_rcc.o
                                 0x44 (size before relaxing)
 .comment       0x00000043        0x0 ./Drivers/STM32H7xx_HAL_Driver/Src/stm32h7xx_hal_rcc_ex.o
                                 0x44 (size before relaxing)

.debug_frame    0x00000000     0x3438
 .debug_frame   0x00000000      0x168 ./Core/Src/main.o
 .debug_frame   0x00000168       0x84 ./Core/Src/stm32h7xx_hal_msp.o
 .debug_frame   0x000001ec      0x13c ./Core/Src/stm32h7xx_it.o
 .debug_frame   0x00000328       0x78 ./Core/Src/system_stm32h7xx.o
 .debug_frame   0x000003a0      0x760 ./Drivers/STM32H7xx_HAL_Driver/Src/stm32h7xx_hal.o
 .debug_frame   0x00000b00      0xb68 ./Drivers/STM32H7xx_HAL_Driver/Src/stm32h7xx_hal_adc.o
 .debug_frame   0x00001668      0x92c ./Drivers/STM32H7xx_HAL_Driver/Src/stm32h7xx_hal_adc_ex.o
 .debug_frame   0x00001f94      0x508 ./Drivers/STM32H7xx_HAL_Driver/Src/stm32h7xx_hal_cortex.o
 .debug_frame   0x0000249c      0x2b4 ./Drivers/STM32H7xx_HAL_Driver/Src/stm32h7xx_hal_dma.o
 .debug_frame   0x00002750      0x14c ./Drivers/STM32H7xx_HAL_Driver/Src/stm32h7xx_hal_gpio.o
 .debug_frame   0x0000289c      0x540 ./Drivers/STM32H7xx_HAL_Driver/Src/stm32h7xx_hal_pwr_ex.o
 .debug_frame   0x00002ddc      0x1fc ./Drivers/STM32H7xx_HAL_Driver/Src/stm32h7xx_hal_rcc.o
 .debug_frame   0x00002fd8      0x414 ./Drivers/STM32H7xx_HAL_Driver/Src/stm32h7xx_hal_rcc_ex.o
 .debug_frame   0x000033ec       0x20 C:/ST/STM32CubeIDE_2.0.0/STM32CubeIDE/plugins/com.st.stm32cube.ide.mcu.externaltools.gnu-tools-for-stm32.13.3.rel1.win32_1.0.100.202509120712/tools/bin/../lib/gcc/arm-none-eabi/13.3.1/../../../../arm-none-eabi/lib/thumb/v7e-m+dp/hard\libc_nano.a(libc_a-memset.o)
 .debug_frame   0x0000340c       0x2c C:/ST/STM32CubeIDE_2.0.0/STM32CubeIDE/plugins/com.st.stm32cube.ide.mcu.externaltools.gnu-tools-for-stm32.13.3.rel1.win32_1.0.100.202509120712/tools/bin/../lib/gcc/arm-none-eabi/13.3.1/../../../../arm-none-eabi/lib/thumb/v7e-m+dp/hard\libc_nano.a(libc_a-init.o)

.debug_line_str
                0x00000000       0x6e
 .debug_line_str
                0x00000000       0x6e ./Core/Startup/startup_stm32h723zgtx.o
