../Core/Src/Ethernet/W5500_MQTT.c:15:13:W5500_Select	8	static
../Core/Src/Ethernet/W5500_MQTT.c:20:13:W5500_Unselect	8	static
../Core/Src/Ethernet/W5500_MQTT.c:25:13:W5500_WriteByte	32	static
../Core/Src/Ethernet/W5500_MQTT.c:32:16:W5500_ReadByte	24	static
../Core/Src/Ethernet/W5500_MQTT.c:40:13:W5500_WriteBurst	16	static
../Core/Src/Ethernet/W5500_MQTT.c:45:13:W5500_ReadBurst	16	static
../Core/Src/Ethernet/W5500_MQTT.c:50:9:W5500_Hardware_Init	16	static
../Core/Src/Ethernet/W5500_MQTT.c:70:6:TimerInit	16	static
../Core/Src/Ethernet/W5500_MQTT.c:75:6:TimerIsExpired	32	static
../Core/Src/Ethernet/W5500_MQTT.c:81:6:TimerCountdownMS	16	static
../Core/Src/Ethernet/W5500_MQTT.c:86:6:TimerCountdown	16	static
../Core/Src/Ethernet/W5500_MQTT.c:91:5:TimerLeftMS	32	static
../Core/Src/Ethernet/W5500_MQTT.c:97:12:mqtt_read	48	static
../Core/Src/Ethernet/W5500_MQTT.c:118:12:mqtt_write	40	static
../Core/Src/Ethernet/W5500_MQTT.c:134:6:NetworkInit	16	static
../Core/Src/Ethernet/W5500_MQTT.c:141:6:NetworkDisconnect	16	static
../Core/Src/Ethernet/W5500_MQTT.c:154:13:cb_ip_assign	40	static
../Core/Src/Ethernet/W5500_MQTT.c:167:13:cb_ip_conflict	4	static
../Core/Src/Ethernet/W5500_MQTT.c:172:6:W5500_DHCP_Init	24	static
../Core/Src/Ethernet/W5500_MQTT.c:180:9:W5500_DHCP_Run	16	static
../Core/Src/Ethernet/W5500_MQTT.c:200:9:W5500_DNS_Resolve	40	static
