../Core/Src/main.c:87:6:MLX90640_Setup	64	static
../Core/Src/main.c:113:6:MLX90640_Process_MQTT	56	static
../Core/Src/main.c:171:5:main	440	static
../Core/Src/main.c:358:6:SystemClock_Config	120	static
../Core/Src/main.c:418:13:MX_I2C1_Init	8	static
../Core/Src/main.c:470:13:MX_SPI1_Init	8	static
../Core/Src/main.c:518:13:MX_USART1_UART_Init	8	static
../Core/Src/main.c:566:13:MX_GPIO_Init	40	static
../Core/Src/main.c:602:6:MPU_Config	24	static
../Core/Src/main.c:633:6:Error_Handler	4	static,ignoring_inline_asm
