../Core/Src/main.c:87:6:MLX90640_Setup	64	static
../Core/Src/main.c:113:6:MLX90640_Process_MQTT	56	static
../Core/Src/main.c:174:5:main	440	static
../Core/Src/main.c:362:6:SystemClock_Config	120	static
../Core/Src/main.c:422:13:MX_I2C1_Init	8	static
../Core/Src/main.c:474:13:MX_SPI1_Init	8	static
../Core/Src/main.c:522:13:MX_USART1_UART_Init	8	static
../Core/Src/main.c:570:13:MX_GPIO_Init	40	static
../Core/Src/main.c:606:6:MPU_Config	24	static
../Core/Src/main.c:637:6:Error_Handler	4	static,ignoring_inline_asm
