../Core/Src/W5500_MQTT.c:14:13:W5500_Select	8	static
../Core/Src/W5500_MQTT.c:19:13:W5500_Unselect	8	static
../Core/Src/W5500_MQTT.c:24:13:W5500_WriteByte	32	static
../Core/Src/W5500_MQTT.c:31:16:W5500_ReadByte	24	static
../Core/Src/W5500_MQTT.c:39:13:W5500_WriteBurst	16	static
../Core/Src/W5500_MQTT.c:44:13:W5500_ReadBurst	16	static
../Core/Src/W5500_MQTT.c:49:9:W5500_Hardware_Init	24	static
../Core/Src/W5500_MQTT.c:74:6:TimerInit	16	static
../Core/Src/W5500_MQTT.c:79:6:TimerIsExpired	32	static
../Core/Src/W5500_MQTT.c:85:6:TimerCountdownMS	16	static
../Core/Src/W5500_MQTT.c:90:6:TimerCountdown	16	static
../Core/Src/W5500_MQTT.c:95:5:TimerLeftMS	32	static
../Core/Src/W5500_MQTT.c:101:12:mqtt_read	48	static
../Core/Src/W5500_MQTT.c:122:12:mqtt_write	40	static
../Core/Src/W5500_MQTT.c:138:6:NetworkInit	16	static
../Core/Src/W5500_MQTT.c:145:6:NetworkDisconnect	16	static
../Core/Src/W5500_MQTT.c:158:13:cb_ip_assign	40	static
../Core/Src/W5500_MQTT.c:171:13:cb_ip_conflict	4	static
../Core/Src/W5500_MQTT.c:176:6:W5500_DHCP_Init	24	static
../Core/Src/W5500_MQTT.c:184:9:W5500_DHCP_Run	16	static
../Core/Src/W5500_MQTT.c:194:9:W5500_DNS_Resolve	40	static
