../Core/Src/main.c:80:5:main	8	static
../Core/Src/main.c:133:6:SystemClock_Config	120	static
../Core/Src/main.c:193:13:MX_ADC1_Init	48	static
../Core/Src/main.c:262:13:MX_I2C1_Init	8	static
../Core/Src/main.c:310:13:MX_I2C2_Init	8	static
../Core/Src/main.c:358:13:MX_I2C3_Init	8	static
../Core/Src/main.c:406:13:MX_SPI1_Init	8	static
../Core/Src/main.c:454:13:MX_USART1_UART_Init	8	static
../Core/Src/main.c:502:13:MX_GPIO_Init	24	static
../Core/Src/main.c:525:6:MPU_Config	24	static
../Core/Src/main.c:556:6:Error_Handler	4	static,ignoring_inline_asm
