../Core/Src/main.c:128:9:Connect_ThingsBoard	120	static
../Core/Src/main.c:168:6:SHT30_Process	152	static
../Core/Src/main.c:216:6:MLX90640_Setup	200	static
../Core/Src/main.c:266:6:MLX90640_Process	144	static
../Core/Src/main.c:334:5:main	48	static
../Core/Src/main.c:459:6:SystemClock_Config	120	static
../Core/Src/main.c:519:13:MX_ADC1_Init	48	static
../Core/Src/main.c:588:13:MX_I2C1_Init	8	static
../Core/Src/main.c:636:13:MX_I2C2_Init	8	static
../Core/Src/main.c:684:13:MX_I2C3_Init	8	static
../Core/Src/main.c:732:13:MX_SPI1_Init	8	static
../Core/Src/main.c:780:13:MX_USART1_UART_Init	8	static
../Core/Src/main.c:826:13:MX_DMA_Init	16	static
../Core/Src/main.c:844:13:MX_GPIO_Init	48	static
../Core/Src/main.c:889:6:MPU_Config	24	static
../Core/Src/main.c:920:6:Error_Handler	4	static,ignoring_inline_asm
