../Core/Src/main.c:67:6:Process_Audio_Chunk	24	static
../Core/Src/main.c:86:6:HAL_ADC_ConvHalfCpltCallback	16	static
../Core/Src/main.c:95:6:HAL_ADC_ConvCpltCallback	16	static
../Core/Src/main.c:108:5:main	8	static
../Core/Src/main.c:164:6:SystemClock_Config	120	static
../Core/Src/main.c:224:13:MX_ADC1_Init	56	static
../Core/Src/main.c:291:13:MX_DMA_Init	16	static
../Core/Src/main.c:309:13:MX_GPIO_Init	48	static
../Core/Src/main.c:343:6:MPU_Config	24	static
../Core/Src/main.c:374:6:Error_Handler	4	static,ignoring_inline_asm
