../Core/Src/main.c:66:6:Process_Audio_Chunk	24	static
../Core/Src/main.c:85:6:HAL_ADC_ConvHalfCpltCallback	16	static
../Core/Src/main.c:94:6:HAL_ADC_ConvCpltCallback	16	static
../Core/Src/main.c:107:5:main	8	static
../Core/Src/main.c:157:6:SystemClock_Config	120	static
../Core/Src/main.c:217:13:MX_ADC1_Init	56	static
../Core/Src/main.c:284:13:MX_DMA_Init	16	static
../Core/Src/main.c:302:13:MX_GPIO_Init	24	static
../Core/Src/main.c:324:6:MPU_Config	24	static
../Core/Src/main.c:355:6:Error_Handler	4	static,ignoring_inline_asm
