../Core/Src/OLED/SH1106.c:59:9:SH1106_Init	16	static
../Core/Src/OLED/SH1106.c:115:6:SH1106_UpdateScreen	16	static
../Core/Src/OLED/SH1106.c:128:6:SH1106_ToggleInvert	16	static
../Core/Src/OLED/SH1106.c:140:6:SH1106_Fill	16	static
../Core/Src/OLED/SH1106.c:145:6:SH1106_DrawPixel	16	static
../Core/Src/OLED/SH1106.c:167:6:SH1106_GotoXY	16	static
../Core/Src/OLED/SH1106.c:173:6:SH1106_Putc	32	static
../Core/Src/OLED/SH1106.c:204:6:SH1106_Puts	24	static
../Core/Src/OLED/SH1106.c:221:6:SH1106_Write	24	static
../Core/Src/OLED/SH1106.c:228:6:SH1106_DrawLine	40	static
../Core/Src/OLED/SH1106.c:312:6:SH1106_DrawRectangle	32	static
../Core/Src/OLED/SH1106.c:337:6:SH1106_DrawFilledRectangle	40	static
../Core/Src/OLED/SH1106.c:364:6:SH1106_DrawTriangle	32	static
../Core/Src/OLED/SH1106.c:372:6:SH1106_DrawFilledTriangle	64	static
../Core/Src/OLED/SH1106.c:428:6:SH1106_DrawCircle	40	static
../Core/Src/OLED/SH1106.c:462:6:SH1106_DrawFilledCircle	48	static
../Core/Src/OLED/SH1106.c:495:6:SH1106_Clear	8	static
../Core/Src/OLED/SH1106.c:500:6:SH1106_ON	8	static
../Core/Src/OLED/SH1106.c:505:6:SH1106_OFF	8	static
../Core/Src/OLED/SH1106.c:511:6:SH1106_I2C_WriteMulti	296	static
../Core/Src/OLED/SH1106.c:521:6:SH1106_I2C_Write	32	static
../Core/Src/OLED/SH1106.c:528:6:SH1106_InvertDisplay	16	static
../Core/Src/OLED/SH1106.c:537:6:SH1106_DrawBitmap	32	static
