../Core/Src/main.c:74:6:MLX90640_Setup	64	static
../Core/Src/main.c:101:6:MLX90640_Process	40	static
../Core/Src/main.c:144:5:main	8	static
../Core/Src/main.c:194:6:SystemClock_Config	120	static
../Core/Src/main.c:254:13:MX_I2C1_Init	8	static
../Core/Src/main.c:306:13:MX_UART4_Init	8	static
../Core/Src/main.c:352:13:MX_DMA_Init	16	static
../Core/Src/main.c:370:13:MX_GPIO_Init	24	static
../Core/Src/main.c:392:6:MPU_Config	24	static
../Core/Src/main.c:423:6:Error_Handler	4	static,ignoring_inline_asm
