../Core/Src/main.c:75:6:MLX90640_Setup	424	static
../Core/Src/main.c:146:6:MLX90640_Process	160	static
../Core/Src/main.c:215:5:main	8	static
../Core/Src/main.c:265:6:SystemClock_Config	120	static
../Core/Src/main.c:325:13:MX_I2C1_Init	8	static
../Core/Src/main.c:377:13:MX_UART4_Init	8	static
../Core/Src/main.c:423:13:MX_DMA_Init	16	static
../Core/Src/main.c:441:13:MX_GPIO_Init	24	static
../Core/Src/main.c:463:6:MPU_Config	24	static
../Core/Src/main.c:494:6:Error_Handler	4	static,ignoring_inline_asm
